Archive member included to satisfy reference by file (symbol)

/Applications/STM32CubeIDE.app/Contents/Eclipse/plugins/com.st.stm32cube.ide.mcu.externaltools.gnu-tools-for-stm32.12.3.rel1.macos64_1.0.100.202403111906/tools/bin/../lib/gcc/arm-none-eabi/12.3.1/../../../../arm-none-eabi/lib/thumb/v7e-m+dp/hard/libc_nano.a(libc_a-exit.o)
                              /Applications/STM32CubeIDE.app/Contents/Eclipse/plugins/com.st.stm32cube.ide.mcu.externaltools.gnu-tools-for-stm32.12.3.rel1.macos64_1.0.100.202403111906/tools/bin/../lib/gcc/arm-none-eabi/12.3.1/../../../../arm-none-eabi/lib/thumb/v7e-m+dp/hard/crt0.o (exit)
/Applications/STM32CubeIDE.app/Contents/Eclipse/plugins/com.st.stm32cube.ide.mcu.externaltools.gnu-tools-for-stm32.12.3.rel1.macos64_1.0.100.202403111906/tools/bin/../lib/gcc/arm-none-eabi/12.3.1/../../../../arm-none-eabi/lib/thumb/v7e-m+dp/hard/libc_nano.a(libc_a-findfp.o)
                              /Applications/STM32CubeIDE.app/Contents/Eclipse/plugins/com.st.stm32cube.ide.mcu.externaltools.gnu-tools-for-stm32.12.3.rel1.macos64_1.0.100.202403111906/tools/bin/../lib/gcc/arm-none-eabi/12.3.1/../../../../arm-none-eabi/lib/thumb/v7e-m+dp/hard/libc_nano.a(libc_a-exit.o) (__stdio_exit_handler)
/Applications/STM32CubeIDE.app/Contents/Eclipse/plugins/com.st.stm32cube.ide.mcu.externaltools.gnu-tools-for-stm32.12.3.rel1.macos64_1.0.100.202403111906/tools/bin/../lib/gcc/arm-none-eabi/12.3.1/../../../../arm-none-eabi/lib/thumb/v7e-m+dp/hard/libc_nano.a(libc_a-fwalk.o)
                              /Applications/STM32CubeIDE.app/Contents/Eclipse/plugins/com.st.stm32cube.ide.mcu.externaltools.gnu-tools-for-stm32.12.3.rel1.macos64_1.0.100.202403111906/tools/bin/../lib/gcc/arm-none-eabi/12.3.1/../../../../arm-none-eabi/lib/thumb/v7e-m+dp/hard/libc_nano.a(libc_a-findfp.o) (_fwalk_sglue)
/Applications/STM32CubeIDE.app/Contents/Eclipse/plugins/com.st.stm32cube.ide.mcu.externaltools.gnu-tools-for-stm32.12.3.rel1.macos64_1.0.100.202403111906/tools/bin/../lib/gcc/arm-none-eabi/12.3.1/../../../../arm-none-eabi/lib/thumb/v7e-m+dp/hard/libc_nano.a(libc_a-memset.o)
                              /Applications/STM32CubeIDE.app/Contents/Eclipse/plugins/com.st.stm32cube.ide.mcu.externaltools.gnu-tools-for-stm32.12.3.rel1.macos64_1.0.100.202403111906/tools/bin/../lib/gcc/arm-none-eabi/12.3.1/../../../../arm-none-eabi/lib/thumb/v7e-m+dp/hard/crt0.o (memset)
/Applications/STM32CubeIDE.app/Contents/Eclipse/plugins/com.st.stm32cube.ide.mcu.externaltools.gnu-tools-for-stm32.12.3.rel1.macos64_1.0.100.202403111906/tools/bin/../lib/gcc/arm-none-eabi/12.3.1/../../../../arm-none-eabi/lib/thumb/v7e-m+dp/hard/libc_nano.a(libc_a-impure.o)
                              /Applications/STM32CubeIDE.app/Contents/Eclipse/plugins/com.st.stm32cube.ide.mcu.externaltools.gnu-tools-for-stm32.12.3.rel1.macos64_1.0.100.202403111906/tools/bin/../lib/gcc/arm-none-eabi/12.3.1/../../../../arm-none-eabi/lib/thumb/v7e-m+dp/hard/libc_nano.a(libc_a-findfp.o) (_impure_data)
/Applications/STM32CubeIDE.app/Contents/Eclipse/plugins/com.st.stm32cube.ide.mcu.externaltools.gnu-tools-for-stm32.12.3.rel1.macos64_1.0.100.202403111906/tools/bin/../lib/gcc/arm-none-eabi/12.3.1/../../../../arm-none-eabi/lib/thumb/v7e-m+dp/hard/libc_nano.a(libc_a-errno.o)
                              ./Core/Src/syscalls.o (__errno)
/Applications/STM32CubeIDE.app/Contents/Eclipse/plugins/com.st.stm32cube.ide.mcu.externaltools.gnu-tools-for-stm32.12.3.rel1.macos64_1.0.100.202403111906/tools/bin/../lib/gcc/arm-none-eabi/12.3.1/../../../../arm-none-eabi/lib/thumb/v7e-m+dp/hard/libc_nano.a(libc_a-init.o)
                              /Applications/STM32CubeIDE.app/Contents/Eclipse/plugins/com.st.stm32cube.ide.mcu.externaltools.gnu-tools-for-stm32.12.3.rel1.macos64_1.0.100.202403111906/tools/bin/../lib/gcc/arm-none-eabi/12.3.1/../../../../arm-none-eabi/lib/thumb/v7e-m+dp/hard/crt0.o (__libc_init_array)
/Applications/STM32CubeIDE.app/Contents/Eclipse/plugins/com.st.stm32cube.ide.mcu.externaltools.gnu-tools-for-stm32.12.3.rel1.macos64_1.0.100.202403111906/tools/bin/../lib/gcc/arm-none-eabi/12.3.1/../../../../arm-none-eabi/lib/thumb/v7e-m+dp/hard/libc_nano.a(libc_a-lock.o)
                              /Applications/STM32CubeIDE.app/Contents/Eclipse/plugins/com.st.stm32cube.ide.mcu.externaltools.gnu-tools-for-stm32.12.3.rel1.macos64_1.0.100.202403111906/tools/bin/../lib/gcc/arm-none-eabi/12.3.1/../../../../arm-none-eabi/lib/thumb/v7e-m+dp/hard/libc_nano.a(libc_a-findfp.o) (__retarget_lock_init_recursive)
/Applications/STM32CubeIDE.app/Contents/Eclipse/plugins/com.st.stm32cube.ide.mcu.externaltools.gnu-tools-for-stm32.12.3.rel1.macos64_1.0.100.202403111906/tools/bin/../lib/gcc/arm-none-eabi/12.3.1/../../../../arm-none-eabi/lib/thumb/v7e-m+dp/hard/libc_nano.a(libc_a-mallocr.o)
[...]
Memory Configuration

Name             Origin             Length             Attributes
RAM              0x20000000         0x00080000         xrw
FLASH            0x08000000         0x00200000         xr
*default*        0x00000000         0xffffffff

Linker script and memory map

LOAD /Applications/STM32CubeIDE.app/Contents/Eclipse/plugins/com.st.stm32cube.ide.mcu.externaltools.gnu-tools-for-stm32.12.3.rel1.macos64_1.0.100.202403111906/tools/bin/../lib/gcc/arm-none-eabi/12.3.1/thumb/v7e-m+dp/hard/crti.o
LOAD /Applications/STM32CubeIDE.app/Contents/Eclipse/plugins/com.st.stm32cube.ide.mcu.externaltools.gnu-tools-for-stm32.12.3.rel1.macos64_1.0.100.202403111906/tools/bin/../lib/gcc/arm-none-eabi/12.3.1/thumb/v7e-m+dp/hard/crtbegin.o
LOAD /Applications/STM32CubeIDE.app/Contents/Eclipse/plugins/com.st.stm32cube.ide.mcu.externaltools.gnu-tools-for-stm32.12.3.rel1.macos64_1.0.100.202403111906/tools/bin/../lib/gcc/arm-none-eabi/12.3.1/../../../../arm-none-eabi/lib/thumb/v7e-m+dp/hard/crt0.o
LOAD ./Core/Src/ece5210.o
LOAD ./Core/Src/main.o
LOAD ./Core/Src/myaudio.o
LOAD ./Core/Src/stm32f7xx_hal_msp.o
LOAD ./Core/Src/stm32f7xx_it.o
LOAD ./Core/Src/syscalls.o
LOAD ./Core/Src/system_stm32f7xx.o
LOAD ./Core/Startup/startup_stm32f769nihx.o
LOAD ./Drivers/BSP/Components/wm8994/wm8994.o
LOAD ./Drivers/BSP/STM32F769I-Discovery/stm32f769i_discovery.o
LOAD ./Drivers/STM32F7xx_HAL_Driver/Src/stm32f7xx_hal.o
LOAD ./Drivers/STM32F7xx_HAL_Driver/Src/stm32f7xx_hal_cortex.o
LOAD ./Drivers/STM32F7xx_HAL_Driver/Src/stm32f7xx_hal_dfsdm.o
LOAD ./Drivers/STM32F7xx_HAL_Driver/Src/stm32f7xx_hal_dma.o
LOAD ./Drivers/STM32F7xx_HAL_Driver/Src/stm32f7xx_hal_dma_ex.o
LOAD ./Drivers/STM32F7xx_HAL_Driver/Src/stm32f7xx_hal_flash.o
LOAD ./Drivers/STM32F7xx_HAL_Driver/Src/stm32f7xx_hal_flash_ex.o
LOAD ./Drivers/STM32F7xx_HAL_Driver/Src/stm32f7xx_hal_gpio.o
LOAD ./Drivers/STM32F7xx_HAL_Driver/Src/stm32f7xx_hal_i2c.o
LOAD ./Drivers/STM32F7xx_HAL_Driver/Src/stm32f7xx_hal_i2c_ex.o
LOAD ./Drivers/STM32F7xx_HAL_Driver/Src/stm32f7xx_hal_pwr.o
LOAD ./Drivers/STM32F7xx_HAL_Driver/Src/stm32f7xx_hal_pwr_ex.o
LOAD ./Drivers/STM32F7xx_HAL_Driver/Src/stm32f7xx_hal_rcc.o
LOAD ./Drivers/STM32F7xx_HAL_Driver/Src/stm32f7xx_hal_rcc_ex.o
LOAD ./Drivers/STM32F7xx_HAL_Driver/Src/stm32f7xx_hal_sai.o
LOAD ./Drivers/STM32F7xx_HAL_Driver/Src/stm32f7xx_hal_sai_ex.o
LOAD ./Drivers/STM32F7xx_HAL_Driver/Src/stm32f7xx_hal_tim.o
LOAD ./Drivers/STM32F7xx_HAL_Driver/Src/stm32f7xx_hal_tim_ex.o
LOAD ./Drivers/STM32F7xx_HAL_Driver/Src/stm32f7xx_hal_uart.o
START GROUP
LOAD /Applications/STM32CubeIDE.app/Contents/Eclipse/plugins/com.st.stm32cube.ide.mcu.externaltools.gnu-tools-for-stm32.12.3.rel1.macos64_1.0.100.202403111906/tools/bin/../lib/gcc/arm-none-eabi/12.3.1/../../../../arm-none-eabi/lib/thumb/v7e-m+dp/hard/libc_nano.a
LOAD /Applications/STM32CubeIDE.app/Contents/Eclipse/plugins/com.st.stm32cube.ide.mcu.externaltools.gnu-tools-for-stm32.12.3.rel1.macos64_1.0.100.202403111906/tools/bin/../lib/gcc/arm-none-eabi/12.3.1/../../../../arm-none-eabi/lib/thumb/v7e-m+dp/hard/libm.a
END GROUP
START GROUP
LOAD /Applications/STM32CubeIDE.app/Contents/Eclipse/plugins/com.st.stm32cube.ide.mcu.externaltools.gnu-tools-for-stm32.12.3.rel1.macos64_1.0.100.202403111906/tools/bin/../lib/gcc/arm-none-eabi/12.3.1/thumb/v7e-m+dp/hard/libgcc.a
LOAD /Applications/STM32CubeIDE.app/Contents/Eclipse/plugins/com.st.stm32cube.ide.mcu.externaltools.gnu-tools-for-stm32.12.3.rel1.macos64_1.0.100.202403111906/tools/bin/../lib/gcc/arm-none-eabi/12.3.1/../../../../arm-none-eabi/lib/thumb/v7e-m+dp/hard/libc_nano.a
END GROUP
START GROUP
LOAD /Applications/STM32CubeIDE.app/Contents/Eclipse/plugins/com.st.stm32cube.ide.mcu.externaltools.gnu-tools-for-stm32.12.3.rel1.macos64_1.0.100.202403111906/tools/bin/../lib/gcc/arm-none-eabi/12.3.1/thumb/v7e-m+dp/hard/libgcc.a
LOAD /Applications/STM32CubeIDE.app/Contents/Eclipse/plugins/com.st.stm32cube.ide.mcu.externaltools.gnu-tools-for-stm32.12.3.rel1.macos64_1.0.100.202403111906/tools/bin/../lib/gcc/arm-none-eabi/12.3.1/../../../../arm-none-eabi/lib/thumb/v7e-m+dp/hard/libc_nano.a
LOAD /Applications/STM32CubeIDE.app/Contents/Eclipse/plugins/com.st.stm32cube.ide.mcu.externaltools.gnu-tools-for-stm32.12.3.rel1.macos64_1.0.100.202403111906/tools/bin/../lib/gcc/arm-none-eabi/12.3.1/../../../../arm-none-eabi/lib/thumb/v7e-m+dp/hard/libnosys.a
END GROUP
START GROUP
LOAD /Applications/STM32CubeIDE.app/Contents/Eclipse/plugins/com.st.stm32cube.ide.mcu.externaltools.gnu-tools-for-stm32.12.3.rel1.macos64_1.0.100.202403111906/tools/bin/../lib/gcc/arm-none-eabi/12.3.1/thumb/v7e-m+dp/hard/libgcc.a
LOAD /Applications/STM32CubeIDE.app/Contents/Eclipse/plugins/com.st.stm32cube.ide.mcu.externaltools.gnu-tools-for-stm32.12.3.rel1.macos64_1.0.100.202403111906/tools/bin/../lib/gcc/arm-none-eabi/12.3.1/../../../../arm-none-eabi/lib/thumb/v7e-m+dp/hard/libc_nano.a
LOAD /Applications/STM32CubeIDE.app/Contents/Eclipse/plugins/com.st.stm32cube.ide.mcu.externaltools.gnu-tools-for-stm32.12.3.rel1.macos64_1.0.100.202403111906/tools/bin/../lib/gcc/arm-none-eabi/12.3.1/../../../../arm-none-eabi/lib/thumb/v7e-m+dp/hard/libnosys.a
END GROUP
LOAD /Applications/STM32CubeIDE.app/Contents/Eclipse/plugins/com.st.stm32cube.ide.mcu.externaltools.gnu-tools-for-stm32.12.3.rel1.macos64_1.0.100.202403111906/tools/bin/../lib/gcc/arm-none-eabi/12.3.1/thumb/v7e-m+dp/hard/crtend.o
LOAD /Applications/STM32CubeIDE.app/Contents/Eclipse/plugins/com.st.stm32cube.ide.mcu.externaltools.gnu-tools-for-stm32.12.3.rel1.macos64_1.0.100.202403111906/tools/bin/../lib/gcc/arm-none-eabi/12.3.1/thumb/v7e-m+dp/hard/crtn.o
                0x20080000                        _estack = (ORIGIN (RAM) + LENGTH (RAM))
                0x00000200                        _Min_Heap_Size = 0x200
                0x00000400                        _Min_Stack_Size = 0x400

.isr_vector     0x08000000      0x1f8
                0x08000000                        . = ALIGN (0x4)
 *(.isr_vector)
 .isr_vector    0x08000000      0x1f8 ./Core/Startup/startup_stm32f769nihx.o
                0x08000000                g_pfnVectors
                0x080001f8                        . = ALIGN (0x4)

.text           0x080001f8     0x67fc
                0x080001f8                        . = ALIGN (0x4)
 *(.text)
 .text          0x080001f8       0x40 /Applications/STM32CubeIDE.app/Contents/Eclipse/plugins/com.st.stm32cube.ide.mcu.externaltools.gnu-tools-for-stm32.12.3.rel1.macos64_1.0.100.202403111906/tools/bin/../lib/gcc/arm-none-eabi/12.3.1/thumb/v7e-m+dp/hard/crtbegin.o
 .text          0x08000238      0x378 /Applications/STM32CubeIDE.app/Contents/Eclipse/plugins/com.st.stm32cube.ide.mcu.externaltools.gnu-tools-for-stm32.12.3.rel1.macos64_1.0.100.202403111906/tools/bin/../lib/gcc/arm-none-eabi/12.3.1/thumb/v7e-m+dp/hard/libgcc.a(_arm_addsubdf3.o)
                0x08000238                __aeabi_drsub
                0x08000240                __subdf3
                0x08000240                __aeabi_dsub
                0x08000244                __aeabi_dadd
                0x08000244                __adddf3
                0x080004bc                __aeabi_ui2d
                0x080004bc                __floatunsidf
                0x080004dc                __floatsidf
                0x080004dc                __aeabi_i2d
                0x08000500                __extendsfdf2
                0x08000500                __aeabi_f2d
                0x08000544                __aeabi_ul2d
                0x08000544                __floatundidf
                0x08000554                __aeabi_l2d
                0x08000554                __floatdidf
 *(.text*)
 .text.init_firwin
                0x080005b0      0x1c0 ./Core/Src/ece5210.o
                0x080005b0                init_firwin
 .text.lpf      0x08000770       0xe4 ./Core/Src/ece5210.o
                0x08000770                lpf
 .text.hpf      0x08000854       0xe4 ./Core/Src/ece5210.o
                0x08000854                hpf
 .text.process_sample_left
                0x08000938       0x4c ./Core/Src/ece5210.o
                0x08000938                process_sample_left
 .text.process_sample_right
                0x08000984       0x4c ./Core/Src/ece5210.o
                0x08000984                process_sample_right
 .text.main     0x080009d0       0x2c ./Core/Src/main.o
                0x080009d0                main
 .text.SystemClock_Config
                0x080009fc      0x158 ./Core/Src/main.o
                0x080009fc                SystemClock_Config
 .text._Error_Handler
                0x08000b54        0xe ./Core/Src/main.o
                0x08000b54                _Error_Handler
 *fill*         0x08000b62        0x2 
 .text.audio_init
                0x08000b64      0x148 ./Core/Src/myaudio.o
                0x08000b64                audio_init
 .text.fill_buffer_with_square_wave
                0x08000cac       0x70 ./Core/Src/myaudio.o
 .text.ConvertSampleBufferToDMABuffer
                0x08000d1c       0x5c ./Core/Src/myaudio.o
 .text.ExtractSamplesFromDMABuffer
                0x08000d78       0x48 ./Core/Src/myaudio.o
 .text.CopySampleBuffer
                0x08000dc0       0x68 ./Core/Src/myaudio.o
 .text.My_SAI_ClockConfig
                0x08000e28       0x84 ./Core/Src/myaudio.o
 .text.My_AUDIO_OUT_MspInit
                0x08000eac      0x138 ./Core/Src/myaudio.o
 .text.My_SAI_Out_Init
                0x08000fe4       0xd0 ./Core/Src/myaudio.o
 .text.My_AUDIO_IN_MspInit
                0x080010b4      0x10c ./Core/Src/myaudio.o
 .text.My_SAI_In_Init
                0x080011c0       0xd8 ./Core/Src/myaudio.o
 .text.BSP_AUDIO_IN_TransferComplete_CallBack
                0x08001298       0x18 ./Core/Src/myaudio.o
                0x08001298                BSP_AUDIO_IN_TransferComplete_CallBack
 .text.BSP_AUDIO_IN_HalfTransfer_CallBack
                0x080012b0       0x18 ./Core/Src/myaudio.o
                0x080012b0                BSP_AUDIO_IN_HalfTransfer_CallBack
 .text.HAL_SAI_RxHalfCpltCallback
                0x080012c8       0x14 ./Core/Src/myaudio.o
                0x080012c8                HAL_SAI_RxHalfCpltCallback
 .text.HAL_SAI_RxCpltCallback
                0x080012dc       0x14 ./Core/Src/myaudio.o
                0x080012dc                HAL_SAI_RxCpltCallback
 .text.DMA2_Stream4_IRQHandler
                0x080012f0       0x18 ./Core/Src/myaudio.o
                0x080012f0                DMA2_Stream4_IRQHandler
 .text.DMA2_Stream1_IRQHandler
                0x08001308       0x18 ./Core/Src/myaudio.o
                0x08001308                DMA2_Stream1_IRQHandler
 .text.HAL_MspInit
                0x08001320       0x62 ./Core/Src/stm32f7xx_hal_msp.o
                0x08001320                HAL_MspInit
 .text.SysTick_Handler
                0x08001382       0x10 ./Core/Src/stm32f7xx_it.o
                0x08001382                SysTick_Handler
 *fill*         0x08001392        0x2 
 .text.SystemInit
                0x08001394       0x6c ./Core/Src/system_stm32f7xx.o
                0x08001394                SystemInit
 .text.Reset_Handler
                0x08001400       0x50 ./Core/Startup/startup_stm32f769nihx.o
                0x08001400                Reset_Handler
 .text.Default_Handler
                0x08001450        0x2 ./Core/Startup/startup_stm32f769nihx.o
                0x08001450                DMA1_Stream3_IRQHandler
                0x08001450                EXTI2_IRQHandler
                0x08001450                TIM8_CC_IRQHandler
                0x08001450                DebugMon_Handler
                0x08001450                UART8_IRQHandler
                0x08001450                SPI4_IRQHandler
                0x08001450                TIM1_CC_IRQHandler
                0x08001450                DMA2_Stream5_IRQHandler
                0x08001450                HardFault_Handler
                0x08001450                JPEG_IRQHandler
                0x08001450                DMA1_Stream5_IRQHandler
                0x08001450                CAN3_RX1_IRQHandler
                0x08001450                PVD_IRQHandler
                0x08001450                TAMP_STAMP_IRQHandler
                0x08001450                PendSV_Handler
                0x08001450                NMI_Handler
                0x08001450                CAN2_RX1_IRQHandler
                0x08001450                EXTI3_IRQHandler
                0x08001450                TIM8_TRG_COM_TIM14_IRQHandler
                0x08001450                DFSDM1_FLT1_IRQHandler
                0x08001450                TIM1_UP_TIM10_IRQHandler
                0x08001450                TIM8_UP_TIM13_IRQHandler
                0x08001450                I2C3_ER_IRQHandler
                0x08001450                DFSDM1_FLT2_IRQHandler
                0x08001450                EXTI0_IRQHandler
                0x08001450                I2C2_EV_IRQHandler
                0x08001450                DMA1_Stream2_IRQHandler
                0x08001450                CAN1_RX0_IRQHandler
                0x08001450                FPU_IRQHandler
                0x08001450                OTG_HS_WKUP_IRQHandler
                0x08001450                CAN3_SCE_IRQHandler
                0x08001450                UsageFault_Handler
                0x08001450                LTDC_ER_IRQHandler
                0x08001450                CAN2_SCE_IRQHandler
                0x08001450                DMA2_Stream2_IRQHandler
                0x08001450                SPI1_IRQHandler
                0x08001450                TIM6_DAC_IRQHandler
                0x08001450                TIM1_BRK_TIM9_IRQHandler
                0x08001450                DCMI_IRQHandler
                0x08001450                CAN2_RX0_IRQHandler
                0x08001450                DMA2_Stream3_IRQHandler
                0x08001450                SAI2_IRQHandler
                0x08001450                DFSDM1_FLT3_IRQHandler
                0x08001450                USART6_IRQHandler
                0x08001450                CAN3_RX0_IRQHandler
                0x08001450                USART3_IRQHandler
                0x08001450                CAN1_RX1_IRQHandler
                0x08001450                UART5_IRQHandler
                0x08001450                DMA2_Stream0_IRQHandler
                0x08001450                TIM4_IRQHandler
                0x08001450                QUADSPI_IRQHandler
                0x08001450                I2C1_EV_IRQHandler
                0x08001450                DMA1_Stream6_IRQHandler
                0x08001450                DMA1_Stream1_IRQHandler
                0x08001450                UART4_IRQHandler
                0x08001450                TIM3_IRQHandler
                0x08001450                RCC_IRQHandler
                0x08001450                TIM8_BRK_TIM12_IRQHandler
                0x08001450                Default_Handler
                0x08001450                CEC_IRQHandler
                0x08001450                EXTI15_10_IRQHandler
                0x08001450                ADC_IRQHandler
                0x08001450                DMA1_Stream7_IRQHandler
                0x08001450                SPI5_IRQHandler
                0x08001450                TIM7_IRQHandler
                0x08001450                SDMMC1_IRQHandler
                0x08001450                CAN2_TX_IRQHandler
                0x08001450                TIM5_IRQHandler
                0x08001450                DMA2_Stream7_IRQHandler
                0x08001450                I2C3_EV_IRQHandler
                0x08001450                EXTI9_5_IRQHandler
                0x08001450                RTC_WKUP_IRQHandler
                0x08001450                LTDC_IRQHandler
                0x08001450                ETH_WKUP_IRQHandler
                0x08001450                SPDIF_RX_IRQHandler
                0x08001450                SPI2_IRQHandler
                0x08001450                OTG_HS_EP1_IN_IRQHandler
                0x08001450                MemManage_Handler
                0x08001450                DMA1_Stream0_IRQHandler
                0x08001450                CAN1_TX_IRQHandler
                0x08001450                SVC_Handler
                0x08001450                EXTI4_IRQHandler
                0x08001450                RNG_IRQHandler
                0x08001450                DSI_IRQHandler
                0x08001450                ETH_IRQHandler
                0x08001450                OTG_HS_EP1_OUT_IRQHandler
                0x08001450                WWDG_IRQHandler
                0x08001450                SPI6_IRQHandler
                0x08001450                MDIOS_IRQHandler
                0x08001450                I2C4_EV_IRQHandler
                0x08001450                CAN3_TX_IRQHandler
                0x08001450                TIM2_IRQHandler
                0x08001450                OTG_FS_WKUP_IRQHandler
                0x08001450                TIM1_TRG_COM_TIM11_IRQHandler
                0x08001450                OTG_HS_IRQHandler
                0x08001450                DMA2D_IRQHandler
                0x08001450                EXTI1_IRQHandler
                0x08001450                SDMMC2_IRQHandler
                0x08001450                UART7_IRQHandler
                0x08001450                USART2_IRQHandler
                0x08001450                DFSDM1_FLT0_IRQHandler
                0x08001450                I2C2_ER_IRQHandler
                0x08001450                CAN1_SCE_IRQHandler
                0x08001450                FLASH_IRQHandler
                0x08001450                BusFault_Handler
                0x08001450                USART1_IRQHandler
                0x08001450                OTG_FS_IRQHandler
                0x08001450                SPI3_IRQHandler
                0x08001450                DMA1_Stream4_IRQHandler
                0x08001450                I2C1_ER_IRQHandler
                0x08001450                FMC_IRQHandler
                0x08001450                LPTIM1_IRQHandler
                0x08001450                I2C4_ER_IRQHandler
                0x08001450                DMA2_Stream6_IRQHandler
                0x08001450                SAI1_IRQHandler
                0x08001450                RTC_Alarm_IRQHandler
 *fill*         0x08001452        0x2 
 .text.wm8994_Init
                0x08001454      0xcc8 ./Drivers/BSP/Components/wm8994/wm8994.o
                0x08001454                wm8994_Init
 .text.wm8994_SetVolume
                0x0800211c      0x248 ./Drivers/BSP/Components/wm8994/wm8994.o
                0x0800211c                wm8994_SetVolume
 .text.wm8994_SetMute
                0x08002364       0x9c ./Drivers/BSP/Components/wm8994/wm8994.o
                0x08002364                wm8994_SetMute
 .text.CODEC_IO_Write
                0x08002400       0x2e ./Drivers/BSP/Components/wm8994/wm8994.o
 *fill*         0x0800242e        0x2 
 .text.BSP_LED_Init
                0x08002430       0x60 ./Drivers/BSP/STM32F769I-Discovery/stm32f769i_discovery.o
                0x08002430                BSP_LED_Init
 .text.BSP_LED_On
                0x08002490       0x34 ./Drivers/BSP/STM32F769I-Discovery/stm32f769i_discovery.o
                0x08002490                BSP_LED_On
 .text.BSP_LED_Off
                0x080024c4       0x34 ./Drivers/BSP/STM32F769I-Discovery/stm32f769i_discovery.o
                0x080024c4                BSP_LED_Off
 .text.I2Cx_MspInit
                0x080024f8      0x17c ./Drivers/BSP/STM32F769I-Discovery/stm32f769i_discovery.o
 .text.I2Cx_Init
                0x08002674       0x78 ./Drivers/BSP/STM32F769I-Discovery/stm32f769i_discovery.o
 .text.I2Cx_WriteMultiple
                0x080026ec       0x5a ./Drivers/BSP/STM32F769I-Discovery/stm32f769i_discovery.o
 .text.I2Cx_Error
                0x08002746       0x20 ./Drivers/BSP/STM32F769I-Discovery/stm32f769i_discovery.o
 *fill*         0x08002766        0x2 
 .text.AUDIO_IO_Init
                0x08002768       0x14 ./Drivers/BSP/STM32F769I-Discovery/stm32f769i_discovery.o
                0x08002768                AUDIO_IO_Init
 .text.AUDIO_IO_Write
                0x0800277c       0x54 ./Drivers/BSP/STM32F769I-Discovery/stm32f769i_discovery.o
                0x0800277c                AUDIO_IO_Write
 .text.AUDIO_IO_Delay
                0x080027d0       0x16 ./Drivers/BSP/STM32F769I-Discovery/stm32f769i_discovery.o
                0x080027d0                AUDIO_IO_Delay
 .text.HAL_Init
                0x080027e6       0x1a ./Drivers/STM32F7xx_HAL_Driver/Src/stm32f7xx_hal.o
                0x080027e6                HAL_Init
 .text.HAL_InitTick
                0x08002800       0x38 ./Drivers/STM32F7xx_HAL_Driver/Src/stm32f7xx_hal.o
                0x08002800                HAL_InitTick
 .text.HAL_IncTick
                0x08002838       0x1c ./Drivers/STM32F7xx_HAL_Driver/Src/stm32f7xx_hal.o
                0x08002838                HAL_IncTick
 .text.HAL_GetTick
                0x08002854       0x18 ./Drivers/STM32F7xx_HAL_Driver/Src/stm32f7xx_hal.o
                0x08002854                HAL_GetTick
 .text.HAL_Delay
                0x0800286c       0x2e ./Drivers/STM32F7xx_HAL_Driver/Src/stm32f7xx_hal.o
                0x0800286c                HAL_Delay
 *fill*         0x0800289a        0x2 
 .text.NVIC_SetPriorityGrouping
                0x0800289c       0x48 ./Drivers/STM32F7xx_HAL_Driver/Src/stm32f7xx_hal_cortex.o
 .text.NVIC_GetPriorityGrouping
                0x080028e4       0x1c ./Drivers/STM32F7xx_HAL_Driver/Src/stm32f7xx_hal_cortex.o
 .text.NVIC_EnableIRQ
                0x08002900       0x34 ./Drivers/STM32F7xx_HAL_Driver/Src/stm32f7xx_hal_cortex.o
 .text.NVIC_SetPriority
                0x08002934       0x54 ./Drivers/STM32F7xx_HAL_Driver/Src/stm32f7xx_hal_cortex.o
 .text.NVIC_EncodePriority
                0x08002988       0x66 ./Drivers/STM32F7xx_HAL_Driver/Src/stm32f7xx_hal_cortex.o
 *fill*         0x080029ee        0x2 
 .text.SysTick_Config
                0x080029f0       0x44 ./Drivers/STM32F7xx_HAL_Driver/Src/stm32f7xx_hal_cortex.o
 .text.HAL_NVIC_SetPriorityGrouping
                0x08002a34       0x16 ./Drivers/STM32F7xx_HAL_Driver/Src/stm32f7xx_hal_cortex.o
                0x08002a34                HAL_NVIC_SetPriorityGrouping
 .text.HAL_NVIC_SetPriority
                0x08002a4a       0x38 ./Drivers/STM32F7xx_HAL_Driver/Src/stm32f7xx_hal_cortex.o
                0x08002a4a                HAL_NVIC_SetPriority
 .text.HAL_NVIC_EnableIRQ
                0x08002a82       0x1c ./Drivers/STM32F7xx_HAL_Driver/Src/stm32f7xx_hal_cortex.o
                0x08002a82                HAL_NVIC_EnableIRQ
 .text.HAL_SYSTICK_Config
                0x08002a9e       0x18 ./Drivers/STM32F7xx_HAL_Driver/Src/stm32f7xx_hal_cortex.o
                0x08002a9e                HAL_SYSTICK_Config
 *fill*         0x08002ab6        0x2 
 .text.HAL_SYSTICK_CLKSourceConfig
                0x08002ab8       0x38 ./Drivers/STM32F7xx_HAL_Driver/Src/stm32f7xx_hal_cortex.o
                0x08002ab8                HAL_SYSTICK_CLKSourceConfig
 .text.HAL_SYSTICK_IRQHandler
                0x08002af0        0xc ./Drivers/STM32F7xx_HAL_Driver/Src/stm32f7xx_hal_cortex.o
                0x08002af0                HAL_SYSTICK_IRQHandler
 .text.HAL_SYSTICK_Callback
                0x08002afc        0xe ./Drivers/STM32F7xx_HAL_Driver/Src/stm32f7xx_hal_cortex.o
                0x08002afc                HAL_SYSTICK_Callback
 *fill*         0x08002b0a        0x2 
 .text.HAL_DMA_Init
                0x08002b0c      0x15c ./Drivers/STM32F7xx_HAL_Driver/Src/stm32f7xx_hal_dma.o
                0x08002b0c                HAL_DMA_Init
 .text.HAL_DMA_DeInit
                0x08002c68       0x98 ./Drivers/STM32F7xx_HAL_Driver/Src/stm32f7xx_hal_dma.o
                0x08002c68                HAL_DMA_DeInit
 .text.HAL_DMA_Start_IT
                0x08002d00       0xc0 ./Drivers/STM32F7xx_HAL_Driver/Src/stm32f7xx_hal_dma.o
                0x08002d00                HAL_DMA_Start_IT
 .text.HAL_DMA_IRQHandler
                0x08002dc0      0x31c ./Drivers/STM32F7xx_HAL_Driver/Src/stm32f7xx_hal_dma.o
                0x08002dc0                HAL_DMA_IRQHandler
 .text.DMA_SetConfig
                0x080030dc       0x5c ./Drivers/STM32F7xx_HAL_Driver/Src/stm32f7xx_hal_dma.o
 .text.DMA_CalcBaseAndBitshift
                0x08003138       0x6c ./Drivers/STM32F7xx_HAL_Driver/Src/stm32f7xx_hal_dma.o
 .text.DMA_CheckFifoParam
                0x080031a4       0xf8 ./Drivers/STM32F7xx_HAL_Driver/Src/stm32f7xx_hal_dma.o
 .text.HAL_GPIO_Init
                0x0800329c      0x358 ./Drivers/STM32F7xx_HAL_Driver/Src/stm32f7xx_hal_gpio.o
                0x0800329c                HAL_GPIO_Init
 .text.HAL_GPIO_WritePin
                0x080035f4       0x32 ./Drivers/STM32F7xx_HAL_Driver/Src/stm32f7xx_hal_gpio.o
                0x080035f4                HAL_GPIO_WritePin
 *fill*         0x08003626        0x2 
 .text.HAL_I2C_Init
                0x08003628      0x120 ./Drivers/STM32F7xx_HAL_Driver/Src/stm32f7xx_hal_i2c.o
                0x08003628                HAL_I2C_Init
 .text.HAL_I2C_DeInit
                0x08003748       0x5e ./Drivers/STM32F7xx_HAL_Driver/Src/stm32f7xx_hal_i2c.o
                0x08003748                HAL_I2C_DeInit
 .text.HAL_I2C_MspInit
                0x080037a6       0x14 ./Drivers/STM32F7xx_HAL_Driver/Src/stm32f7xx_hal_i2c.o
                0x080037a6                HAL_I2C_MspInit
 .text.HAL_I2C_MspDeInit
                0x080037ba       0x14 ./Drivers/STM32F7xx_HAL_Driver/Src/stm32f7xx_hal_i2c.o
                0x080037ba                HAL_I2C_MspDeInit
 *fill*         0x080037ce        0x2 
 .text.HAL_I2C_Mem_Write
                0x080037d0      0x24c ./Drivers/STM32F7xx_HAL_Driver/Src/stm32f7xx_hal_i2c.o
                0x080037d0                HAL_I2C_Mem_Write
 .text.HAL_I2C_GetState
                0x08003a1c       0x1c ./Drivers/STM32F7xx_HAL_Driver/Src/stm32f7xx_hal_i2c.o
                0x08003a1c                HAL_I2C_GetState
 .text.I2C_RequestMemoryWrite
                0x08003a38       0xbe ./Drivers/STM32F7xx_HAL_Driver/Src/stm32f7xx_hal_i2c.o
 .text.I2C_Flush_TXDR
                0x08003af6       0x48 ./Drivers/STM32F7xx_HAL_Driver/Src/stm32f7xx_hal_i2c.o
 .text.I2C_WaitOnFlagUntilTimeout
                0x08003b3e       0x74 ./Drivers/STM32F7xx_HAL_Driver/Src/stm32f7xx_hal_i2c.o
 .text.I2C_WaitOnTXISFlagUntilTimeout
                0x08003bb2       0x80 ./Drivers/STM32F7xx_HAL_Driver/Src/stm32f7xx_hal_i2c.o
 .text.I2C_WaitOnSTOPFlagUntilTimeout
                0x08003c32       0x78 ./Drivers/STM32F7xx_HAL_Driver/Src/stm32f7xx_hal_i2c.o
 *fill*         0x08003caa        0x2 
 .text.I2C_IsAcknowledgeFailed
                0x08003cac       0xbc ./Drivers/STM32F7xx_HAL_Driver/Src/stm32f7xx_hal_i2c.o
 .text.I2C_TransferConfig
                0x08003d68       0x5c ./Drivers/STM32F7xx_HAL_Driver/Src/stm32f7xx_hal_i2c.o
 .text.HAL_PWREx_EnableOverDrive
                0x08003dc4       0xa0 ./Drivers/STM32F7xx_HAL_Driver/Src/stm32f7xx_hal_pwr_ex.o
                0x08003dc4                HAL_PWREx_EnableOverDrive
 .text.HAL_RCC_OscConfig
                0x08003e64      0x570 ./Drivers/STM32F7xx_HAL_Driver/Src/stm32f7xx_hal_rcc.o
                0x08003e64                HAL_RCC_OscConfig
 .text.HAL_RCC_ClockConfig
                0x080043d4      0x1fc ./Drivers/STM32F7xx_HAL_Driver/Src/stm32f7xx_hal_rcc.o
                0x080043d4                HAL_RCC_ClockConfig
 .text.HAL_RCC_GetSysClockFreq
                0x080045d0      0x104 ./Drivers/STM32F7xx_HAL_Driver/Src/stm32f7xx_hal_rcc.o
                0x080045d0                HAL_RCC_GetSysClockFreq
 .text.HAL_RCC_GetHCLKFreq
                0x080046d4       0x18 ./Drivers/STM32F7xx_HAL_Driver/Src/stm32f7xx_hal_rcc.o
                0x080046d4                HAL_RCC_GetHCLKFreq
 .text.HAL_RCCEx_PeriphCLKConfig
                0x080046ec     0x1180 ./Drivers/STM32F7xx_HAL_Driver/Src/stm32f7xx_hal_rcc_ex.o
                0x080046ec                HAL_RCCEx_PeriphCLKConfig
 .text.HAL_RCCEx_GetPeriphCLKConfig
                0x0800586c      0x330 ./Drivers/STM32F7xx_HAL_Driver/Src/stm32f7xx_hal_rcc_ex.o
                0x0800586c                HAL_RCCEx_GetPeriphCLKConfig
 .text.HAL_RCCEx_GetPeriphCLKFreq
                0x08005b9c      0x2dc ./Drivers/STM32F7xx_HAL_Driver/Src/stm32f7xx_hal_rcc_ex.o
                0x08005b9c                HAL_RCCEx_GetPeriphCLKFreq
 .text.HAL_SAI_Init
                0x08005e78      0x2ec ./Drivers/STM32F7xx_HAL_Driver/Src/stm32f7xx_hal_sai.o
                0x08005e78                HAL_SAI_Init
 .text.HAL_SAI_MspInit
                0x08006164       0x14 ./Drivers/STM32F7xx_HAL_Driver/Src/stm32f7xx_hal_sai.o
                0x08006164                HAL_SAI_MspInit
 .text.HAL_SAI_Transmit_DMA
                0x08006178      0x11c ./Drivers/STM32F7xx_HAL_Driver/Src/stm32f7xx_hal_sai.o
                0x08006178                HAL_SAI_Transmit_DMA
 .text.HAL_SAI_Receive_DMA
                0x08006294      0x11c ./Drivers/STM32F7xx_HAL_Driver/Src/stm32f7xx_hal_sai.o
                0x08006294                HAL_SAI_Receive_DMA
 .text.HAL_SAI_TxCpltCallback
                0x080063b0       0x14 ./Drivers/STM32F7xx_HAL_Driver/Src/stm32f7xx_hal_sai.o
                0x080063b0                HAL_SAI_TxCpltCallback
 .text.HAL_SAI_TxHalfCpltCallback
                0x080063c4       0x14 ./Drivers/STM32F7xx_HAL_Driver/Src/stm32f7xx_hal_sai.o
                0x080063c4                HAL_SAI_TxHalfCpltCallback
 .text.HAL_SAI_ErrorCallback
                0x080063d8       0x14 ./Drivers/STM32F7xx_HAL_Driver/Src/stm32f7xx_hal_sai.o
                0x080063d8                HAL_SAI_ErrorCallback
 .text.SAI_InterruptFlag
                0x080063ec       0x6c ./Drivers/STM32F7xx_HAL_Driver/Src/stm32f7xx_hal_sai.o
 .text.SAI_Disable
                0x08006458       0x6c ./Drivers/STM32F7xx_HAL_Driver/Src/stm32f7xx_hal_sai.o
 .text.SAI_DMATxCplt
                0x080064c4       0x64 ./Drivers/STM32F7xx_HAL_Driver/Src/stm32f7xx_hal_sai.o
 .text.SAI_DMATxHalfCplt
                0x08006528       0x1c ./Drivers/STM32F7xx_HAL_Driver/Src/stm32f7xx_hal_sai.o
 .text.SAI_DMARxCplt
                0x08006544       0x64 ./Drivers/STM32F7xx_HAL_Driver/Src/stm32f7xx_hal_sai.o
 .text.SAI_DMARxHalfCplt
                0x080065a8       0x1c ./Drivers/STM32F7xx_HAL_Driver/Src/stm32f7xx_hal_sai.o
 .text.SAI_DMAError
                0x080065c4       0x66 ./Drivers/STM32F7xx_HAL_Driver/Src/stm32f7xx_hal_sai.o
 *fill*         0x0800662a        0x2 
 .text.__errno  0x0800662c        0xc /Applications/STM32CubeIDE.app/Contents/Eclipse/plugins/com.st.stm32cube.ide.mcu.externaltools.gnu-tools-for-stm32.12.3.rel1.macos64_1.0.100.202403111906/tools/bin/../lib/gcc/arm-none-eabi/12.3.1/../../../../arm-none-eabi/lib/thumb/v7e-m+dp/hard/libc_nano.a(libc_a-errno.o)
                0x0800662c                __errno
 .text.__libc_init_array
                0x08006638       0x48 /Applications/STM32CubeIDE.app/Contents/Eclipse/plugins/com.st.stm32cube.ide.mcu.externaltools.gnu-tools-for-stm32.12.3.rel1.macos64_1.0.100.202403111906/tools/bin/../lib/gcc/arm-none-eabi/12.3.1/../../../../arm-none-eabi/lib/thumb/v7e-m+dp/hard/libc_nano.a(libc_a-init.o)
                0x08006638                __libc_init_array
 .text.sinf_poly
                0x08006680       0x54 /Applications/STM32CubeIDE.app/Contents/Eclipse/plugins/com.st.stm32cube.ide.mcu.externaltools.gnu-tools-for-stm32.12.3.rel1.macos64_1.0.100.202403111906/tools/bin/../lib/gcc/arm-none-eabi/12.3.1/../../../../arm-none-eabi/lib/thumb/v7e-m+dp/hard/libm.a(libm_a-sinf.o)
 *fill*         0x080066d4        0x4 
 .text.sinf     0x080066d8      0x130 /Applications/STM32CubeIDE.app/Contents/Eclipse/plugins/com.st.stm32cube.ide.mcu.externaltools.gnu-tools-for-stm32.12.3.rel1.macos64_1.0.100.202403111906/tools/bin/../lib/gcc/arm-none-eabi/12.3.1/../../../../arm-none-eabi/lib/thumb/v7e-m+dp/hard/libm.a(libm_a-sinf.o)
                0x080066d8                sinf
 .text.sinf_poly
                0x08006808       0x54 /Applications/STM32CubeIDE.app/Contents/Eclipse/plugins/com.st.stm32cube.ide.mcu.externaltools.gnu-tools-for-stm32.12.3.rel1.macos64_1.0.100.202403111906/tools/bin/../lib/gcc/arm-none-eabi/12.3.1/../../../../arm-none-eabi/lib/thumb/v7e-m+dp/hard/libm.a(libm_a-cosf.o)
 *fill*         0x0800685c        0x4 
 .text.cosf     0x08006860      0x140 /Applications/STM32CubeIDE.app/Contents/Eclipse/plugins/com.st.stm32cube.ide.mcu.externaltools.gnu-tools-for-stm32.12.3.rel1.macos64_1.0.100.202403111906/tools/bin/../lib/gcc/arm-none-eabi/12.3.1/../../../../arm-none-eabi/lib/thumb/v7e-m+dp/hard/libm.a(libm_a-cosf.o)
                0x08006860                cosf
 .text.with_errnof
                0x080069a0       0x1c /Applications/STM32CubeIDE.app/Contents/Eclipse/plugins/com.st.stm32cube.ide.mcu.externaltools.gnu-tools-for-stm32.12.3.rel1.macos64_1.0.100.202403111906/tools/bin/../lib/gcc/arm-none-eabi/12.3.1/../../../../arm-none-eabi/lib/thumb/v7e-m+dp/hard/libm.a(libm_a-math_errf.o)
 .text.__math_invalidf
                0x080069bc       0x1e /Applications/STM32CubeIDE.app/Contents/Eclipse/plugins/com.st.stm32cube.ide.mcu.externaltools.gnu-tools-for-stm32.12.3.rel1.macos64_1.0.100.202403111906/tools/bin/../lib/gcc/arm-none-eabi/12.3.1/../../../../arm-none-eabi/lib/thumb/v7e-m+dp/hard/libm.a(libm_a-math_errf.o)
                0x080069bc                __math_invalidf
 *(.glue_7)
 .glue_7        0x080069da        0x0 linker stubs
 *(.glue_7t)
 .glue_7t       0x080069da        0x0 linker stubs
 *(.eh_frame)
 *fill*         0x080069da        0x2 
 .eh_frame      0x080069dc        0x0 /Applications/STM32CubeIDE.app/Contents/Eclipse/plugins/com.st.stm32cube.ide.mcu.externaltools.gnu-tools-for-stm32.12.3.rel1.macos64_1.0.100.202403111906/tools/bin/../lib/gcc/arm-none-eabi/12.3.1/thumb/v7e-m+dp/hard/crtbegin.o
 *(.init)
 .init          0x080069dc        0x4 /Applications/STM32CubeIDE.app/Contents/Eclipse/plugins/com.st.stm32cube.ide.mcu.externaltools.gnu-tools-for-stm32.12.3.rel1.macos64_1.0.100.202403111906/tools/bin/../lib/gcc/arm-none-eabi/12.3.1/thumb/v7e-m+dp/hard/crti.o
                0x080069dc                _init
 .init          0x080069e0        0x8 /Applications/STM32CubeIDE.app/Contents/Eclipse/plugins/com.st.stm32cube.ide.mcu.externaltools.gnu-tools-for-stm32.12.3.rel1.macos64_1.0.100.202403111906/tools/bin/../lib/gcc/arm-none-eabi/12.3.1/thumb/v7e-m+dp/hard/crtn.o
 *(.fini)
 .fini          0x080069e8        0x4 /Applications/STM32CubeIDE.app/Contents/Eclipse/plugins/com.st.stm32cube.ide.mcu.externaltools.gnu-tools-for-stm32.12.3.rel1.macos64_1.0.100.202403111906/tools/bin/../lib/gcc/arm-none-eabi/12.3.1/thumb/v7e-m+dp/hard/crti.o
                0x080069e8                _fini
 .fini          0x080069ec        0x8 /Applications/STM32CubeIDE.app/Contents/Eclipse/plugins/com.st.stm32cube.ide.mcu.externaltools.gnu-tools-for-stm32.12.3.rel1.macos64_1.0.100.202403111906/tools/bin/../lib/gcc/arm-none-eabi/12.3.1/thumb/v7e-m+dp/hard/crtn.o
                0x080069f4                        . = ALIGN (0x4)
                0x080069f4                        _etext = .

.vfp11_veneer   0x080069f4        0x0
 .vfp11_veneer  0x080069f4        0x0 linker stubs

.v4_bx          0x080069f4        0x0
 .v4_bx         0x080069f4        0x0 linker stubs

.iplt           0x080069f4        0x0
 .iplt          0x080069f4        0x0 /Applications/STM32CubeIDE.app/Contents/Eclipse/plugins/com.st.stm32cube.ide.mcu.externaltools.gnu-tools-for-stm32.12.3.rel1.macos64_1.0.100.202403111906/tools/bin/../lib/gcc/arm-none-eabi/12.3.1/thumb/v7e-m+dp/hard/crtbegin.o

.rodata         0x080069f8      0x170
                0x080069f8                        . = ALIGN (0x4)
 *(.rodata)
 .rodata        0x080069f8       0x13 ./Core/Src/main.o
 *(.rodata*)
 *fill*         0x08006a0b        0x1 
 .rodata.AHBPrescTable
                0x08006a0c       0x10 ./Core/Src/system_stm32f7xx.o
                0x08006a0c                AHBPrescTable
 .rodata.flagBitshiftOffset.0
                0x08006a1c        0x8 ./Drivers/STM32F7xx_HAL_Driver/Src/stm32f7xx_hal_dma.o
 .rodata.__inv_pio4
                0x08006a24       0x60 /Applications/STM32CubeIDE.app/Contents/Eclipse/plugins/com.st.stm32cube.ide.mcu.externaltools.gnu-tools-for-stm32.12.3.rel1.macos64_1.0.100.202403111906/tools/bin/../lib/gcc/arm-none-eabi/12.3.1/../../../../arm-none-eabi/lib/thumb/v7e-m+dp/hard/libm.a(libm_a-sincosf_data.o)
                0x08006a24                __inv_pio4
 *fill*         0x08006a84        0x4 
 .rodata.__sincosf_table
                0x08006a88       0xe0 /Applications/STM32CubeIDE.app/Contents/Eclipse/plugins/com.st.stm32cube.ide.mcu.externaltools.gnu-tools-for-stm32.12.3.rel1.macos64_1.0.100.202403111906/tools/bin/../lib/gcc/arm-none-eabi/12.3.1/../../../../arm-none-eabi/lib/thumb/v7e-m+dp/hard/libm.a(libm_a-sincosf_data.o)
                0x08006a88                __sincosf_table
                0x08006b68                        . = ALIGN (0x4)

.rel.dyn        0x08006b68        0x0
 .rel.iplt      0x08006b68        0x0 /Applications/STM32CubeIDE.app/Contents/Eclipse/plugins/com.st.stm32cube.ide.mcu.externaltools.gnu-tools-for-stm32.12.3.rel1.macos64_1.0.100.202403111906/tools/bin/../lib/gcc/arm-none-eabi/12.3.1/thumb/v7e-m+dp/hard/crtbegin.o

.ARM.extab      0x08006b68        0x0
                0x08006b68                        . = ALIGN (0x4)
 *(.ARM.extab* .gnu.linkonce.armextab.*)
                0x08006b68                        . = ALIGN (0x4)

.ARM            0x08006b68        0x0
                0x08006b68                        . = ALIGN (0x4)
                0x08006b68                        __exidx_start = .
 *(.ARM.exidx*)
                0x08006b68                        __exidx_end = .
                0x08006b68                        . = ALIGN (0x4)

.preinit_array  0x08006b68        0x0
                0x08006b68                        . = ALIGN (0x4)
                0x08006b68                        PROVIDE (__preinit_array_start = .)
 *(.preinit_array*)
                0x08006b68                        PROVIDE (__preinit_array_end = .)
                0x08006b68                        . = ALIGN (0x4)

.init_array     0x08006b68        0x4
                0x08006b68                        . = ALIGN (0x4)
                0x08006b68                        PROVIDE (__init_array_start = .)
 *(SORT_BY_NAME(.init_array.*))
 *(.init_array*)
 .init_array    0x08006b68        0x4 /Applications/STM32CubeIDE.app/Contents/Eclipse/plugins/com.st.stm32cube.ide.mcu.externaltools.gnu-tools-for-stm32.12.3.rel1.macos64_1.0.100.202403111906/tools/bin/../lib/gcc/arm-none-eabi/12.3.1/thumb/v7e-m+dp/hard/crtbegin.o
                0x08006b6c                        PROVIDE (__init_array_end = .)
                0x08006b6c                        . = ALIGN (0x4)

.fini_array     0x08006b6c        0x4
                0x08006b6c                        . = ALIGN (0x4)
                [!provide]                        PROVIDE (__fini_array_start = .)
 *(SORT_BY_NAME(.fini_array.*))
 *(.fini_array*)
 .fini_array    0x08006b6c        0x4 /Applications/STM32CubeIDE.app/Contents/Eclipse/plugins/com.st.stm32cube.ide.mcu.externaltools.gnu-tools-for-stm32.12.3.rel1.macos64_1.0.100.202403111906/tools/bin/../lib/gcc/arm-none-eabi/12.3.1/thumb/v7e-m+dp/hard/crtbegin.o
                [!provide]                        PROVIDE (__fini_array_end = .)
                0x08006b70                        . = ALIGN (0x4)
                0x08006b70                        _sidata = LOADADDR (.data)

.data           0x20000000      0x19c load address 0x08006b70
                0x20000000                        . = ALIGN (0x4)
                0x20000000                        _sdata = .
 *(.data)
 *(.data*)
 .data.h_hp     0x20000000       0x4c ./Core/Src/ece5210.o
                0x20000000                h_hp
 .data.h_lp     0x2000004c       0x4c ./Core/Src/ece5210.o
                0x2000004c                h_lp
 .data.h_high   0x20000098       0x4c ./Core/Src/ece5210.o
                0x20000098                h_high
 .data.h_low    0x200000e4       0x4c ./Core/Src/ece5210.o
                0x200000e4                h_low
 .data.frequency
                0x20000130        0x4 ./Core/Src/myaudio.o
 .data.volume   0x20000134        0x1 ./Core/Src/myaudio.o
 *fill*         0x20000135        0x3 
 .data.SystemCoreClock
                0x20000138        0x4 ./Core/Src/system_stm32f7xx.o
                0x20000138                SystemCoreClock
 .data.GPIO_PIN
                0x2000013c        0x8 ./Drivers/BSP/STM32F769I-Discovery/stm32f769i_discovery.o
                0x2000013c                GPIO_PIN
 .data.GPIO_PORT
                0x20000144        0x8 ./Drivers/BSP/STM32F769I-Discovery/stm32f769i_discovery.o
                0x20000144                GPIO_PORT
 .data._impure_ptr
                0x2000014c        0x4 /Applications/STM32CubeIDE.app/Contents/Eclipse/plugins/com.st.stm32cube.ide.mcu.externaltools.gnu-tools-for-stm32.12.3.rel1.macos64_1.0.100.202403111906/tools/bin/../lib/gcc/arm-none-eabi/12.3.1/../../../../arm-none-eabi/lib/thumb/v7e-m+dp/hard/libc_nano.a(libc_a-impure.o)
                0x2000014c                _impure_ptr
 .data._impure_data
                0x20000150       0x4c /Applications/STM32CubeIDE.app/Contents/Eclipse/plugins/com.st.stm32cube.ide.mcu.externaltools.gnu-tools-for-stm32.12.3.rel1.macos64_1.0.100.202403111906/tools/bin/../lib/gcc/arm-none-eabi/12.3.1/../../../../arm-none-eabi/lib/thumb/v7e-m+dp/hard/libc_nano.a(libc_a-impure.o)
                0x20000150                _impure_data
 *(.RamFunc)
 *(.RamFunc*)
                0x2000019c                        . = ALIGN (0x4)
                0x2000019c                        _edata = .

.igot.plt       0x2000019c        0x0 load address 0x08006d0c
 .igot.plt      0x2000019c        0x0 /Applications/STM32CubeIDE.app/Contents/Eclipse/plugins/com.st.stm32cube.ide.mcu.externaltools.gnu-tools-for-stm32.12.3.rel1.macos64_1.0.100.202403111906/tools/bin/../lib/gcc/arm-none-eabi/12.3.1/thumb/v7e-m+dp/hard/crtbegin.o
                0x2000019c                        . = ALIGN (0x4)

.bss            0x2000019c     0x5c10 load address 0x08006d0c
                0x2000019c                        _sbss = .
                0x2000019c                        __bss_start__ = _sbss
 *(.bss)
 .bss           0x2000019c       0x1c /Applications/STM32CubeIDE.app/Contents/Eclipse/plugins/com.st.stm32cube.ide.mcu.externaltools.gnu-tools-for-stm32.12.3.rel1.macos64_1.0.100.202403111906/tools/bin/../lib/gcc/arm-none-eabi/12.3.1/thumb/v7e-m+dp/hard/crtbegin.o
 *(.bss*)
 .bss.x_lp      0x200001b8       0x4c ./Core/Src/ece5210.o
                0x200001b8                x_lp
 .bss.x_hp      0x20000204       0x4c ./Core/Src/ece5210.o
                0x20000204                x_hp
 .bss.saiDMATransmitBuffer
                0x20000250     0x2000 ./Core/Src/myaudio.o
 .bss.saiDMAReceiveBuffer
                0x20002250     0x2000 ./Core/Src/myaudio.o
 .bss.playbackBufferLeft
                0x20004250      0x800 ./Core/Src/myaudio.o
 .bss.playbackBufferRight
                0x20004a50      0x800 ./Core/Src/myaudio.o
 .bss.recordBuffer
                0x20005250      0x800 ./Core/Src/myaudio.o
 .bss.haudio_in_sai
                0x20005a50       0x84 ./Core/Src/myaudio.o
 .bss.haudio_out_sai
                0x20005ad4       0x84 ./Core/Src/myaudio.o
 .bss.audio_rec_buffer_state
                0x20005b58        0x4 ./Core/Src/myaudio.o
 .bss.hdma_sai_tx.1
                0x20005b5c       0x60 ./Core/Src/myaudio.o
 .bss.hdma_sai_rx.0
                0x20005bbc       0x60 ./Core/Src/myaudio.o
 .bss.outputEnabled
                0x20005c1c        0x4 ./Drivers/BSP/Components/wm8994/wm8994.o
 .bss.inputEnabled
                0x20005c20        0x4 ./Drivers/BSP/Components/wm8994/wm8994.o
 .bss.hI2cAudioHandler
                0x20005c24       0x4c ./Drivers/BSP/STM32F769I-Discovery/stm32f769i_discovery.o
 .bss.uwTick    0x20005c70        0x4 ./Drivers/STM32F7xx_HAL_Driver/Src/stm32f7xx_hal.o
                0x20005c70                uwTick
 .bss.__sf      0x20005c74      0x138 /Applications/STM32CubeIDE.app/Contents/Eclipse/plugins/com.st.stm32cube.ide.mcu.externaltools.gnu-tools-for-stm32.12.3.rel1.macos64_1.0.100.202403111906/tools/bin/../lib/gcc/arm-none-eabi/12.3.1/../../../../arm-none-eabi/lib/thumb/v7e-m+dp/hard/libc_nano.a(libc_a-findfp.o)
                0x20005c74                __sf
 *(COMMON)
                0x20005dac                        . = ALIGN (0x4)
                0x20005dac                        _ebss = .
                0x20005dac                        __bss_end__ = _ebss

._user_heap_stack
                0x20005dac      0x604 load address 0x08006d0c
                0x20005db0                        . = ALIGN (0x8)
 *fill*         0x20005dac        0x4 
                0x20005db0                        PROVIDE (end = .)
                [!provide]                        PROVIDE (_end = .)
                0x20005fb0                        . = (. + _Min_Heap_Size)
 *fill*         0x20005db0      0x200 
                0x200063b0                        . = (. + _Min_Stack_Size)
 *fill*         0x20005fb0      0x400 
                0x200063b0                        . = ALIGN (0x8)

/DISCARD/
 libc.a(*)
 libm.a(*)
 libgcc.a(*)

.ARM.attributes
                0x00000000       0x2e
 *(.ARM.attributes)
 .ARM.attributes
                0x00000000       0x20 /Applications/STM32CubeIDE.app/Contents/Eclipse/plugins/com.st.stm32cube.ide.mcu.externaltools.gnu-tools-for-stm32.12.3.rel1.macos64_1.0.100.202403111906/tools/bin/../lib/gcc/arm-none-eabi/12.3.1/thumb/v7e-m+dp/hard/crti.o
 .ARM.attributes
                0x00000020       0x32 /Applications/STM32CubeIDE.app/Contents/Eclipse/plugins/com.st.stm32cube.ide.mcu.externaltools.gnu-tools-for-stm32.12.3.rel1.macos64_1.0.100.202403111906/tools/bin/../lib/gcc/arm-none-eabi/12.3.1/thumb/v7e-m+dp/hard/crtbegin.o
 .ARM.attributes
                0x00000052       0x32 ./Core/Src/ece5210.o
 .ARM.attributes
                0x00000084       0x32 ./Core/Src/main.o
 .ARM.attributes
                0x000000b6       0x32 ./Core/Src/myaudio.o
 .ARM.attributes
                0x000000e8       0x32 ./Core/Src/stm32f7xx_hal_msp.o
 .ARM.attributes
                0x0000011a       0x32 ./Core/Src/stm32f7xx_it.o
 .ARM.attributes
                0x0000014c       0x32 ./Core/Src/system_stm32f7xx.o
 .ARM.attributes
                0x0000017e       0x21 ./Core/Startup/startup_stm32f769nihx.o
 .ARM.attributes
                0x0000019f       0x32 ./Drivers/BSP/Components/wm8994/wm8994.o
 .ARM.attributes
                0x000001d1       0x32 ./Drivers/BSP/STM32F769I-Discovery/stm32f769i_discovery.o
 .ARM.attributes
                0x00000203       0x32 ./Drivers/STM32F7xx_HAL_Driver/Src/stm32f7xx_hal.o
 .ARM.attributes
                0x00000235       0x32 ./Drivers/STM32F7xx_HAL_Driver/Src/stm32f7xx_hal_cortex.o
 .ARM.attributes
                0x00000267       0x32 ./Drivers/STM32F7xx_HAL_Driver/Src/stm32f7xx_hal_dma.o
 .ARM.attributes
                0x00000299       0x32 ./Drivers/STM32F7xx_HAL_Driver/Src/stm32f7xx_hal_gpio.o
 .ARM.attributes
                0x000002cb       0x32 ./Drivers/STM32F7xx_HAL_Driver/Src/stm32f7xx_hal_i2c.o
 .ARM.attributes
                0x000002fd       0x32 ./Drivers/STM32F7xx_HAL_Driver/Src/stm32f7xx_hal_pwr_ex.o
 .ARM.attributes
                0x0000032f       0x32 ./Drivers/STM32F7xx_HAL_Driver/Src/stm32f7xx_hal_rcc.o
 .ARM.attributes
                0x00000361       0x32 ./Drivers/STM32F7xx_HAL_Driver/Src/stm32f7xx_hal_rcc_ex.o
 .ARM.attributes
                0x00000393       0x32 ./Drivers/STM32F7xx_HAL_Driver/Src/stm32f7xx_hal_sai.o
 .ARM.attributes
                0x000003c5       0x32 /Applications/STM32CubeIDE.app/Contents/Eclipse/plugins/com.st.stm32cube.ide.mcu.externaltools.gnu-tools-for-stm32.12.3.rel1.macos64_1.0.100.202403111906/tools/bin/../lib/gcc/arm-none-eabi/12.3.1/../../../../arm-none-eabi/lib/thumb/v7e-m+dp/hard/libc_nano.a(libc_a-findfp.o)
 .ARM.attributes
                0x000003f7       0x32 /Applications/STM32CubeIDE.app/Contents/Eclipse/plugins/com.st.stm32cube.ide.mcu.externaltools.gnu-tools-for-stm32.12.3.rel1.macos64_1.0.100.202403111906/tools/bin/../lib/gcc/arm-none-eabi/12.3.1/../../../../arm-none-eabi/lib/thumb/v7e-m+dp/hard/libc_nano.a(libc_a-impure.o)
 .ARM.attributes
                0x00000429       0x32 /Applications/STM32CubeIDE.app/Contents/Eclipse/plugins/com.st.stm32cube.ide.mcu.externaltools.gnu-tools-for-stm32.12.3.rel1.macos64_1.0.100.202403111906/tools/bin/../lib/gcc/arm-none-eabi/12.3.1/../../../../arm-none-eabi/lib/thumb/v7e-m+dp/hard/libc_nano.a(libc_a-errno.o)
 .ARM.attributes
                0x0000045b       0x32 /Applications/STM32CubeIDE.app/Contents/Eclipse/plugins/com.st.stm32cube.ide.mcu.externaltools.gnu-tools-for-stm32.12.3.rel1.macos64_1.0.100.202403111906/tools/bin/../lib/gcc/arm-none-eabi/12.3.1/../../../../arm-none-eabi/lib/thumb/v7e-m+dp/hard/libc_nano.a(libc_a-init.o)
 .ARM.attributes
                0x0000048d       0x32 /Applications/STM32CubeIDE.app/Contents/Eclipse/plugins/com.st.stm32cube.ide.mcu.externaltools.gnu-tools-for-stm32.12.3.rel1.macos64_1.0.100.202403111906/tools/bin/../lib/gcc/arm-none-eabi/12.3.1/../../../../arm-none-eabi/lib/thumb/v7e-m+dp/hard/libm.a(libm_a-sinf.o)
 .ARM.attributes
                0x000004bf       0x32 /Applications/STM32CubeIDE.app/Contents/Eclipse/plugins/com.st.stm32cube.ide.mcu.externaltools.gnu-tools-for-stm32.12.3.rel1.macos64_1.0.100.202403111906/tools/bin/../lib/gcc/arm-none-eabi/12.3.1/../../../../arm-none-eabi/lib/thumb/v7e-m+dp/hard/libm.a(libm_a-cosf.o)
 .ARM.attributes
                0x000004f1       0x32 /Applications/STM32CubeIDE.app/Contents/Eclipse/plugins/com.st.stm32cube.ide.mcu.externaltools.gnu-tools-for-stm32.12.3.rel1.macos64_1.0.100.202403111906/tools/bin/../lib/gcc/arm-none-eabi/12.3.1/../../../../arm-none-eabi/lib/thumb/v7e-m+dp/hard/libm.a(libm_a-sincosf_data.o)
 .ARM.attributes
                0x00000523       0x32 /Applications/STM32CubeIDE.app/Contents/Eclipse/plugins/com.st.stm32cube.ide.mcu.externaltools.gnu-tools-for-stm32.12.3.rel1.macos64_1.0.100.202403111906/tools/bin/../lib/gcc/arm-none-eabi/12.3.1/../../../../arm-none-eabi/lib/thumb/v7e-m+dp/hard/libm.a(libm_a-math_errf.o)
 .ARM.attributes
                0x00000555       0x20 /Applications/STM32CubeIDE.app/Contents/Eclipse/plugins/com.st.stm32cube.ide.mcu.externaltools.gnu-tools-for-stm32.12.3.rel1.macos64_1.0.100.202403111906/tools/bin/../lib/gcc/arm-none-eabi/12.3.1/thumb/v7e-m+dp/hard/libgcc.a(_arm_addsubdf3.o)
 .ARM.attributes
                0x00000575       0x20 /Applications/STM32CubeIDE.app/Contents/Eclipse/plugins/com.st.stm32cube.ide.mcu.externaltools.gnu-tools-for-stm32.12.3.rel1.macos64_1.0.100.202403111906/tools/bin/../lib/gcc/arm-none-eabi/12.3.1/thumb/v7e-m+dp/hard/crtn.o
OUTPUT(ece5210-fir-repo.elf elf32-littlearm)
LOAD linker stubs
LOAD /Applications/STM32CubeIDE.app/Contents/Eclipse/plugins/com.st.stm32cube.ide.mcu.externaltools.gnu-tools-for-stm32.12.3.rel1.macos64_1.0.100.202403111906/tools/bin/../lib/gcc/arm-none-eabi/12.3.1/../../../../arm-none-eabi/lib/thumb/v7e-m+dp/hard/libc.a
LOAD /Applications/STM32CubeIDE.app/Contents/Eclipse/plugins/com.st.stm32cube.ide.mcu.externaltools.gnu-tools-for-stm32.12.3.rel1.macos64_1.0.100.202403111906/tools/bin/../lib/gcc/arm-none-eabi/12.3.1/../../../../arm-none-eabi/lib/thumb/v7e-m+dp/hard/libm.a
LOAD /Applications/STM32CubeIDE.app/Contents/Eclipse/plugins/com.st.stm32cube.ide.mcu.externaltools.gnu-tools-for-stm32.12.3.rel1.macos64_1.0.100.202403111906/tools/bin/../lib/gcc/arm-none-eabi/12.3.1/thumb/v7e-m+dp/hard/libgcc.a

.debug_info     0x00000000     0xc33b
 .debug_info    0x00000000      0x366 ./Core/Src/ece5210.o
 .debug_info    0x00000366      0xaf5 ./Core/Src/main.o
 .debug_info    0x00000e5b     0x14e8 ./Core/Src/myaudio.o
 .debug_info    0x00002343      0x3ae ./Core/Src/stm32f7xx_hal_msp.o
 .debug_info    0x000026f1       0xa2 ./Core/Src/stm32f7xx_it.o
 .debug_info    0x00002793      0x6f4 ./Core/Src/system_stm32f7xx.o
 .debug_info    0x00002e87       0x30 ./Core/Startup/startup_stm32f769nihx.o
 .debug_info    0x00002eb7      0x5f9 ./Drivers/BSP/Components/wm8994/wm8994.o
 .debug_info    0x000034b0     0x16d2 ./Drivers/BSP/STM32F769I-Discovery/stm32f769i_discovery.o
 .debug_info    0x00004b82      0x92b ./Drivers/STM32F7xx_HAL_Driver/Src/stm32f7xx_hal.o
 .debug_info    0x000054ad      0xf8c ./Drivers/STM32F7xx_HAL_Driver/Src/stm32f7xx_hal_cortex.o
 .debug_info    0x00006439      0x8ee ./Drivers/STM32F7xx_HAL_Driver/Src/stm32f7xx_hal_dma.o
 .debug_info    0x00006d27      0x6e8 ./Drivers/STM32F7xx_HAL_Driver/Src/stm32f7xx_hal_gpio.o
 .debug_info    0x0000740f     0x1bb7 ./Drivers/STM32F7xx_HAL_Driver/Src/stm32f7xx_hal_i2c.o
 .debug_info    0x00008fc6      0x907 ./Drivers/STM32F7xx_HAL_Driver/Src/stm32f7xx_hal_pwr_ex.o
 .debug_info    0x000098cd      0xb19 ./Drivers/STM32F7xx_HAL_Driver/Src/stm32f7xx_hal_rcc.o
 .debug_info    0x0000a3e6      0xdfc ./Drivers/STM32F7xx_HAL_Driver/Src/stm32f7xx_hal_rcc_ex.o
 .debug_info    0x0000b1e2     0x1159 ./Drivers/STM32F7xx_HAL_Driver/Src/stm32f7xx_hal_sai.o

.debug_abbrev   0x00000000     0x22a0
 .debug_abbrev  0x00000000      0x13e ./Core/Src/ece5210.o
 .debug_abbrev  0x0000013e      0x1fb ./Core/Src/main.o
 .debug_abbrev  0x00000339      0x303 ./Core/Src/myaudio.o
 .debug_abbrev  0x0000063c       0x97 ./Core/Src/stm32f7xx_hal_msp.o
 .debug_abbrev  0x000006d3       0x6b ./Core/Src/stm32f7xx_it.o
 .debug_abbrev  0x0000073e      0x13b ./Core/Src/system_stm32f7xx.o
 .debug_abbrev  0x00000879       0x24 ./Core/Startup/startup_stm32f769nihx.o
 .debug_abbrev  0x0000089d      0x1af ./Drivers/BSP/Components/wm8994/wm8994.o
 .debug_abbrev  0x00000a4c      0x308 ./Drivers/BSP/STM32F769I-Discovery/stm32f769i_discovery.o
 .debug_abbrev  0x00000d54      0x1f7 ./Drivers/STM32F7xx_HAL_Driver/Src/stm32f7xx_hal.o
 .debug_abbrev  0x00000f4b      0x30d ./Drivers/STM32F7xx_HAL_Driver/Src/stm32f7xx_hal_cortex.o
 .debug_abbrev  0x00001258      0x264 ./Drivers/STM32F7xx_HAL_Driver/Src/stm32f7xx_hal_dma.o
 .debug_abbrev  0x000014bc      0x1d5 ./Drivers/STM32F7xx_HAL_Driver/Src/stm32f7xx_hal_gpio.o
 .debug_abbrev  0x00001691      0x276 ./Drivers/STM32F7xx_HAL_Driver/Src/stm32f7xx_hal_i2c.o
 .debug_abbrev  0x00001907      0x1fc ./Drivers/STM32F7xx_HAL_Driver/Src/stm32f7xx_hal_pwr_ex.o
 .debug_abbrev  0x00001b03      0x2df ./Drivers/STM32F7xx_HAL_Driver/Src/stm32f7xx_hal_rcc.o
 .debug_abbrev  0x00001de2      0x216 ./Drivers/STM32F7xx_HAL_Driver/Src/stm32f7xx_hal_rcc_ex.o
 .debug_abbrev  0x00001ff8      0x2a8 ./Drivers/STM32F7xx_HAL_Driver/Src/stm32f7xx_hal_sai.o

.debug_aranges  0x00000000      0xb38
 .debug_aranges
                0x00000000       0x40 ./Core/Src/ece5210.o
 .debug_aranges
                0x00000040       0x30 ./Core/Src/main.o
 .debug_aranges
                0x00000070       0x98 ./Core/Src/myaudio.o
 .debug_aranges
                0x00000108       0x20 ./Core/Src/stm32f7xx_hal_msp.o
 .debug_aranges
                0x00000128       0x20 ./Core/Src/stm32f7xx_it.o
 .debug_aranges
                0x00000148       0x28 ./Core/Src/system_stm32f7xx.o
 .debug_aranges
                0x00000170       0x28 ./Core/Startup/startup_stm32f769nihx.o
 .debug_aranges
                0x00000198       0x80 ./Drivers/BSP/Components/wm8994/wm8994.o
 .debug_aranges
                0x00000218      0x130 ./Drivers/BSP/STM32F769I-Discovery/stm32f769i_discovery.o
 .debug_aranges
                0x00000348       0xe0 ./Drivers/STM32F7xx_HAL_Driver/Src/stm32f7xx_hal.o
 .debug_aranges
                0x00000428      0x118 ./Drivers/STM32F7xx_HAL_Driver/Src/stm32f7xx_hal_cortex.o
 .debug_aranges
                0x00000540       0x90 ./Drivers/STM32F7xx_HAL_Driver/Src/stm32f7xx_hal_dma.o
 .debug_aranges
                0x000005d0       0x58 ./Drivers/STM32F7xx_HAL_Driver/Src/stm32f7xx_hal_gpio.o
 .debug_aranges
                0x00000628      0x260 ./Drivers/STM32F7xx_HAL_Driver/Src/stm32f7xx_hal_i2c.o
 .debug_aranges
                0x00000888       0x80 ./Drivers/STM32F7xx_HAL_Driver/Src/stm32f7xx_hal_pwr_ex.o
 .debug_aranges
                0x00000908       0x88 ./Drivers/STM32F7xx_HAL_Driver/Src/stm32f7xx_hal_rcc.o
 .debug_aranges
                0x00000990       0x30 ./Drivers/STM32F7xx_HAL_Driver/Src/stm32f7xx_hal_rcc_ex.o
 .debug_aranges
                0x000009c0      0x178 ./Drivers/STM32F7xx_HAL_Driver/Src/stm32f7xx_hal_sai.o

.debug_rnglists
                0x00000000      0x883
 .debug_rnglists
                0x00000000       0x2e ./Core/Src/ece5210.o
 .debug_rnglists
                0x0000002e       0x20 ./Core/Src/main.o
 .debug_rnglists
                0x0000004e       0x73 ./Core/Src/myaudio.o
 .debug_rnglists
                0x000000c1       0x13 ./Core/Src/stm32f7xx_hal_msp.o
 .debug_rnglists
                0x000000d4       0x13 ./Core/Src/stm32f7xx_it.o
 .debug_rnglists
                0x000000e7       0x1a ./Core/Src/system_stm32f7xx.o
 .debug_rnglists
                0x00000101       0x19 ./Core/Startup/startup_stm32f769nihx.o
 .debug_rnglists
                0x0000011a       0x61 ./Drivers/BSP/Components/wm8994/wm8994.o
 .debug_rnglists
                0x0000017b       0xe1 ./Drivers/BSP/STM32F769I-Discovery/stm32f769i_discovery.o
 .debug_rnglists
                0x0000025c       0xa3 ./Drivers/STM32F7xx_HAL_Driver/Src/stm32f7xx_hal.o
 .debug_rnglists
                0x000002ff       0xce ./Drivers/STM32F7xx_HAL_Driver/Src/stm32f7xx_hal_cortex.o
 .debug_rnglists
                0x000003cd       0x70 ./Drivers/STM32F7xx_HAL_Driver/Src/stm32f7xx_hal_dma.o
 .debug_rnglists
                0x0000043d       0x3f ./Drivers/STM32F7xx_HAL_Driver/Src/stm32f7xx_hal_gpio.o
 .debug_rnglists
                0x0000047c      0x1ee ./Drivers/STM32F7xx_HAL_Driver/Src/stm32f7xx_hal_i2c.o
 .debug_rnglists
                0x0000066a       0x5f ./Drivers/STM32F7xx_HAL_Driver/Src/stm32f7xx_hal_pwr_ex.o
 .debug_rnglists
                0x000006c9       0x67 ./Drivers/STM32F7xx_HAL_Driver/Src/stm32f7xx_hal_rcc.o
 .debug_rnglists
                0x00000730       0x22 ./Drivers/STM32F7xx_HAL_Driver/Src/stm32f7xx_hal_rcc_ex.o
 .debug_rnglists
                0x00000752      0x131 ./Drivers/STM32F7xx_HAL_Driver/Src/stm32f7xx_hal_sai.o

.debug_macro    0x00000000    0x2dd8d
 .debug_macro   0x00000000      0x19f ./Core/Src/ece5210.o
 .debug_macro   0x0000019f      0xacc ./Core/Src/ece5210.o
 .debug_macro   0x00000c6b       0x22 ./Core/Src/ece5210.o
 .debug_macro   0x00000c8d       0x8e ./Core/Src/ece5210.o
 .debug_macro   0x00000d1b       0x51 ./Core/Src/ece5210.o
 .debug_macro   0x00000d6c      0x103 ./Core/Src/ece5210.o
 .debug_macro   0x00000e6f       0x6a ./Core/Src/ece5210.o
 .debug_macro   0x00000ed9      0x1df ./Core/Src/ece5210.o
 .debug_macro   0x000010b8       0x61 ./Core/Src/ece5210.o
 .debug_macro   0x00001119       0x29 ./Core/Src/ece5210.o
 .debug_macro   0x00001142       0x43 ./Core/Src/ece5210.o
 .debug_macro   0x00001185       0x34 ./Core/Src/ece5210.o
 .debug_macro   0x000011b9       0x16 ./Core/Src/ece5210.o
 .debug_macro   0x000011cf       0x9e ./Core/Src/ece5210.o
 .debug_macro   0x0000126d      0x369 ./Core/Src/ece5210.o
 .debug_macro   0x000015d6      0x10b ./Core/Src/ece5210.o
 .debug_macro   0x000016e1       0x10 ./Core/Src/ece5210.o
 .debug_macro   0x000016f1       0x16 ./Core/Src/ece5210.o
 .debug_macro   0x00001707       0x43 ./Core/Src/ece5210.o
 .debug_macro   0x0000174a       0x34 ./Core/Src/ece5210.o
 .debug_macro   0x0000177e       0x10 ./Core/Src/ece5210.o
 .debug_macro   0x0000178e       0x58 ./Core/Src/ece5210.o
 .debug_macro   0x000017e6       0x8e ./Core/Src/ece5210.o
 .debug_macro   0x00001874       0x1c ./Core/Src/ece5210.o
 .debug_macro   0x00001890      0x177 ./Core/Src/ece5210.o
 .debug_macro   0x00001a07       0x16 ./Core/Src/ece5210.o
 .debug_macro   0x00001a1d       0x16 ./Core/Src/ece5210.o
 .debug_macro   0x00001a33      0x146 ./Core/Src/ece5210.o
 .debug_macro   0x00001b79       0x16 ./Core/Src/ece5210.o
 .debug_macro   0x00001b8f       0x35 ./Core/Src/ece5210.o
 .debug_macro   0x00001bc4       0x20 ./Core/Src/ece5210.o
 .debug_macro   0x00001be4      0x19b ./Core/Src/ece5210.o
 .debug_macro   0x00001d7f      0x2d1 ./Core/Src/main.o
 .debug_macro   0x00002050      0x84a ./Core/Src/main.o
 .debug_macro   0x0000289a      0x185 ./Core/Src/main.o
 .debug_macro   0x00002a1f       0x2e ./Core/Src/main.o
 .debug_macro   0x00002a4d       0x3b ./Core/Src/main.o
 .debug_macro   0x00002a88       0x35 ./Core/Src/main.o
 .debug_macro   0x00002abd       0x50 ./Core/Src/main.o
 .debug_macro   0x00002b0d     0x1114 ./Core/Src/main.o
 .debug_macro   0x00003c21    0x1f9e8 ./Core/Src/main.o
 .debug_macro   0x00023609       0x43 ./Core/Src/main.o
 .debug_macro   0x0002364c     0x35c8 ./Core/Src/main.o
 .debug_macro   0x00026c14       0x57 ./Core/Src/main.o
 .debug_macro   0x00026c6b     0x1b3f ./Core/Src/main.o
 .debug_macro   0x000287aa      0x6a2 ./Core/Src/main.o
 .debug_macro   0x00028e4c      0x11e ./Core/Src/main.o
 .debug_macro   0x00028f6a      0x27e ./Core/Src/main.o
 .debug_macro   0x000291e8       0x27 ./Core/Src/main.o
 .debug_macro   0x0002920f      0x24f ./Core/Src/main.o
 .debug_macro   0x0002945e       0x71 ./Core/Src/main.o
 .debug_macro   0x000294cf       0x58 ./Core/Src/main.o
 .debug_macro   0x00029527      0x23a ./Core/Src/main.o
 .debug_macro   0x00029761      0x156 ./Core/Src/main.o
 .debug_macro   0x000298b7      0x3de ./Core/Src/main.o
 .debug_macro   0x00029c95       0x12 ./Core/Src/main.o
 .debug_macro   0x00029ca7      0x202 ./Core/Src/main.o
 .debug_macro   0x00029ea9       0x61 ./Core/Src/main.o
 .debug_macro   0x00029f0a       0x90 ./Core/Src/main.o
 .debug_macro   0x00029f9a      0x133 ./Core/Src/main.o
 .debug_macro   0x0002a0cd      0x10c ./Core/Src/main.o
 .debug_macro   0x0002a1d9       0x35 ./Core/Src/main.o
 .debug_macro   0x0002a20e      0x447 ./Core/Src/main.o
 .debug_macro   0x0002a655      0x4e8 ./Core/Src/main.o
 .debug_macro   0x0002ab3d       0x47 ./Core/Src/main.o
 .debug_macro   0x0002ab84      0x2a3 ./Core/Src/main.o
 .debug_macro   0x0002ae27      0x158 ./Core/Src/main.o
 .debug_macro   0x0002af7f      0x1d6 ./Core/Src/main.o
 .debug_macro   0x0002b155      0x3d6 ./Core/Src/myaudio.o
 .debug_macro   0x0002b52b       0x16 ./Core/Src/myaudio.o
 .debug_macro   0x0002b541       0xbe ./Core/Src/myaudio.o
 .debug_macro   0x0002b5ff      0x2ba ./Core/Src/stm32f7xx_hal_msp.o
 .debug_macro   0x0002b8b9      0x2c4 ./Core/Src/stm32f7xx_it.o
 .debug_macro   0x0002bb7d      0x2b1 ./Core/Src/system_stm32f7xx.o
 .debug_macro   0x0002be2e       0x81 ./Drivers/BSP/Components/wm8994/wm8994.o
 .debug_macro   0x0002beaf       0x10 ./Drivers/BSP/Components/wm8994/wm8994.o
 .debug_macro   0x0002bebf      0x2e7 ./Drivers/BSP/STM32F769I-Discovery/stm32f769i_discovery.o
 .debug_macro   0x0002c1a6      0x1d0 ./Drivers/BSP/STM32F769I-Discovery/stm32f769i_discovery.o
 .debug_macro   0x0002c376      0x2de ./Drivers/STM32F7xx_HAL_Driver/Src/stm32f7xx_hal.o
 .debug_macro   0x0002c654      0x2ba ./Drivers/STM32F7xx_HAL_Driver/Src/stm32f7xx_hal_cortex.o
 .debug_macro   0x0002c90e      0x2c1 ./Drivers/STM32F7xx_HAL_Driver/Src/stm32f7xx_hal_dma.o
 .debug_macro   0x0002cbcf      0x2f2 ./Drivers/STM32F7xx_HAL_Driver/Src/stm32f7xx_hal_gpio.o
 .debug_macro   0x0002cec1      0x386 ./Drivers/STM32F7xx_HAL_Driver/Src/stm32f7xx_hal_i2c.o
 .debug_macro   0x0002d247      0x2d2 ./Drivers/STM32F7xx_HAL_Driver/Src/stm32f7xx_hal_pwr_ex.o
 .debug_macro   0x0002d519      0x2de ./Drivers/STM32F7xx_HAL_Driver/Src/stm32f7xx_hal_rcc.o
 .debug_macro   0x0002d7f7      0x2c6 ./Drivers/STM32F7xx_HAL_Driver/Src/stm32f7xx_hal_rcc_ex.o
 .debug_macro   0x0002dabd      0x2d0 ./Drivers/STM32F7xx_HAL_Driver/Src/stm32f7xx_hal_sai.o

.debug_line     0x00000000     0xf960
 .debug_line    0x00000000      0x7b3 ./Core/Src/ece5210.o
 .debug_line    0x000007b3      0x922 ./Core/Src/main.o
 .debug_line    0x000010d5      0xc52 ./Core/Src/myaudio.o
 .debug_line    0x00001d27      0x850 ./Core/Src/stm32f7xx_hal_msp.o
 .debug_line    0x00002577      0x857 ./Core/Src/stm32f7xx_it.o
 .debug_line    0x00002dce      0x8ee ./Core/Src/system_stm32f7xx.o
 .debug_line    0x000036bc       0x7a ./Core/Startup/startup_stm32f769nihx.o
 .debug_line    0x00003736      0xad6 ./Drivers/BSP/Components/wm8994/wm8994.o
 .debug_line    0x0000420c      0xcc1 ./Drivers/BSP/STM32F769I-Discovery/stm32f769i_discovery.o
 .debug_line    0x00004ecd      0xadd ./Drivers/STM32F7xx_HAL_Driver/Src/stm32f7xx_hal.o
 .debug_line    0x000059aa      0xdd4 ./Drivers/STM32F7xx_HAL_Driver/Src/stm32f7xx_hal_cortex.o
 .debug_line    0x0000677e     0x10bd ./Drivers/STM32F7xx_HAL_Driver/Src/stm32f7xx_hal_dma.o
 .debug_line    0x0000783b      0xcf6 ./Drivers/STM32F7xx_HAL_Driver/Src/stm32f7xx_hal_gpio.o
 .debug_line    0x00008531     0x2c76 ./Drivers/STM32F7xx_HAL_Driver/Src/stm32f7xx_hal_i2c.o
 .debug_line    0x0000b1a7      0xb0f ./Drivers/STM32F7xx_HAL_Driver/Src/stm32f7xx_hal_pwr_ex.o
 .debug_line    0x0000bcb6      0xfbf ./Drivers/STM32F7xx_HAL_Driver/Src/stm32f7xx_hal_rcc.o
 .debug_line    0x0000cc75     0x12a4 ./Drivers/STM32F7xx_HAL_Driver/Src/stm32f7xx_hal_rcc_ex.o
 .debug_line    0x0000df19     0x1a47 ./Drivers/STM32F7xx_HAL_Driver/Src/stm32f7xx_hal_sai.o

.debug_str      0x00000000   0x10d665
 .debug_str     0x00000000     0x7f86 ./Core/Src/ece5210.o
                               0x818e (size before relaxing)
 .debug_str     0x00007f86   0x1015ee ./Core/Src/main.o
                             0x108fba (size before relaxing)
 .debug_str     0x00109574     0x142b ./Core/Src/myaudio.o
                             0x109709 (size before relaxing)
 .debug_str     0x0010a99f       0x49 ./Core/Src/stm32f7xx_hal_msp.o
                             0x107ddb (size before relaxing)
 .debug_str     0x0010a9e8       0x60 ./Core/Src/stm32f7xx_it.o
                             0x107777 (size before relaxing)
 .debug_str     0x0010aa48      0x1b9 ./Core/Src/system_stm32f7xx.o
                             0x10686a (size before relaxing)
 .debug_str     0x0010ac01       0x44 ./Core/Startup/startup_stm32f769nihx.o
                                 0x99 (size before relaxing)
 .debug_str     0x0010ac45      0x1e1 ./Drivers/BSP/Components/wm8994/wm8994.o
                               0x44a8 (size before relaxing)
 .debug_str     0x0010ae26      0x763 ./Drivers/BSP/STM32F769I-Discovery/stm32f769i_discovery.o
                             0x10964c (size before relaxing)
 .debug_str     0x0010b589      0x339 ./Drivers/STM32F7xx_HAL_Driver/Src/stm32f7xx_hal.o
                             0x108354 (size before relaxing)
 .debug_str     0x0010b8c2      0x301 ./Drivers/STM32F7xx_HAL_Driver/Src/stm32f7xx_hal_cortex.o
                             0x1083e3 (size before relaxing)
 .debug_str     0x0010bbc3      0x2fe ./Drivers/STM32F7xx_HAL_Driver/Src/stm32f7xx_hal_dma.o
                             0x107d39 (size before relaxing)
 .debug_str     0x0010bec1      0x1e7 ./Drivers/STM32F7xx_HAL_Driver/Src/stm32f7xx_hal_gpio.o
                             0x107bb9 (size before relaxing)
 .debug_str     0x0010c0a8      0xced ./Drivers/STM32F7xx_HAL_Driver/Src/stm32f7xx_hal_i2c.o
                             0x108a52 (size before relaxing)
 .debug_str     0x0010cd95      0x1dd ./Drivers/STM32F7xx_HAL_Driver/Src/stm32f7xx_hal_pwr_ex.o
                             0x107c75 (size before relaxing)
 .debug_str     0x0010cf72      0x234 ./Drivers/STM32F7xx_HAL_Driver/Src/stm32f7xx_hal_rcc.o
                             0x107d4b (size before relaxing)
 .debug_str     0x0010d1a6       0xde ./Drivers/STM32F7xx_HAL_Driver/Src/stm32f7xx_hal_rcc_ex.o
                             0x107caa (size before relaxing)
 .debug_str     0x0010d284      0x3e1 ./Drivers/STM32F7xx_HAL_Driver/Src/stm32f7xx_hal_sai.o
                             0x108172 (size before relaxing)

.comment        0x00000000       0x43
 .comment       0x00000000       0x43 ./Core/Src/ece5210.o
                                 0x44 (size before relaxing)
 .comment       0x00000043       0x44 ./Core/Src/main.o
 .comment       0x00000043       0x44 ./Core/Src/myaudio.o
 .comment       0x00000043       0x44 ./Core/Src/stm32f7xx_hal_msp.o
 .comment       0x00000043       0x44 ./Core/Src/stm32f7xx_it.o
 .comment       0x00000043       0x44 ./Core/Src/system_stm32f7xx.o
 .comment       0x00000043       0x44 ./Drivers/BSP/Components/wm8994/wm8994.o
 .comment       0x00000043       0x44 ./Drivers/BSP/STM32F769I-Discovery/stm32f769i_discovery.o
 .comment       0x00000043       0x44 ./Drivers/STM32F7xx_HAL_Driver/Src/stm32f7xx_hal.o
 .comment       0x00000043       0x44 ./Drivers/STM32F7xx_HAL_Driver/Src/stm32f7xx_hal_cortex.o
 .comment       0x00000043       0x44 ./Drivers/STM32F7xx_HAL_Driver/Src/stm32f7xx_hal_dma.o
 .comment       0x00000043       0x44 ./Drivers/STM32F7xx_HAL_Driver/Src/stm32f7xx_hal_gpio.o
 .comment       0x00000043       0x44 ./Drivers/STM32F7xx_HAL_Driver/Src/stm32f7xx_hal_i2c.o
 .comment       0x00000043       0x44 ./Drivers/STM32F7xx_HAL_Driver/Src/stm32f7xx_hal_pwr_ex.o
 .comment       0x00000043       0x44 ./Drivers/STM32F7xx_HAL_Driver/Src/stm32f7xx_hal_rcc.o
 .comment       0x00000043       0x44 ./Drivers/STM32F7xx_HAL_Driver/Src/stm32f7xx_hal_rcc_ex.o
 .comment       0x00000043       0x44 ./Drivers/STM32F7xx_HAL_Driver/Src/stm32f7xx_hal_sai.o

.debug_frame    0x00000000     0x2fbc
 .debug_frame   0x00000000       0xdc ./Core/Src/ece5210.o
 .debug_frame   0x000000dc       0x70 ./Core/Src/main.o
 .debug_frame   0x0000014c      0x244 ./Core/Src/myaudio.o
 .debug_frame   0x00000390       0x2c ./Core/Src/stm32f7xx_hal_msp.o
 .debug_frame   0x000003bc       0x2c ./Core/Src/stm32f7xx_it.o
 .debug_frame   0x000003e8       0x58 ./Core/Src/system_stm32f7xx.o
 .debug_frame   0x00000440      0x1e8 ./Drivers/BSP/Components/wm8994/wm8994.o
 .debug_frame   0x00000628      0x4d4 ./Drivers/BSP/STM32F769I-Discovery/stm32f769i_discovery.o
 .debug_frame   0x00000afc      0x330 ./Drivers/STM32F7xx_HAL_Driver/Src/stm32f7xx_hal.o
 .debug_frame   0x00000e2c      0x498 ./Drivers/STM32F7xx_HAL_Driver/Src/stm32f7xx_hal_cortex.o
 .debug_frame   0x000012c4      0x250 ./Drivers/STM32F7xx_HAL_Driver/Src/stm32f7xx_hal_dma.o
 .debug_frame   0x00001514      0x14c ./Drivers/STM32F7xx_HAL_Driver/Src/stm32f7xx_hal_gpio.o
 .debug_frame   0x00001660      0xafc ./Drivers/STM32F7xx_HAL_Driver/Src/stm32f7xx_hal_i2c.o
 .debug_frame   0x0000215c      0x1c8 ./Drivers/STM32F7xx_HAL_Driver/Src/stm32f7xx_hal_pwr_ex.o
 .debug_frame   0x00002324      0x1fc ./Drivers/STM32F7xx_HAL_Driver/Src/stm32f7xx_hal_rcc.o
 .debug_frame   0x00002520       0x88 ./Drivers/STM32F7xx_HAL_Driver/Src/stm32f7xx_hal_rcc_ex.o
 .debug_frame   0x000025a8      0x698 ./Drivers/STM32F7xx_HAL_Driver/Src/stm32f7xx_hal_sai.o
 .debug_frame   0x00002c40      0x144 /Applications/STM32CubeIDE.app/Contents/Eclipse/plugins/com.st.stm32cube.ide.mcu.externaltools.gnu-tools-for-stm32.12.3.rel1.macos64_1.0.100.202403111906/tools/bin/../lib/gcc/arm-none-eabi/12.3.1/../../../../arm-none-eabi/lib/thumb/v7e-m+dp/hard/libc_nano.a(libc_a-findfp.o)
 .debug_frame   0x00002d84       0x20 /Applications/STM32CubeIDE.app/Contents/Eclipse/plugins/com.st.stm32cube.ide.mcu.externaltools.gnu-tools-for-stm32.12.3.rel1.macos64_1.0.100.202403111906/tools/bin/../lib/gcc/arm-none-eabi/12.3.1/../../../../arm-none-eabi/lib/thumb/v7e-m+dp/hard/libc_nano.a(libc_a-errno.o)
 .debug_frame   0x00002da4       0x2c /Applications/STM32CubeIDE.app/Contents/Eclipse/plugins/com.st.stm32cube.ide.mcu.externaltools.gnu-tools-for-stm32.12.3.rel1.macos64_1.0.100.202403111906/tools/bin/../lib/gcc/arm-none-eabi/12.3.1/../../../../arm-none-eabi/lib/thumb/v7e-m+dp/hard/libc_nano.a(libc_a-init.o)
 .debug_frame   0x00002dd0       0x58 /Applications/STM32CubeIDE.app/Contents/Eclipse/plugins/com.st.stm32cube.ide.mcu.externaltools.gnu-tools-for-stm32.12.3.rel1.macos64_1.0.100.202403111906/tools/bin/../lib/gcc/arm-none-eabi/12.3.1/../../../../arm-none-eabi/lib/thumb/v7e-m+dp/hard/libm.a(libm_a-sinf.o)
 .debug_frame   0x00002e28       0x50 /Applications/STM32CubeIDE.app/Contents/Eclipse/plugins/com.st.stm32cube.ide.mcu.externaltools.gnu-tools-for-stm32.12.3.rel1.macos64_1.0.100.202403111906/tools/bin/../lib/gcc/arm-none-eabi/12.3.1/../../../../arm-none-eabi/lib/thumb/v7e-m+dp/hard/libm.a(libm_a-cosf.o)
 .debug_frame   0x00002e78       0x98 /Applications/STM32CubeIDE.app/Contents/Eclipse/plugins/com.st.stm32cube.ide.mcu.externaltools.gnu-tools-for-stm32.12.3.rel1.macos64_1.0.100.202403111906/tools/bin/../lib/gcc/arm-none-eabi/12.3.1/../../../../arm-none-eabi/lib/thumb/v7e-m+dp/hard/libm.a(libm_a-math_errf.o)
 .debug_frame   0x00002f10       0xac /Applications/STM32CubeIDE.app/Contents/Eclipse/plugins/com.st.stm32cube.ide.mcu.externaltools.gnu-tools-for-stm32.12.3.rel1.macos64_1.0.100.202403111906/tools/bin/../lib/gcc/arm-none-eabi/12.3.1/thumb/v7e-m+dp/hard/libgcc.a(_arm_addsubdf3.o)

.debug_line_str
                0x00000000       0x7d
 .debug_line_str
                0x00000000       0x7d ./Core/Startup/startup_stm32f769nihx.o
