Archive member included to satisfy reference by file (symbol)

/Applications/STM32CubeIDE.app/Contents/Eclipse/plugins/com.st.stm32cube.ide.mcu.externaltools.gnu-tools-for-stm32.11.3.rel1.macos64_1.1.100.202310310803/tools/bin/../lib/gcc/arm-none-eabi/11.3.1/../../../../arm-none-eabi/lib/thumb/v7e-m+dp/hard/libc_nano.a(libc_a-exit.o)
                              /Applications/STM32CubeIDE.app/Contents/Eclipse/plugins/com.st.stm32cube.ide.mcu.externaltools.gnu-tools-for-stm32.11.3.rel1.macos64_1.1.100.202310310803/tools/bin/../lib/gcc/arm-none-eabi/11.3.1/../../../../arm-none-eabi/lib/thumb/v7e-m+dp/hard/crt0.o (exit)
/Applications/STM32CubeIDE.app/Contents/Eclipse/plugins/com.st.stm32cube.ide.mcu.externaltools.gnu-tools-for-stm32.11.3.rel1.macos64_1.1.100.202310310803/tools/bin/../lib/gcc/arm-none-eabi/11.3.1/../../../../arm-none-eabi/lib/thumb/v7e-m+dp/hard/libc_nano.a(libc_a-findfp.o)
                              /Applications/STM32CubeIDE.app/Contents/Eclipse/plugins/com.st.stm32cube.ide.mcu.externaltools.gnu-tools-for-stm32.11.3.rel1.macos64_1.1.100.202310310803/tools/bin/../lib/gcc/arm-none-eabi/11.3.1/../../../../arm-none-eabi/lib/thumb/v7e-m+dp/hard/libc_nano.a(libc_a-exit.o) (__stdio_exit_handler)
/Applications/STM32CubeIDE.app/Contents/Eclipse/plugins/com.st.stm32cube.ide.mcu.externaltools.gnu-tools-for-stm32.11.3.rel1.macos64_1.1.100.202310310803/tools/bin/../lib/gcc/arm-none-eabi/11.3.1/../../../../arm-none-eabi/lib/thumb/v7e-m+dp/hard/libc_nano.a(libc_a-fwalk.o)
                              /Applications/STM32CubeIDE.app/Contents/Eclipse/plugins/com.st.stm32cube.ide.mcu.externaltools.gnu-tools-for-stm32.11.3.rel1.macos64_1.1.100.202310310803/tools/bin/../lib/gcc/arm-none-eabi/11.3.1/../../../../arm-none-eabi/lib/thumb/v7e-m+dp/hard/libc_nano.a(libc_a-findfp.o) (_fwalk_sglue)
/Applications/STM32CubeIDE.app/Contents/Eclipse/plugins/com.st.stm32cube.ide.mcu.externaltools.gnu-tools-for-stm32.11.3.rel1.macos64_1.1.100.202310310803/tools/bin/../lib/gcc/arm-none-eabi/11.3.1/../../../../arm-none-eabi/lib/thumb/v7e-m+dp/hard/libc_nano.a(libc_a-memset.o)
                              /Applications/STM32CubeIDE.app/Contents/Eclipse/plugins/com.st.stm32cube.ide.mcu.externaltools.gnu-tools-for-stm32.11.3.rel1.macos64_1.1.100.202310310803/tools/bin/../lib/gcc/arm-none-eabi/11.3.1/../../../../arm-none-eabi/lib/thumb/v7e-m+dp/hard/crt0.o (memset)
/Applications/STM32CubeIDE.app/Contents/Eclipse/plugins/com.st.stm32cube.ide.mcu.externaltools.gnu-tools-for-stm32.11.3.rel1.macos64_1.1.100.202310310803/tools/bin/../lib/gcc/arm-none-eabi/11.3.1/../../../../arm-none-eabi/lib/thumb/v7e-m+dp/hard/libc_nano.a(libc_a-impure.o)
                              /Applications/STM32CubeIDE.app/Contents/Eclipse/plugins/com.st.stm32cube.ide.mcu.externaltools.gnu-tools-for-stm32.11.3.rel1.macos64_1.1.100.202310310803/tools/bin/../lib/gcc/arm-none-eabi/11.3.1/../../../../arm-none-eabi/lib/thumb/v7e-m+dp/hard/libc_nano.a(libc_a-findfp.o) (_impure_data)
/Applications/STM32CubeIDE.app/Contents/Eclipse/plugins/com.st.stm32cube.ide.mcu.externaltools.gnu-tools-for-stm32.11.3.rel1.macos64_1.1.100.202310310803/tools/bin/../lib/gcc/arm-none-eabi/11.3.1/../../../../arm-none-eabi/lib/thumb/v7e-m+dp/hard/libc_nano.a(libc_a-errno.o)
                              ./Core/Src/syscalls.o (__errno)
/Applications/STM32CubeIDE.app/Contents/Eclipse/plugins/com.st.stm32cube.ide.mcu.externaltools.gnu-tools-for-stm32.11.3.rel1.macos64_1.1.100.202310310803/tools/bin/../lib/gcc/arm-none-eabi/11.3.1/../../../../arm-none-eabi/lib/thumb/v7e-m+dp/hard/libc_nano.a(libc_a-init.o)
                              /Applications/STM32CubeIDE.app/Contents/Eclipse/plugins/com.st.stm32cube.ide.mcu.externaltools.gnu-tools-for-stm32.11.3.rel1.macos64_1.1.100.202310310803/tools/bin/../lib/gcc/arm-none-eabi/11.3.1/../../../../arm-none-eabi/lib/thumb/v7e-m+dp/hard/crt0.o (__libc_init_array)
/Applications/STM32CubeIDE.app/Contents/Eclipse/plugins/com.st.stm32cube.ide.mcu.externaltools.gnu-tools-for-stm32.11.3.rel1.macos64_1.1.100.202310310803/tools/bin/../lib/gcc/arm-none-eabi/11.3.1/../../../../arm-none-eabi/lib/thumb/v7e-m+dp/hard/libc_nano.a(libc_a-lock.o)
                              /Applications/STM32CubeIDE.app/Contents/Eclipse/plugins/com.st.stm32cube.ide.mcu.externaltools.gnu-tools-for-stm32.11.3.rel1.macos64_1.1.100.202310310803/tools/bin/../lib/gcc/arm-none-eabi/11.3.1/../../../../arm-none-eabi/lib/thumb/v7e-m+dp/hard/libc_nano.a(libc_a-findfp.o) (__retarget_lock_init_recursive)
/Applications/STM32CubeIDE.app/Contents/Eclipse/plugins/com.st.stm32cube.ide.mcu.externaltools.gnu-tools-for-stm32.11.3.rel1.macos64_1.1.100.202310310803/tools/bin/../lib/gcc/arm-none-eabi/11.3.1/../../../../arm-none-eabi/lib/thumb/v7e-m+dp/hard/libc_nano.a(libc_a-mallocr.o)
[...]
Memory Configuration

Name             Origin             Length             Attributes
RAM              0x0000000020000000 0x0000000000080000 xrw
FLASH            0x0000000008000000 0x0000000000200000 xr
*default*        0x0000000000000000 0xffffffffffffffff

Linker script and memory map

LOAD /Applications/STM32CubeIDE.app/Contents/Eclipse/plugins/com.st.stm32cube.ide.mcu.externaltools.gnu-tools-for-stm32.11.3.rel1.macos64_1.1.100.202310310803/tools/bin/../lib/gcc/arm-none-eabi/11.3.1/thumb/v7e-m+dp/hard/crti.o
LOAD /Applications/STM32CubeIDE.app/Contents/Eclipse/plugins/com.st.stm32cube.ide.mcu.externaltools.gnu-tools-for-stm32.11.3.rel1.macos64_1.1.100.202310310803/tools/bin/../lib/gcc/arm-none-eabi/11.3.1/thumb/v7e-m+dp/hard/crtbegin.o
LOAD /Applications/STM32CubeIDE.app/Contents/Eclipse/plugins/com.st.stm32cube.ide.mcu.externaltools.gnu-tools-for-stm32.11.3.rel1.macos64_1.1.100.202310310803/tools/bin/../lib/gcc/arm-none-eabi/11.3.1/../../../../arm-none-eabi/lib/thumb/v7e-m+dp/hard/crt0.o
LOAD ./Core/Src/ece5210.o
LOAD ./Core/Src/main.o
LOAD ./Core/Src/myaudio.o
LOAD ./Core/Src/stm32f7xx_hal_msp.o
LOAD ./Core/Src/stm32f7xx_it.o
LOAD ./Core/Src/syscalls.o
LOAD ./Core/Src/system_stm32f7xx.o
LOAD ./Core/Startup/startup_stm32f769nihx.o
LOAD ./Drivers/BSP/Components/wm8994/wm8994.o
LOAD ./Drivers/BSP/STM32F769I-Discovery/stm32f769i_discovery.o
LOAD ./Drivers/STM32F7xx_HAL_Driver/Src/stm32f7xx_hal.o
LOAD ./Drivers/STM32F7xx_HAL_Driver/Src/stm32f7xx_hal_cortex.o
LOAD ./Drivers/STM32F7xx_HAL_Driver/Src/stm32f7xx_hal_dfsdm.o
LOAD ./Drivers/STM32F7xx_HAL_Driver/Src/stm32f7xx_hal_dma.o
LOAD ./Drivers/STM32F7xx_HAL_Driver/Src/stm32f7xx_hal_dma_ex.o
LOAD ./Drivers/STM32F7xx_HAL_Driver/Src/stm32f7xx_hal_flash.o
LOAD ./Drivers/STM32F7xx_HAL_Driver/Src/stm32f7xx_hal_flash_ex.o
LOAD ./Drivers/STM32F7xx_HAL_Driver/Src/stm32f7xx_hal_gpio.o
LOAD ./Drivers/STM32F7xx_HAL_Driver/Src/stm32f7xx_hal_i2c.o
LOAD ./Drivers/STM32F7xx_HAL_Driver/Src/stm32f7xx_hal_i2c_ex.o
LOAD ./Drivers/STM32F7xx_HAL_Driver/Src/stm32f7xx_hal_pwr.o
LOAD ./Drivers/STM32F7xx_HAL_Driver/Src/stm32f7xx_hal_pwr_ex.o
LOAD ./Drivers/STM32F7xx_HAL_Driver/Src/stm32f7xx_hal_rcc.o
LOAD ./Drivers/STM32F7xx_HAL_Driver/Src/stm32f7xx_hal_rcc_ex.o
LOAD ./Drivers/STM32F7xx_HAL_Driver/Src/stm32f7xx_hal_sai.o
LOAD ./Drivers/STM32F7xx_HAL_Driver/Src/stm32f7xx_hal_sai_ex.o
LOAD ./Drivers/STM32F7xx_HAL_Driver/Src/stm32f7xx_hal_tim.o
LOAD ./Drivers/STM32F7xx_HAL_Driver/Src/stm32f7xx_hal_tim_ex.o
LOAD ./Drivers/STM32F7xx_HAL_Driver/Src/stm32f7xx_hal_uart.o
START GROUP
LOAD /Applications/STM32CubeIDE.app/Contents/Eclipse/plugins/com.st.stm32cube.ide.mcu.externaltools.gnu-tools-for-stm32.11.3.rel1.macos64_1.1.100.202310310803/tools/bin/../lib/gcc/arm-none-eabi/11.3.1/../../../../arm-none-eabi/lib/thumb/v7e-m+dp/hard/libc_nano.a
LOAD /Applications/STM32CubeIDE.app/Contents/Eclipse/plugins/com.st.stm32cube.ide.mcu.externaltools.gnu-tools-for-stm32.11.3.rel1.macos64_1.1.100.202310310803/tools/bin/../lib/gcc/arm-none-eabi/11.3.1/../../../../arm-none-eabi/lib/thumb/v7e-m+dp/hard/libm.a
END GROUP
START GROUP
LOAD /Applications/STM32CubeIDE.app/Contents/Eclipse/plugins/com.st.stm32cube.ide.mcu.externaltools.gnu-tools-for-stm32.11.3.rel1.macos64_1.1.100.202310310803/tools/bin/../lib/gcc/arm-none-eabi/11.3.1/thumb/v7e-m+dp/hard/libgcc.a
LOAD /Applications/STM32CubeIDE.app/Contents/Eclipse/plugins/com.st.stm32cube.ide.mcu.externaltools.gnu-tools-for-stm32.11.3.rel1.macos64_1.1.100.202310310803/tools/bin/../lib/gcc/arm-none-eabi/11.3.1/../../../../arm-none-eabi/lib/thumb/v7e-m+dp/hard/libc_nano.a
END GROUP
START GROUP
LOAD /Applications/STM32CubeIDE.app/Contents/Eclipse/plugins/com.st.stm32cube.ide.mcu.externaltools.gnu-tools-for-stm32.11.3.rel1.macos64_1.1.100.202310310803/tools/bin/../lib/gcc/arm-none-eabi/11.3.1/thumb/v7e-m+dp/hard/libgcc.a
LOAD /Applications/STM32CubeIDE.app/Contents/Eclipse/plugins/com.st.stm32cube.ide.mcu.externaltools.gnu-tools-for-stm32.11.3.rel1.macos64_1.1.100.202310310803/tools/bin/../lib/gcc/arm-none-eabi/11.3.1/../../../../arm-none-eabi/lib/thumb/v7e-m+dp/hard/libc_nano.a
LOAD /Applications/STM32CubeIDE.app/Contents/Eclipse/plugins/com.st.stm32cube.ide.mcu.externaltools.gnu-tools-for-stm32.11.3.rel1.macos64_1.1.100.202310310803/tools/bin/../lib/gcc/arm-none-eabi/11.3.1/../../../../arm-none-eabi/lib/thumb/v7e-m+dp/hard/libnosys.a
END GROUP
START GROUP
LOAD /Applications/STM32CubeIDE.app/Contents/Eclipse/plugins/com.st.stm32cube.ide.mcu.externaltools.gnu-tools-for-stm32.11.3.rel1.macos64_1.1.100.202310310803/tools/bin/../lib/gcc/arm-none-eabi/11.3.1/thumb/v7e-m+dp/hard/libgcc.a
LOAD /Applications/STM32CubeIDE.app/Contents/Eclipse/plugins/com.st.stm32cube.ide.mcu.externaltools.gnu-tools-for-stm32.11.3.rel1.macos64_1.1.100.202310310803/tools/bin/../lib/gcc/arm-none-eabi/11.3.1/../../../../arm-none-eabi/lib/thumb/v7e-m+dp/hard/libc_nano.a
LOAD /Applications/STM32CubeIDE.app/Contents/Eclipse/plugins/com.st.stm32cube.ide.mcu.externaltools.gnu-tools-for-stm32.11.3.rel1.macos64_1.1.100.202310310803/tools/bin/../lib/gcc/arm-none-eabi/11.3.1/../../../../arm-none-eabi/lib/thumb/v7e-m+dp/hard/libnosys.a
END GROUP
LOAD /Applications/STM32CubeIDE.app/Contents/Eclipse/plugins/com.st.stm32cube.ide.mcu.externaltools.gnu-tools-for-stm32.11.3.rel1.macos64_1.1.100.202310310803/tools/bin/../lib/gcc/arm-none-eabi/11.3.1/thumb/v7e-m+dp/hard/crtend.o
LOAD /Applications/STM32CubeIDE.app/Contents/Eclipse/plugins/com.st.stm32cube.ide.mcu.externaltools.gnu-tools-for-stm32.11.3.rel1.macos64_1.1.100.202310310803/tools/bin/../lib/gcc/arm-none-eabi/11.3.1/thumb/v7e-m+dp/hard/crtn.o
                0x0000000020080000                _estack = (ORIGIN (RAM) + LENGTH (RAM))
                0x0000000000000200                _Min_Heap_Size = 0x200
                0x0000000000000400                _Min_Stack_Size = 0x400

.isr_vector     0x0000000008000000      0x1f8
                0x0000000008000000                . = ALIGN (0x4)
 *(.isr_vector)
 .isr_vector    0x0000000008000000      0x1f8 ./Core/Startup/startup_stm32f769nihx.o
                0x0000000008000000                g_pfnVectors
                0x00000000080001f8                . = ALIGN (0x4)

.text           0x00000000080001f8     0x5eb4
                0x00000000080001f8                . = ALIGN (0x4)
 *(.text)
 .text          0x00000000080001f8       0x40 /Applications/STM32CubeIDE.app/Contents/Eclipse/plugins/com.st.stm32cube.ide.mcu.externaltools.gnu-tools-for-stm32.11.3.rel1.macos64_1.1.100.202310310803/tools/bin/../lib/gcc/arm-none-eabi/11.3.1/thumb/v7e-m+dp/hard/crtbegin.o
 *(.text*)
 .text.fir      0x0000000008000238       0xb0 ./Core/Src/ece5210.o
                0x0000000008000238                fir
 .text.process_sample
                0x00000000080002e8      0x154 ./Core/Src/ece5210.o
                0x00000000080002e8                process_sample
 .text.main     0x000000000800043c       0x2a ./Core/Src/main.o
                0x000000000800043c                main
 *fill*         0x0000000008000466        0x2 
 .text.SystemClock_Config
                0x0000000008000468      0x158 ./Core/Src/main.o
                0x0000000008000468                SystemClock_Config
 .text._Error_Handler
                0x00000000080005c0        0xc ./Core/Src/main.o
                0x00000000080005c0                _Error_Handler
 .text.audio_init
                0x00000000080005cc      0x120 ./Core/Src/myaudio.o
                0x00000000080005cc                audio_init
 .text.fill_buffer_with_square_wave
                0x00000000080006ec       0x70 ./Core/Src/myaudio.o
 .text.ConvertSampleBufferToDMABuffer
                0x000000000800075c       0x5c ./Core/Src/myaudio.o
 .text.ExtractSamplesFromDMABuffer
                0x00000000080007b8       0x48 ./Core/Src/myaudio.o
 .text.CopySampleBuffer
                0x0000000008000800       0x48 ./Core/Src/myaudio.o
 .text.My_SAI_ClockConfig
                0x0000000008000848       0x84 ./Core/Src/myaudio.o
 .text.My_AUDIO_OUT_MspInit
                0x00000000080008cc      0x138 ./Core/Src/myaudio.o
 .text.My_SAI_Out_Init
                0x0000000008000a04       0xd0 ./Core/Src/myaudio.o
 .text.My_AUDIO_IN_MspInit
                0x0000000008000ad4      0x10c ./Core/Src/myaudio.o
 .text.My_SAI_In_Init
                0x0000000008000be0       0xd8 ./Core/Src/myaudio.o
 .text.BSP_AUDIO_IN_TransferComplete_CallBack
                0x0000000008000cb8       0x18 ./Core/Src/myaudio.o
                0x0000000008000cb8                BSP_AUDIO_IN_TransferComplete_CallBack
 .text.BSP_AUDIO_IN_HalfTransfer_CallBack
                0x0000000008000cd0       0x18 ./Core/Src/myaudio.o
                0x0000000008000cd0                BSP_AUDIO_IN_HalfTransfer_CallBack
 .text.HAL_SAI_RxHalfCpltCallback
                0x0000000008000ce8       0x14 ./Core/Src/myaudio.o
                0x0000000008000ce8                HAL_SAI_RxHalfCpltCallback
 .text.HAL_SAI_RxCpltCallback
                0x0000000008000cfc       0x14 ./Core/Src/myaudio.o
                0x0000000008000cfc                HAL_SAI_RxCpltCallback
 .text.DMA2_Stream4_IRQHandler
                0x0000000008000d10       0x18 ./Core/Src/myaudio.o
                0x0000000008000d10                DMA2_Stream4_IRQHandler
 .text.DMA2_Stream1_IRQHandler
                0x0000000008000d28       0x18 ./Core/Src/myaudio.o
                0x0000000008000d28                DMA2_Stream1_IRQHandler
 .text.HAL_MspInit
                0x0000000008000d40       0x62 ./Core/Src/stm32f7xx_hal_msp.o
                0x0000000008000d40                HAL_MspInit
 .text.SysTick_Handler
                0x0000000008000da2       0x10 ./Core/Src/stm32f7xx_it.o
                0x0000000008000da2                SysTick_Handler
 *fill*         0x0000000008000db2        0x2 
 .text.SystemInit
                0x0000000008000db4       0x6c ./Core/Src/system_stm32f7xx.o
                0x0000000008000db4                SystemInit
 .text.Reset_Handler
                0x0000000008000e20       0x50 ./Core/Startup/startup_stm32f769nihx.o
                0x0000000008000e20                Reset_Handler
 .text.Default_Handler
                0x0000000008000e70        0x2 ./Core/Startup/startup_stm32f769nihx.o
                0x0000000008000e70                DMA1_Stream3_IRQHandler
                0x0000000008000e70                EXTI2_IRQHandler
                0x0000000008000e70                TIM8_CC_IRQHandler
                0x0000000008000e70                DebugMon_Handler
                0x0000000008000e70                UART8_IRQHandler
                0x0000000008000e70                SPI4_IRQHandler
                0x0000000008000e70                TIM1_CC_IRQHandler
                0x0000000008000e70                DMA2_Stream5_IRQHandler
                0x0000000008000e70                HardFault_Handler
                0x0000000008000e70                JPEG_IRQHandler
                0x0000000008000e70                DMA1_Stream5_IRQHandler
                0x0000000008000e70                CAN3_RX1_IRQHandler
                0x0000000008000e70                PVD_IRQHandler
                0x0000000008000e70                TAMP_STAMP_IRQHandler
                0x0000000008000e70                PendSV_Handler
                0x0000000008000e70                NMI_Handler
                0x0000000008000e70                CAN2_RX1_IRQHandler
                0x0000000008000e70                EXTI3_IRQHandler
                0x0000000008000e70                TIM8_TRG_COM_TIM14_IRQHandler
                0x0000000008000e70                DFSDM1_FLT1_IRQHandler
                0x0000000008000e70                TIM1_UP_TIM10_IRQHandler
                0x0000000008000e70                TIM8_UP_TIM13_IRQHandler
                0x0000000008000e70                I2C3_ER_IRQHandler
                0x0000000008000e70                DFSDM1_FLT2_IRQHandler
                0x0000000008000e70                EXTI0_IRQHandler
                0x0000000008000e70                I2C2_EV_IRQHandler
                0x0000000008000e70                DMA1_Stream2_IRQHandler
                0x0000000008000e70                CAN1_RX0_IRQHandler
                0x0000000008000e70                FPU_IRQHandler
                0x0000000008000e70                OTG_HS_WKUP_IRQHandler
                0x0000000008000e70                CAN3_SCE_IRQHandler
                0x0000000008000e70                UsageFault_Handler
                0x0000000008000e70                LTDC_ER_IRQHandler
                0x0000000008000e70                CAN2_SCE_IRQHandler
                0x0000000008000e70                DMA2_Stream2_IRQHandler
                0x0000000008000e70                SPI1_IRQHandler
                0x0000000008000e70                TIM6_DAC_IRQHandler
                0x0000000008000e70                TIM1_BRK_TIM9_IRQHandler
                0x0000000008000e70                DCMI_IRQHandler
                0x0000000008000e70                CAN2_RX0_IRQHandler
                0x0000000008000e70                DMA2_Stream3_IRQHandler
                0x0000000008000e70                SAI2_IRQHandler
                0x0000000008000e70                DFSDM1_FLT3_IRQHandler
                0x0000000008000e70                USART6_IRQHandler
                0x0000000008000e70                CAN3_RX0_IRQHandler
                0x0000000008000e70                USART3_IRQHandler
                0x0000000008000e70                CAN1_RX1_IRQHandler
                0x0000000008000e70                UART5_IRQHandler
                0x0000000008000e70                DMA2_Stream0_IRQHandler
                0x0000000008000e70                TIM4_IRQHandler
                0x0000000008000e70                QUADSPI_IRQHandler
                0x0000000008000e70                I2C1_EV_IRQHandler
                0x0000000008000e70                DMA1_Stream6_IRQHandler
                0x0000000008000e70                DMA1_Stream1_IRQHandler
                0x0000000008000e70                UART4_IRQHandler
                0x0000000008000e70                TIM3_IRQHandler
                0x0000000008000e70                RCC_IRQHandler
                0x0000000008000e70                TIM8_BRK_TIM12_IRQHandler
                0x0000000008000e70                Default_Handler
                0x0000000008000e70                CEC_IRQHandler
                0x0000000008000e70                EXTI15_10_IRQHandler
                0x0000000008000e70                ADC_IRQHandler
                0x0000000008000e70                DMA1_Stream7_IRQHandler
                0x0000000008000e70                SPI5_IRQHandler
                0x0000000008000e70                TIM7_IRQHandler
                0x0000000008000e70                SDMMC1_IRQHandler
                0x0000000008000e70                CAN2_TX_IRQHandler
                0x0000000008000e70                TIM5_IRQHandler
                0x0000000008000e70                DMA2_Stream7_IRQHandler
                0x0000000008000e70                I2C3_EV_IRQHandler
                0x0000000008000e70                EXTI9_5_IRQHandler
                0x0000000008000e70                RTC_WKUP_IRQHandler
                0x0000000008000e70                LTDC_IRQHandler
                0x0000000008000e70                ETH_WKUP_IRQHandler
                0x0000000008000e70                SPDIF_RX_IRQHandler
                0x0000000008000e70                SPI2_IRQHandler
                0x0000000008000e70                OTG_HS_EP1_IN_IRQHandler
                0x0000000008000e70                MemManage_Handler
                0x0000000008000e70                DMA1_Stream0_IRQHandler
                0x0000000008000e70                CAN1_TX_IRQHandler
                0x0000000008000e70                SVC_Handler
                0x0000000008000e70                EXTI4_IRQHandler
                0x0000000008000e70                RNG_IRQHandler
                0x0000000008000e70                DSI_IRQHandler
                0x0000000008000e70                ETH_IRQHandler
                0x0000000008000e70                OTG_HS_EP1_OUT_IRQHandler
                0x0000000008000e70                WWDG_IRQHandler
                0x0000000008000e70                SPI6_IRQHandler
                0x0000000008000e70                MDIOS_IRQHandler
                0x0000000008000e70                I2C4_EV_IRQHandler
                0x0000000008000e70                CAN3_TX_IRQHandler
                0x0000000008000e70                TIM2_IRQHandler
                0x0000000008000e70                OTG_FS_WKUP_IRQHandler
                0x0000000008000e70                TIM1_TRG_COM_TIM11_IRQHandler
                0x0000000008000e70                OTG_HS_IRQHandler
                0x0000000008000e70                DMA2D_IRQHandler
                0x0000000008000e70                EXTI1_IRQHandler
                0x0000000008000e70                SDMMC2_IRQHandler
                0x0000000008000e70                UART7_IRQHandler
                0x0000000008000e70                USART2_IRQHandler
                0x0000000008000e70                DFSDM1_FLT0_IRQHandler
                0x0000000008000e70                I2C2_ER_IRQHandler
                0x0000000008000e70                CAN1_SCE_IRQHandler
                0x0000000008000e70                FLASH_IRQHandler
                0x0000000008000e70                BusFault_Handler
                0x0000000008000e70                USART1_IRQHandler
                0x0000000008000e70                OTG_FS_IRQHandler
                0x0000000008000e70                SPI3_IRQHandler
                0x0000000008000e70                DMA1_Stream4_IRQHandler
                0x0000000008000e70                I2C1_ER_IRQHandler
                0x0000000008000e70                FMC_IRQHandler
                0x0000000008000e70                LPTIM1_IRQHandler
                0x0000000008000e70                I2C4_ER_IRQHandler
                0x0000000008000e70                DMA2_Stream6_IRQHandler
                0x0000000008000e70                SAI1_IRQHandler
                0x0000000008000e70                RTC_Alarm_IRQHandler
 *fill*         0x0000000008000e72        0x2 
 .text.wm8994_Init
                0x0000000008000e74      0xcc8 ./Drivers/BSP/Components/wm8994/wm8994.o
                0x0000000008000e74                wm8994_Init
 .text.wm8994_SetVolume
                0x0000000008001b3c      0x248 ./Drivers/BSP/Components/wm8994/wm8994.o
                0x0000000008001b3c                wm8994_SetVolume
 .text.wm8994_SetMute
                0x0000000008001d84       0x9c ./Drivers/BSP/Components/wm8994/wm8994.o
                0x0000000008001d84                wm8994_SetMute
 .text.CODEC_IO_Write
                0x0000000008001e20       0x2e ./Drivers/BSP/Components/wm8994/wm8994.o
 *fill*         0x0000000008001e4e        0x2 
 .text.BSP_LED_Init
                0x0000000008001e50       0x60 ./Drivers/BSP/STM32F769I-Discovery/stm32f769i_discovery.o
                0x0000000008001e50                BSP_LED_Init
 .text.BSP_LED_On
                0x0000000008001eb0       0x34 ./Drivers/BSP/STM32F769I-Discovery/stm32f769i_discovery.o
                0x0000000008001eb0                BSP_LED_On
 .text.BSP_LED_Off
                0x0000000008001ee4       0x34 ./Drivers/BSP/STM32F769I-Discovery/stm32f769i_discovery.o
                0x0000000008001ee4                BSP_LED_Off
 .text.I2Cx_MspInit
                0x0000000008001f18      0x17c ./Drivers/BSP/STM32F769I-Discovery/stm32f769i_discovery.o
 .text.I2Cx_Init
                0x0000000008002094       0x78 ./Drivers/BSP/STM32F769I-Discovery/stm32f769i_discovery.o
 .text.I2Cx_WriteMultiple
                0x000000000800210c       0x5a ./Drivers/BSP/STM32F769I-Discovery/stm32f769i_discovery.o
 .text.I2Cx_Error
                0x0000000008002166       0x20 ./Drivers/BSP/STM32F769I-Discovery/stm32f769i_discovery.o
 *fill*         0x0000000008002186        0x2 
 .text.AUDIO_IO_Init
                0x0000000008002188       0x14 ./Drivers/BSP/STM32F769I-Discovery/stm32f769i_discovery.o
                0x0000000008002188                AUDIO_IO_Init
 .text.AUDIO_IO_Write
                0x000000000800219c       0x54 ./Drivers/BSP/STM32F769I-Discovery/stm32f769i_discovery.o
                0x000000000800219c                AUDIO_IO_Write
 .text.AUDIO_IO_Delay
                0x00000000080021f0       0x16 ./Drivers/BSP/STM32F769I-Discovery/stm32f769i_discovery.o
                0x00000000080021f0                AUDIO_IO_Delay
 .text.HAL_Init
                0x0000000008002206       0x1a ./Drivers/STM32F7xx_HAL_Driver/Src/stm32f7xx_hal.o
                0x0000000008002206                HAL_Init
 .text.HAL_InitTick
                0x0000000008002220       0x38 ./Drivers/STM32F7xx_HAL_Driver/Src/stm32f7xx_hal.o
                0x0000000008002220                HAL_InitTick
 .text.HAL_IncTick
                0x0000000008002258       0x1c ./Drivers/STM32F7xx_HAL_Driver/Src/stm32f7xx_hal.o
                0x0000000008002258                HAL_IncTick
 .text.HAL_GetTick
                0x0000000008002274       0x18 ./Drivers/STM32F7xx_HAL_Driver/Src/stm32f7xx_hal.o
                0x0000000008002274                HAL_GetTick
 .text.HAL_Delay
                0x000000000800228c       0x2e ./Drivers/STM32F7xx_HAL_Driver/Src/stm32f7xx_hal.o
                0x000000000800228c                HAL_Delay
 *fill*         0x00000000080022ba        0x2 
 .text.NVIC_SetPriorityGrouping
                0x00000000080022bc       0x48 ./Drivers/STM32F7xx_HAL_Driver/Src/stm32f7xx_hal_cortex.o
 .text.NVIC_GetPriorityGrouping
                0x0000000008002304       0x1c ./Drivers/STM32F7xx_HAL_Driver/Src/stm32f7xx_hal_cortex.o
 .text.NVIC_EnableIRQ
                0x0000000008002320       0x34 ./Drivers/STM32F7xx_HAL_Driver/Src/stm32f7xx_hal_cortex.o
 .text.NVIC_SetPriority
                0x0000000008002354       0x54 ./Drivers/STM32F7xx_HAL_Driver/Src/stm32f7xx_hal_cortex.o
 .text.NVIC_EncodePriority
                0x00000000080023a8       0x66 ./Drivers/STM32F7xx_HAL_Driver/Src/stm32f7xx_hal_cortex.o
 *fill*         0x000000000800240e        0x2 
 .text.SysTick_Config
                0x0000000008002410       0x44 ./Drivers/STM32F7xx_HAL_Driver/Src/stm32f7xx_hal_cortex.o
 .text.HAL_NVIC_SetPriorityGrouping
                0x0000000008002454       0x16 ./Drivers/STM32F7xx_HAL_Driver/Src/stm32f7xx_hal_cortex.o
                0x0000000008002454                HAL_NVIC_SetPriorityGrouping
 .text.HAL_NVIC_SetPriority
                0x000000000800246a       0x38 ./Drivers/STM32F7xx_HAL_Driver/Src/stm32f7xx_hal_cortex.o
                0x000000000800246a                HAL_NVIC_SetPriority
 .text.HAL_NVIC_EnableIRQ
                0x00000000080024a2       0x1c ./Drivers/STM32F7xx_HAL_Driver/Src/stm32f7xx_hal_cortex.o
                0x00000000080024a2                HAL_NVIC_EnableIRQ
 .text.HAL_SYSTICK_Config
                0x00000000080024be       0x18 ./Drivers/STM32F7xx_HAL_Driver/Src/stm32f7xx_hal_cortex.o
                0x00000000080024be                HAL_SYSTICK_Config
 *fill*         0x00000000080024d6        0x2 
 .text.HAL_SYSTICK_CLKSourceConfig
                0x00000000080024d8       0x38 ./Drivers/STM32F7xx_HAL_Driver/Src/stm32f7xx_hal_cortex.o
                0x00000000080024d8                HAL_SYSTICK_CLKSourceConfig
 .text.HAL_SYSTICK_IRQHandler
                0x0000000008002510        0xc ./Drivers/STM32F7xx_HAL_Driver/Src/stm32f7xx_hal_cortex.o
                0x0000000008002510                HAL_SYSTICK_IRQHandler
 .text.HAL_SYSTICK_Callback
                0x000000000800251c        0xe ./Drivers/STM32F7xx_HAL_Driver/Src/stm32f7xx_hal_cortex.o
                0x000000000800251c                HAL_SYSTICK_Callback
 *fill*         0x000000000800252a        0x2 
 .text.HAL_DMA_Init
                0x000000000800252c      0x15c ./Drivers/STM32F7xx_HAL_Driver/Src/stm32f7xx_hal_dma.o
                0x000000000800252c                HAL_DMA_Init
 .text.HAL_DMA_DeInit
                0x0000000008002688       0x98 ./Drivers/STM32F7xx_HAL_Driver/Src/stm32f7xx_hal_dma.o
                0x0000000008002688                HAL_DMA_DeInit
 .text.HAL_DMA_Start_IT
                0x0000000008002720       0xc0 ./Drivers/STM32F7xx_HAL_Driver/Src/stm32f7xx_hal_dma.o
                0x0000000008002720                HAL_DMA_Start_IT
 .text.HAL_DMA_IRQHandler
                0x00000000080027e0      0x31c ./Drivers/STM32F7xx_HAL_Driver/Src/stm32f7xx_hal_dma.o
                0x00000000080027e0                HAL_DMA_IRQHandler
 .text.DMA_SetConfig
                0x0000000008002afc       0x5c ./Drivers/STM32F7xx_HAL_Driver/Src/stm32f7xx_hal_dma.o
 .text.DMA_CalcBaseAndBitshift
                0x0000000008002b58       0x6c ./Drivers/STM32F7xx_HAL_Driver/Src/stm32f7xx_hal_dma.o
 .text.DMA_CheckFifoParam
                0x0000000008002bc4       0xf8 ./Drivers/STM32F7xx_HAL_Driver/Src/stm32f7xx_hal_dma.o
 .text.HAL_GPIO_Init
                0x0000000008002cbc      0x358 ./Drivers/STM32F7xx_HAL_Driver/Src/stm32f7xx_hal_gpio.o
                0x0000000008002cbc                HAL_GPIO_Init
 .text.HAL_GPIO_WritePin
                0x0000000008003014       0x32 ./Drivers/STM32F7xx_HAL_Driver/Src/stm32f7xx_hal_gpio.o
                0x0000000008003014                HAL_GPIO_WritePin
 *fill*         0x0000000008003046        0x2 
 .text.HAL_I2C_Init
                0x0000000008003048      0x120 ./Drivers/STM32F7xx_HAL_Driver/Src/stm32f7xx_hal_i2c.o
                0x0000000008003048                HAL_I2C_Init
 .text.HAL_I2C_DeInit
                0x0000000008003168       0x5e ./Drivers/STM32F7xx_HAL_Driver/Src/stm32f7xx_hal_i2c.o
                0x0000000008003168                HAL_I2C_DeInit
 .text.HAL_I2C_MspInit
                0x00000000080031c6       0x14 ./Drivers/STM32F7xx_HAL_Driver/Src/stm32f7xx_hal_i2c.o
                0x00000000080031c6                HAL_I2C_MspInit
 .text.HAL_I2C_MspDeInit
                0x00000000080031da       0x14 ./Drivers/STM32F7xx_HAL_Driver/Src/stm32f7xx_hal_i2c.o
                0x00000000080031da                HAL_I2C_MspDeInit
 *fill*         0x00000000080031ee        0x2 
 .text.HAL_I2C_Mem_Write
                0x00000000080031f0      0x24c ./Drivers/STM32F7xx_HAL_Driver/Src/stm32f7xx_hal_i2c.o
                0x00000000080031f0                HAL_I2C_Mem_Write
 .text.HAL_I2C_GetState
                0x000000000800343c       0x1c ./Drivers/STM32F7xx_HAL_Driver/Src/stm32f7xx_hal_i2c.o
                0x000000000800343c                HAL_I2C_GetState
 .text.I2C_RequestMemoryWrite
                0x0000000008003458       0xbe ./Drivers/STM32F7xx_HAL_Driver/Src/stm32f7xx_hal_i2c.o
 .text.I2C_Flush_TXDR
                0x0000000008003516       0x48 ./Drivers/STM32F7xx_HAL_Driver/Src/stm32f7xx_hal_i2c.o
 .text.I2C_WaitOnFlagUntilTimeout
                0x000000000800355e       0x74 ./Drivers/STM32F7xx_HAL_Driver/Src/stm32f7xx_hal_i2c.o
 .text.I2C_WaitOnTXISFlagUntilTimeout
                0x00000000080035d2       0x80 ./Drivers/STM32F7xx_HAL_Driver/Src/stm32f7xx_hal_i2c.o
 .text.I2C_WaitOnSTOPFlagUntilTimeout
                0x0000000008003652       0x78 ./Drivers/STM32F7xx_HAL_Driver/Src/stm32f7xx_hal_i2c.o
 *fill*         0x00000000080036ca        0x2 
 .text.I2C_IsAcknowledgeFailed
                0x00000000080036cc       0xbc ./Drivers/STM32F7xx_HAL_Driver/Src/stm32f7xx_hal_i2c.o
 .text.I2C_TransferConfig
                0x0000000008003788       0x5c ./Drivers/STM32F7xx_HAL_Driver/Src/stm32f7xx_hal_i2c.o
 .text.HAL_PWREx_EnableOverDrive
                0x00000000080037e4       0xa0 ./Drivers/STM32F7xx_HAL_Driver/Src/stm32f7xx_hal_pwr_ex.o
                0x00000000080037e4                HAL_PWREx_EnableOverDrive
 .text.HAL_RCC_OscConfig
                0x0000000008003884      0x570 ./Drivers/STM32F7xx_HAL_Driver/Src/stm32f7xx_hal_rcc.o
                0x0000000008003884                HAL_RCC_OscConfig
 .text.HAL_RCC_ClockConfig
                0x0000000008003df4      0x1fc ./Drivers/STM32F7xx_HAL_Driver/Src/stm32f7xx_hal_rcc.o
                0x0000000008003df4                HAL_RCC_ClockConfig
 .text.HAL_RCC_GetSysClockFreq
                0x0000000008003ff0      0x104 ./Drivers/STM32F7xx_HAL_Driver/Src/stm32f7xx_hal_rcc.o
                0x0000000008003ff0                HAL_RCC_GetSysClockFreq
 .text.HAL_RCC_GetHCLKFreq
                0x00000000080040f4       0x18 ./Drivers/STM32F7xx_HAL_Driver/Src/stm32f7xx_hal_rcc.o
                0x00000000080040f4                HAL_RCC_GetHCLKFreq
 .text.HAL_RCCEx_PeriphCLKConfig
                0x000000000800410c     0x1180 ./Drivers/STM32F7xx_HAL_Driver/Src/stm32f7xx_hal_rcc_ex.o
                0x000000000800410c                HAL_RCCEx_PeriphCLKConfig
 .text.HAL_RCCEx_GetPeriphCLKConfig
                0x000000000800528c      0x330 ./Drivers/STM32F7xx_HAL_Driver/Src/stm32f7xx_hal_rcc_ex.o
                0x000000000800528c                HAL_RCCEx_GetPeriphCLKConfig
 .text.HAL_RCCEx_GetPeriphCLKFreq
                0x00000000080055bc      0x2dc ./Drivers/STM32F7xx_HAL_Driver/Src/stm32f7xx_hal_rcc_ex.o
                0x00000000080055bc                HAL_RCCEx_GetPeriphCLKFreq
 .text.HAL_SAI_Init
                0x0000000008005898      0x2ec ./Drivers/STM32F7xx_HAL_Driver/Src/stm32f7xx_hal_sai.o
                0x0000000008005898                HAL_SAI_Init
 .text.HAL_SAI_MspInit
                0x0000000008005b84       0x14 ./Drivers/STM32F7xx_HAL_Driver/Src/stm32f7xx_hal_sai.o
                0x0000000008005b84                HAL_SAI_MspInit
 .text.HAL_SAI_Transmit_DMA
                0x0000000008005b98      0x11c ./Drivers/STM32F7xx_HAL_Driver/Src/stm32f7xx_hal_sai.o
                0x0000000008005b98                HAL_SAI_Transmit_DMA
 .text.HAL_SAI_Receive_DMA
                0x0000000008005cb4      0x11c ./Drivers/STM32F7xx_HAL_Driver/Src/stm32f7xx_hal_sai.o
                0x0000000008005cb4                HAL_SAI_Receive_DMA
 .text.HAL_SAI_TxCpltCallback
                0x0000000008005dd0       0x14 ./Drivers/STM32F7xx_HAL_Driver/Src/stm32f7xx_hal_sai.o
                0x0000000008005dd0                HAL_SAI_TxCpltCallback
 .text.HAL_SAI_TxHalfCpltCallback
                0x0000000008005de4       0x14 ./Drivers/STM32F7xx_HAL_Driver/Src/stm32f7xx_hal_sai.o
                0x0000000008005de4                HAL_SAI_TxHalfCpltCallback
 .text.HAL_SAI_ErrorCallback
                0x0000000008005df8       0x14 ./Drivers/STM32F7xx_HAL_Driver/Src/stm32f7xx_hal_sai.o
                0x0000000008005df8                HAL_SAI_ErrorCallback
 .text.SAI_InterruptFlag
                0x0000000008005e0c       0x6c ./Drivers/STM32F7xx_HAL_Driver/Src/stm32f7xx_hal_sai.o
 .text.SAI_Disable
                0x0000000008005e78       0x6c ./Drivers/STM32F7xx_HAL_Driver/Src/stm32f7xx_hal_sai.o
 .text.SAI_DMATxCplt
                0x0000000008005ee4       0x64 ./Drivers/STM32F7xx_HAL_Driver/Src/stm32f7xx_hal_sai.o
 .text.SAI_DMATxHalfCplt
                0x0000000008005f48       0x1c ./Drivers/STM32F7xx_HAL_Driver/Src/stm32f7xx_hal_sai.o
 .text.SAI_DMARxCplt
                0x0000000008005f64       0x64 ./Drivers/STM32F7xx_HAL_Driver/Src/stm32f7xx_hal_sai.o
 .text.SAI_DMARxHalfCplt
                0x0000000008005fc8       0x1c ./Drivers/STM32F7xx_HAL_Driver/Src/stm32f7xx_hal_sai.o
 .text.SAI_DMAError
                0x0000000008005fe4       0x66 ./Drivers/STM32F7xx_HAL_Driver/Src/stm32f7xx_hal_sai.o
 *fill*         0x000000000800604a        0x2 
 .text.__libc_init_array
                0x000000000800604c       0x48 /Applications/STM32CubeIDE.app/Contents/Eclipse/plugins/com.st.stm32cube.ide.mcu.externaltools.gnu-tools-for-stm32.11.3.rel1.macos64_1.1.100.202310310803/tools/bin/../lib/gcc/arm-none-eabi/11.3.1/../../../../arm-none-eabi/lib/thumb/v7e-m+dp/hard/libc_nano.a(libc_a-init.o)
                0x000000000800604c                __libc_init_array
 *(.glue_7)
 .glue_7        0x0000000008006094        0x0 linker stubs
 *(.glue_7t)
 .glue_7t       0x0000000008006094        0x0 linker stubs
 *(.eh_frame)
 .eh_frame      0x0000000008006094        0x0 /Applications/STM32CubeIDE.app/Contents/Eclipse/plugins/com.st.stm32cube.ide.mcu.externaltools.gnu-tools-for-stm32.11.3.rel1.macos64_1.1.100.202310310803/tools/bin/../lib/gcc/arm-none-eabi/11.3.1/thumb/v7e-m+dp/hard/crtbegin.o
 *(.init)
 .init          0x0000000008006094        0x4 /Applications/STM32CubeIDE.app/Contents/Eclipse/plugins/com.st.stm32cube.ide.mcu.externaltools.gnu-tools-for-stm32.11.3.rel1.macos64_1.1.100.202310310803/tools/bin/../lib/gcc/arm-none-eabi/11.3.1/thumb/v7e-m+dp/hard/crti.o
                0x0000000008006094                _init
 .init          0x0000000008006098        0x8 /Applications/STM32CubeIDE.app/Contents/Eclipse/plugins/com.st.stm32cube.ide.mcu.externaltools.gnu-tools-for-stm32.11.3.rel1.macos64_1.1.100.202310310803/tools/bin/../lib/gcc/arm-none-eabi/11.3.1/thumb/v7e-m+dp/hard/crtn.o
 *(.fini)
 .fini          0x00000000080060a0        0x4 /Applications/STM32CubeIDE.app/Contents/Eclipse/plugins/com.st.stm32cube.ide.mcu.externaltools.gnu-tools-for-stm32.11.3.rel1.macos64_1.1.100.202310310803/tools/bin/../lib/gcc/arm-none-eabi/11.3.1/thumb/v7e-m+dp/hard/crti.o
                0x00000000080060a0                _fini
 .fini          0x00000000080060a4        0x8 /Applications/STM32CubeIDE.app/Contents/Eclipse/plugins/com.st.stm32cube.ide.mcu.externaltools.gnu-tools-for-stm32.11.3.rel1.macos64_1.1.100.202310310803/tools/bin/../lib/gcc/arm-none-eabi/11.3.1/thumb/v7e-m+dp/hard/crtn.o
                0x00000000080060ac                . = ALIGN (0x4)
                0x00000000080060ac                _etext = .

.vfp11_veneer   0x00000000080060ac        0x0
 .vfp11_veneer  0x00000000080060ac        0x0 linker stubs

.v4_bx          0x00000000080060ac        0x0
 .v4_bx         0x00000000080060ac        0x0 linker stubs

.iplt           0x00000000080060ac        0x0
 .iplt          0x00000000080060ac        0x0 /Applications/STM32CubeIDE.app/Contents/Eclipse/plugins/com.st.stm32cube.ide.mcu.externaltools.gnu-tools-for-stm32.11.3.rel1.macos64_1.1.100.202310310803/tools/bin/../lib/gcc/arm-none-eabi/11.3.1/thumb/v7e-m+dp/hard/crtbegin.o

.rodata         0x00000000080060ac       0x2c
                0x00000000080060ac                . = ALIGN (0x4)
 *(.rodata)
 .rodata        0x00000000080060ac       0x13 ./Core/Src/main.o
 *(.rodata*)
 *fill*         0x00000000080060bf        0x1 
 .rodata.AHBPrescTable
                0x00000000080060c0       0x10 ./Core/Src/system_stm32f7xx.o
                0x00000000080060c0                AHBPrescTable
 .rodata.flagBitshiftOffset.0
                0x00000000080060d0        0x8 ./Drivers/STM32F7xx_HAL_Driver/Src/stm32f7xx_hal_dma.o
                0x00000000080060d8                . = ALIGN (0x4)

.rel.dyn        0x00000000080060d8        0x0
 .rel.iplt      0x00000000080060d8        0x0 /Applications/STM32CubeIDE.app/Contents/Eclipse/plugins/com.st.stm32cube.ide.mcu.externaltools.gnu-tools-for-stm32.11.3.rel1.macos64_1.1.100.202310310803/tools/bin/../lib/gcc/arm-none-eabi/11.3.1/thumb/v7e-m+dp/hard/crtbegin.o

.ARM.extab      0x00000000080060d8        0x0
                0x00000000080060d8                . = ALIGN (0x4)
 *(.ARM.extab* .gnu.linkonce.armextab.*)
                0x00000000080060d8                . = ALIGN (0x4)

.ARM            0x00000000080060d8        0x0
                0x00000000080060d8                . = ALIGN (0x4)
                0x00000000080060d8                __exidx_start = .
 *(.ARM.exidx*)
                0x00000000080060d8                __exidx_end = .
                0x00000000080060d8                . = ALIGN (0x4)

.preinit_array  0x00000000080060d8        0x0
                0x00000000080060d8                . = ALIGN (0x4)
                0x00000000080060d8                PROVIDE (__preinit_array_start = .)
 *(.preinit_array*)
                0x00000000080060d8                PROVIDE (__preinit_array_end = .)
                0x00000000080060d8                . = ALIGN (0x4)

.init_array     0x00000000080060d8        0x4
                0x00000000080060d8                . = ALIGN (0x4)
                0x00000000080060d8                PROVIDE (__init_array_start = .)
 *(SORT_BY_NAME(.init_array.*))
 *(.init_array*)
 .init_array    0x00000000080060d8        0x4 /Applications/STM32CubeIDE.app/Contents/Eclipse/plugins/com.st.stm32cube.ide.mcu.externaltools.gnu-tools-for-stm32.11.3.rel1.macos64_1.1.100.202310310803/tools/bin/../lib/gcc/arm-none-eabi/11.3.1/thumb/v7e-m+dp/hard/crtbegin.o
                0x00000000080060dc                PROVIDE (__init_array_end = .)
                0x00000000080060dc                . = ALIGN (0x4)

.fini_array     0x00000000080060dc        0x4
                0x00000000080060dc                . = ALIGN (0x4)
                [!provide]                        PROVIDE (__fini_array_start = .)
 *(SORT_BY_NAME(.fini_array.*))
 *(.fini_array*)
 .fini_array    0x00000000080060dc        0x4 /Applications/STM32CubeIDE.app/Contents/Eclipse/plugins/com.st.stm32cube.ide.mcu.externaltools.gnu-tools-for-stm32.11.3.rel1.macos64_1.1.100.202310310803/tools/bin/../lib/gcc/arm-none-eabi/11.3.1/thumb/v7e-m+dp/hard/crtbegin.o
                [!provide]                        PROVIDE (__fini_array_end = .)
                0x00000000080060e0                . = ALIGN (0x4)
                0x00000000080060e0                _sidata = LOADADDR (.data)

.data           0x0000000020000000       0x28 load address 0x00000000080060e0
                0x0000000020000000                . = ALIGN (0x4)
                0x0000000020000000                _sdata = .
 *(.data)
 *(.data*)
 .data.h        0x0000000020000000        0xc ./Core/Src/ece5210.o
                0x0000000020000000                h
 .data.frequency
                0x000000002000000c        0x4 ./Core/Src/myaudio.o
 .data.volume   0x0000000020000010        0x1 ./Core/Src/myaudio.o
 *fill*         0x0000000020000011        0x3 
 .data.SystemCoreClock
                0x0000000020000014        0x4 ./Core/Src/system_stm32f7xx.o
                0x0000000020000014                SystemCoreClock
 .data.GPIO_PIN
                0x0000000020000018        0x8 ./Drivers/BSP/STM32F769I-Discovery/stm32f769i_discovery.o
                0x0000000020000018                GPIO_PIN
 .data.GPIO_PORT
                0x0000000020000020        0x8 ./Drivers/BSP/STM32F769I-Discovery/stm32f769i_discovery.o
                0x0000000020000020                GPIO_PORT
 *(.RamFunc)
 *(.RamFunc*)
                0x0000000020000028                . = ALIGN (0x4)
                0x0000000020000028                _edata = .

.igot.plt       0x0000000020000028        0x0 load address 0x0000000008006108
 .igot.plt      0x0000000020000028        0x0 /Applications/STM32CubeIDE.app/Contents/Eclipse/plugins/com.st.stm32cube.ide.mcu.externaltools.gnu-tools-for-stm32.11.3.rel1.macos64_1.1.100.202310310803/tools/bin/../lib/gcc/arm-none-eabi/11.3.1/thumb/v7e-m+dp/hard/crtbegin.o
                0x0000000020000028                . = ALIGN (0x4)

.bss            0x0000000020000028     0x525c load address 0x0000000008006108
                0x0000000020000028                _sbss = .
                0x0000000020000028                __bss_start__ = _sbss
 *(.bss)
 .bss           0x0000000020000028       0x1c /Applications/STM32CubeIDE.app/Contents/Eclipse/plugins/com.st.stm32cube.ide.mcu.externaltools.gnu-tools-for-stm32.11.3.rel1.macos64_1.1.100.202310310803/tools/bin/../lib/gcc/arm-none-eabi/11.3.1/thumb/v7e-m+dp/hard/crtbegin.o
 *(.bss*)
 .bss.x         0x0000000020000044        0x8 ./Core/Src/ece5210.o
                0x0000000020000044                x
 .bss.cnt       0x000000002000004c        0x4 ./Core/Src/ece5210.o
                0x000000002000004c                cnt
 .bss.buffer    0x0000000020000050        0xc ./Core/Src/ece5210.o
                0x0000000020000050                buffer
 .bss.buffer_index
                0x000000002000005c        0x2 ./Core/Src/ece5210.o
                0x000000002000005c                buffer_index
 *fill*         0x000000002000005e        0x2 
 .bss.saiDMATransmitBuffer
                0x0000000020000060     0x2000 ./Core/Src/myaudio.o
 .bss.saiDMAReceiveBuffer
                0x0000000020002060     0x2000 ./Core/Src/myaudio.o
 .bss.playbackBuffer
                0x0000000020004060      0x800 ./Core/Src/myaudio.o
 .bss.recordBuffer
                0x0000000020004860      0x800 ./Core/Src/myaudio.o
 .bss.haudio_in_sai
                0x0000000020005060       0x84 ./Core/Src/myaudio.o
 .bss.haudio_out_sai
                0x00000000200050e4       0x84 ./Core/Src/myaudio.o
 .bss.audio_rec_buffer_state
                0x0000000020005168        0x4 ./Core/Src/myaudio.o
 .bss.hdma_sai_tx.1
                0x000000002000516c       0x60 ./Core/Src/myaudio.o
 .bss.hdma_sai_rx.0
                0x00000000200051cc       0x60 ./Core/Src/myaudio.o
 .bss.outputEnabled
                0x000000002000522c        0x4 ./Drivers/BSP/Components/wm8994/wm8994.o
 .bss.inputEnabled
                0x0000000020005230        0x4 ./Drivers/BSP/Components/wm8994/wm8994.o
 .bss.hI2cAudioHandler
                0x0000000020005234       0x4c ./Drivers/BSP/STM32F769I-Discovery/stm32f769i_discovery.o
 .bss.uwTick    0x0000000020005280        0x4 ./Drivers/STM32F7xx_HAL_Driver/Src/stm32f7xx_hal.o
                0x0000000020005280                uwTick
 *(COMMON)
                0x0000000020005284                . = ALIGN (0x4)
                0x0000000020005284                _ebss = .
                0x0000000020005284                __bss_end__ = _ebss

._user_heap_stack
                0x0000000020005284      0x604 load address 0x0000000008006108
                0x0000000020005288                . = ALIGN (0x8)
 *fill*         0x0000000020005284        0x4 
                0x0000000020005288                PROVIDE (end = .)
                [!provide]                        PROVIDE (_end = .)
                0x0000000020005488                . = (. + _Min_Heap_Size)
 *fill*         0x0000000020005288      0x200 
                0x0000000020005888                . = (. + _Min_Stack_Size)
 *fill*         0x0000000020005488      0x400 
                0x0000000020005888                . = ALIGN (0x8)

/DISCARD/
 libc.a(*)
 libm.a(*)
 libgcc.a(*)

.ARM.attributes
                0x0000000000000000       0x2e
 *(.ARM.attributes)
 .ARM.attributes
                0x0000000000000000       0x1e /Applications/STM32CubeIDE.app/Contents/Eclipse/plugins/com.st.stm32cube.ide.mcu.externaltools.gnu-tools-for-stm32.11.3.rel1.macos64_1.1.100.202310310803/tools/bin/../lib/gcc/arm-none-eabi/11.3.1/thumb/v7e-m+dp/hard/crti.o
 .ARM.attributes
                0x000000000000001e       0x32 /Applications/STM32CubeIDE.app/Contents/Eclipse/plugins/com.st.stm32cube.ide.mcu.externaltools.gnu-tools-for-stm32.11.3.rel1.macos64_1.1.100.202310310803/tools/bin/../lib/gcc/arm-none-eabi/11.3.1/thumb/v7e-m+dp/hard/crtbegin.o
 .ARM.attributes
                0x0000000000000050       0x32 ./Core/Src/ece5210.o
 .ARM.attributes
                0x0000000000000082       0x32 ./Core/Src/main.o
 .ARM.attributes
                0x00000000000000b4       0x32 ./Core/Src/myaudio.o
 .ARM.attributes
                0x00000000000000e6       0x32 ./Core/Src/stm32f7xx_hal_msp.o
 .ARM.attributes
                0x0000000000000118       0x32 ./Core/Src/stm32f7xx_it.o
 .ARM.attributes
                0x000000000000014a       0x32 ./Core/Src/system_stm32f7xx.o
 .ARM.attributes
                0x000000000000017c       0x21 ./Core/Startup/startup_stm32f769nihx.o
 .ARM.attributes
                0x000000000000019d       0x32 ./Drivers/BSP/Components/wm8994/wm8994.o
 .ARM.attributes
                0x00000000000001cf       0x32 ./Drivers/BSP/STM32F769I-Discovery/stm32f769i_discovery.o
 .ARM.attributes
                0x0000000000000201       0x32 ./Drivers/STM32F7xx_HAL_Driver/Src/stm32f7xx_hal.o
 .ARM.attributes
                0x0000000000000233       0x32 ./Drivers/STM32F7xx_HAL_Driver/Src/stm32f7xx_hal_cortex.o
 .ARM.attributes
                0x0000000000000265       0x32 ./Drivers/STM32F7xx_HAL_Driver/Src/stm32f7xx_hal_dma.o
 .ARM.attributes
                0x0000000000000297       0x32 ./Drivers/STM32F7xx_HAL_Driver/Src/stm32f7xx_hal_gpio.o
 .ARM.attributes
                0x00000000000002c9       0x32 ./Drivers/STM32F7xx_HAL_Driver/Src/stm32f7xx_hal_i2c.o
 .ARM.attributes
                0x00000000000002fb       0x32 ./Drivers/STM32F7xx_HAL_Driver/Src/stm32f7xx_hal_pwr_ex.o
 .ARM.attributes
                0x000000000000032d       0x32 ./Drivers/STM32F7xx_HAL_Driver/Src/stm32f7xx_hal_rcc.o
 .ARM.attributes
                0x000000000000035f       0x32 ./Drivers/STM32F7xx_HAL_Driver/Src/stm32f7xx_hal_rcc_ex.o
 .ARM.attributes
                0x0000000000000391       0x32 ./Drivers/STM32F7xx_HAL_Driver/Src/stm32f7xx_hal_sai.o
 .ARM.attributes
                0x00000000000003c3       0x32 /Applications/STM32CubeIDE.app/Contents/Eclipse/plugins/com.st.stm32cube.ide.mcu.externaltools.gnu-tools-for-stm32.11.3.rel1.macos64_1.1.100.202310310803/tools/bin/../lib/gcc/arm-none-eabi/11.3.1/../../../../arm-none-eabi/lib/thumb/v7e-m+dp/hard/libc_nano.a(libc_a-init.o)
 .ARM.attributes
                0x00000000000003f5       0x1e /Applications/STM32CubeIDE.app/Contents/Eclipse/plugins/com.st.stm32cube.ide.mcu.externaltools.gnu-tools-for-stm32.11.3.rel1.macos64_1.1.100.202310310803/tools/bin/../lib/gcc/arm-none-eabi/11.3.1/thumb/v7e-m+dp/hard/crtn.o
OUTPUT(ece5210-60hz-repo.elf elf32-littlearm)
LOAD linker stubs
LOAD /Applications/STM32CubeIDE.app/Contents/Eclipse/plugins/com.st.stm32cube.ide.mcu.externaltools.gnu-tools-for-stm32.11.3.rel1.macos64_1.1.100.202310310803/tools/bin/../lib/gcc/arm-none-eabi/11.3.1/../../../../arm-none-eabi/lib/thumb/v7e-m+dp/hard/libc.a
LOAD /Applications/STM32CubeIDE.app/Contents/Eclipse/plugins/com.st.stm32cube.ide.mcu.externaltools.gnu-tools-for-stm32.11.3.rel1.macos64_1.1.100.202310310803/tools/bin/../lib/gcc/arm-none-eabi/11.3.1/../../../../arm-none-eabi/lib/thumb/v7e-m+dp/hard/libm.a
LOAD /Applications/STM32CubeIDE.app/Contents/Eclipse/plugins/com.st.stm32cube.ide.mcu.externaltools.gnu-tools-for-stm32.11.3.rel1.macos64_1.1.100.202310310803/tools/bin/../lib/gcc/arm-none-eabi/11.3.1/thumb/v7e-m+dp/hard/libgcc.a

.comment        0x0000000000000000       0x43
 .comment       0x0000000000000000       0x43 /Applications/STM32CubeIDE.app/Contents/Eclipse/plugins/com.st.stm32cube.ide.mcu.externaltools.gnu-tools-for-stm32.11.3.rel1.macos64_1.1.100.202310310803/tools/bin/../lib/gcc/arm-none-eabi/11.3.1/thumb/v7e-m+dp/hard/crtbegin.o
                                         0x44 (size before relaxing)
 .comment       0x0000000000000043       0x44 ./Core/Src/ece5210.o
 .comment       0x0000000000000043       0x44 ./Core/Src/main.o
 .comment       0x0000000000000043       0x44 ./Core/Src/myaudio.o
 .comment       0x0000000000000043       0x44 ./Core/Src/stm32f7xx_hal_msp.o
 .comment       0x0000000000000043       0x44 ./Core/Src/stm32f7xx_it.o
 .comment       0x0000000000000043       0x44 ./Core/Src/system_stm32f7xx.o
 .comment       0x0000000000000043       0x44 ./Drivers/BSP/Components/wm8994/wm8994.o
 .comment       0x0000000000000043       0x44 ./Drivers/BSP/STM32F769I-Discovery/stm32f769i_discovery.o
 .comment       0x0000000000000043       0x44 ./Drivers/STM32F7xx_HAL_Driver/Src/stm32f7xx_hal.o
 .comment       0x0000000000000043       0x44 ./Drivers/STM32F7xx_HAL_Driver/Src/stm32f7xx_hal_cortex.o
 .comment       0x0000000000000043       0x44 ./Drivers/STM32F7xx_HAL_Driver/Src/stm32f7xx_hal_dma.o
 .comment       0x0000000000000043       0x44 ./Drivers/STM32F7xx_HAL_Driver/Src/stm32f7xx_hal_gpio.o
 .comment       0x0000000000000043       0x44 ./Drivers/STM32F7xx_HAL_Driver/Src/stm32f7xx_hal_i2c.o
 .comment       0x0000000000000043       0x44 ./Drivers/STM32F7xx_HAL_Driver/Src/stm32f7xx_hal_pwr_ex.o
 .comment       0x0000000000000043       0x44 ./Drivers/STM32F7xx_HAL_Driver/Src/stm32f7xx_hal_rcc.o
 .comment       0x0000000000000043       0x44 ./Drivers/STM32F7xx_HAL_Driver/Src/stm32f7xx_hal_rcc_ex.o
 .comment       0x0000000000000043       0x44 ./Drivers/STM32F7xx_HAL_Driver/Src/stm32f7xx_hal_sai.o

.debug_info     0x0000000000000000     0xc176
 .debug_info    0x0000000000000000      0x205 ./Core/Src/ece5210.o
 .debug_info    0x0000000000000205      0xaf5 ./Core/Src/main.o
 .debug_info    0x0000000000000cfa     0x1491 ./Core/Src/myaudio.o
 .debug_info    0x000000000000218b      0x3ae ./Core/Src/stm32f7xx_hal_msp.o
 .debug_info    0x0000000000002539       0xa2 ./Core/Src/stm32f7xx_it.o
 .debug_info    0x00000000000025db      0x6f4 ./Core/Src/system_stm32f7xx.o
 .debug_info    0x0000000000002ccf       0x23 ./Core/Startup/startup_stm32f769nihx.o
 .debug_info    0x0000000000002cf2      0x5f9 ./Drivers/BSP/Components/wm8994/wm8994.o
 .debug_info    0x00000000000032eb     0x16d2 ./Drivers/BSP/STM32F769I-Discovery/stm32f769i_discovery.o
 .debug_info    0x00000000000049bd      0x92b ./Drivers/STM32F7xx_HAL_Driver/Src/stm32f7xx_hal.o
 .debug_info    0x00000000000052e8      0xf8c ./Drivers/STM32F7xx_HAL_Driver/Src/stm32f7xx_hal_cortex.o
 .debug_info    0x0000000000006274      0x8ee ./Drivers/STM32F7xx_HAL_Driver/Src/stm32f7xx_hal_dma.o
 .debug_info    0x0000000000006b62      0x6e8 ./Drivers/STM32F7xx_HAL_Driver/Src/stm32f7xx_hal_gpio.o
 .debug_info    0x000000000000724a     0x1bb7 ./Drivers/STM32F7xx_HAL_Driver/Src/stm32f7xx_hal_i2c.o
 .debug_info    0x0000000000008e01      0x907 ./Drivers/STM32F7xx_HAL_Driver/Src/stm32f7xx_hal_pwr_ex.o
 .debug_info    0x0000000000009708      0xb19 ./Drivers/STM32F7xx_HAL_Driver/Src/stm32f7xx_hal_rcc.o
 .debug_info    0x000000000000a221      0xdfc ./Drivers/STM32F7xx_HAL_Driver/Src/stm32f7xx_hal_rcc_ex.o
 .debug_info    0x000000000000b01d     0x1159 ./Drivers/STM32F7xx_HAL_Driver/Src/stm32f7xx_hal_sai.o

.debug_abbrev   0x0000000000000000     0x222f
 .debug_abbrev  0x0000000000000000      0x108 ./Core/Src/ece5210.o
 .debug_abbrev  0x0000000000000108      0x1fb ./Core/Src/main.o
 .debug_abbrev  0x0000000000000303      0x2da ./Core/Src/myaudio.o
 .debug_abbrev  0x00000000000005dd       0x97 ./Core/Src/stm32f7xx_hal_msp.o
 .debug_abbrev  0x0000000000000674       0x6b ./Core/Src/stm32f7xx_it.o
 .debug_abbrev  0x00000000000006df      0x13b ./Core/Src/system_stm32f7xx.o
 .debug_abbrev  0x000000000000081a       0x12 ./Core/Startup/startup_stm32f769nihx.o
 .debug_abbrev  0x000000000000082c      0x1af ./Drivers/BSP/Components/wm8994/wm8994.o
 .debug_abbrev  0x00000000000009db      0x308 ./Drivers/BSP/STM32F769I-Discovery/stm32f769i_discovery.o
 .debug_abbrev  0x0000000000000ce3      0x1f7 ./Drivers/STM32F7xx_HAL_Driver/Src/stm32f7xx_hal.o
 .debug_abbrev  0x0000000000000eda      0x30d ./Drivers/STM32F7xx_HAL_Driver/Src/stm32f7xx_hal_cortex.o
 .debug_abbrev  0x00000000000011e7      0x264 ./Drivers/STM32F7xx_HAL_Driver/Src/stm32f7xx_hal_dma.o
 .debug_abbrev  0x000000000000144b      0x1d5 ./Drivers/STM32F7xx_HAL_Driver/Src/stm32f7xx_hal_gpio.o
 .debug_abbrev  0x0000000000001620      0x276 ./Drivers/STM32F7xx_HAL_Driver/Src/stm32f7xx_hal_i2c.o
 .debug_abbrev  0x0000000000001896      0x1fc ./Drivers/STM32F7xx_HAL_Driver/Src/stm32f7xx_hal_pwr_ex.o
 .debug_abbrev  0x0000000000001a92      0x2df ./Drivers/STM32F7xx_HAL_Driver/Src/stm32f7xx_hal_rcc.o
 .debug_abbrev  0x0000000000001d71      0x216 ./Drivers/STM32F7xx_HAL_Driver/Src/stm32f7xx_hal_rcc_ex.o
 .debug_abbrev  0x0000000000001f87      0x2a8 ./Drivers/STM32F7xx_HAL_Driver/Src/stm32f7xx_hal_sai.o

.debug_aranges  0x0000000000000000      0xb20
 .debug_aranges
                0x0000000000000000       0x28 ./Core/Src/ece5210.o
 .debug_aranges
                0x0000000000000028       0x30 ./Core/Src/main.o
 .debug_aranges
                0x0000000000000058       0x98 ./Core/Src/myaudio.o
 .debug_aranges
                0x00000000000000f0       0x20 ./Core/Src/stm32f7xx_hal_msp.o
 .debug_aranges
                0x0000000000000110       0x20 ./Core/Src/stm32f7xx_it.o
 .debug_aranges
                0x0000000000000130       0x28 ./Core/Src/system_stm32f7xx.o
 .debug_aranges
                0x0000000000000158       0x28 ./Core/Startup/startup_stm32f769nihx.o
 .debug_aranges
                0x0000000000000180       0x80 ./Drivers/BSP/Components/wm8994/wm8994.o
 .debug_aranges
                0x0000000000000200      0x130 ./Drivers/BSP/STM32F769I-Discovery/stm32f769i_discovery.o
 .debug_aranges
                0x0000000000000330       0xe0 ./Drivers/STM32F7xx_HAL_Driver/Src/stm32f7xx_hal.o
 .debug_aranges
                0x0000000000000410      0x118 ./Drivers/STM32F7xx_HAL_Driver/Src/stm32f7xx_hal_cortex.o
 .debug_aranges
                0x0000000000000528       0x90 ./Drivers/STM32F7xx_HAL_Driver/Src/stm32f7xx_hal_dma.o
 .debug_aranges
                0x00000000000005b8       0x58 ./Drivers/STM32F7xx_HAL_Driver/Src/stm32f7xx_hal_gpio.o
 .debug_aranges
                0x0000000000000610      0x260 ./Drivers/STM32F7xx_HAL_Driver/Src/stm32f7xx_hal_i2c.o
 .debug_aranges
                0x0000000000000870       0x80 ./Drivers/STM32F7xx_HAL_Driver/Src/stm32f7xx_hal_pwr_ex.o
 .debug_aranges
                0x00000000000008f0       0x88 ./Drivers/STM32F7xx_HAL_Driver/Src/stm32f7xx_hal_rcc.o
 .debug_aranges
                0x0000000000000978       0x30 ./Drivers/STM32F7xx_HAL_Driver/Src/stm32f7xx_hal_rcc_ex.o
 .debug_aranges
                0x00000000000009a8      0x178 ./Drivers/STM32F7xx_HAL_Driver/Src/stm32f7xx_hal_sai.o

.debug_rnglists
                0x0000000000000000      0x870
 .debug_rnglists
                0x0000000000000000       0x1b ./Core/Src/ece5210.o
 .debug_rnglists
                0x000000000000001b       0x20 ./Core/Src/main.o
 .debug_rnglists
                0x000000000000003b       0x73 ./Core/Src/myaudio.o
 .debug_rnglists
                0x00000000000000ae       0x13 ./Core/Src/stm32f7xx_hal_msp.o
 .debug_rnglists
                0x00000000000000c1       0x13 ./Core/Src/stm32f7xx_it.o
 .debug_rnglists
                0x00000000000000d4       0x1a ./Core/Src/system_stm32f7xx.o
 .debug_rnglists
                0x00000000000000ee       0x19 ./Core/Startup/startup_stm32f769nihx.o
 .debug_rnglists
                0x0000000000000107       0x61 ./Drivers/BSP/Components/wm8994/wm8994.o
 .debug_rnglists
                0x0000000000000168       0xe1 ./Drivers/BSP/STM32F769I-Discovery/stm32f769i_discovery.o
 .debug_rnglists
                0x0000000000000249       0xa3 ./Drivers/STM32F7xx_HAL_Driver/Src/stm32f7xx_hal.o
 .debug_rnglists
                0x00000000000002ec       0xce ./Drivers/STM32F7xx_HAL_Driver/Src/stm32f7xx_hal_cortex.o
 .debug_rnglists
                0x00000000000003ba       0x70 ./Drivers/STM32F7xx_HAL_Driver/Src/stm32f7xx_hal_dma.o
 .debug_rnglists
                0x000000000000042a       0x3f ./Drivers/STM32F7xx_HAL_Driver/Src/stm32f7xx_hal_gpio.o
 .debug_rnglists
                0x0000000000000469      0x1ee ./Drivers/STM32F7xx_HAL_Driver/Src/stm32f7xx_hal_i2c.o
 .debug_rnglists
                0x0000000000000657       0x5f ./Drivers/STM32F7xx_HAL_Driver/Src/stm32f7xx_hal_pwr_ex.o
 .debug_rnglists
                0x00000000000006b6       0x67 ./Drivers/STM32F7xx_HAL_Driver/Src/stm32f7xx_hal_rcc.o
 .debug_rnglists
                0x000000000000071d       0x22 ./Drivers/STM32F7xx_HAL_Driver/Src/stm32f7xx_hal_rcc_ex.o
 .debug_rnglists
                0x000000000000073f      0x131 ./Drivers/STM32F7xx_HAL_Driver/Src/stm32f7xx_hal_sai.o

.debug_macro    0x0000000000000000    0x2deb0
 .debug_macro   0x0000000000000000      0x15d ./Core/Src/ece5210.o
 .debug_macro   0x000000000000015d      0xac0 ./Core/Src/ece5210.o
 .debug_macro   0x0000000000000c1d       0x22 ./Core/Src/ece5210.o
 .debug_macro   0x0000000000000c3f       0x8e ./Core/Src/ece5210.o
 .debug_macro   0x0000000000000ccd       0x51 ./Core/Src/ece5210.o
 .debug_macro   0x0000000000000d1e      0x103 ./Core/Src/ece5210.o
 .debug_macro   0x0000000000000e21       0x6a ./Core/Src/ece5210.o
 .debug_macro   0x0000000000000e8b      0x1df ./Core/Src/ece5210.o
 .debug_macro   0x000000000000106a       0x61 ./Core/Src/ece5210.o
 .debug_macro   0x00000000000010cb       0x29 ./Core/Src/ece5210.o
 .debug_macro   0x00000000000010f4       0x43 ./Core/Src/ece5210.o
 .debug_macro   0x0000000000001137       0x34 ./Core/Src/ece5210.o
 .debug_macro   0x000000000000116b      0x174 ./Core/Src/ece5210.o
 .debug_macro   0x00000000000012df       0x16 ./Core/Src/ece5210.o
 .debug_macro   0x00000000000012f5       0x43 ./Core/Src/ece5210.o
 .debug_macro   0x0000000000001338       0x34 ./Core/Src/ece5210.o
 .debug_macro   0x000000000000136c       0x10 ./Core/Src/ece5210.o
 .debug_macro   0x000000000000137c       0x58 ./Core/Src/ece5210.o
 .debug_macro   0x00000000000013d4       0x8e ./Core/Src/ece5210.o
 .debug_macro   0x0000000000001462       0x1c ./Core/Src/ece5210.o
 .debug_macro   0x000000000000147e      0x177 ./Core/Src/ece5210.o
 .debug_macro   0x00000000000015f5      0x369 ./Core/Src/ece5210.o
 .debug_macro   0x000000000000195e      0x19b ./Core/Src/ece5210.o
 .debug_macro   0x0000000000001af9       0x1c ./Core/Src/ece5210.o
 .debug_macro   0x0000000000001b15       0x35 ./Core/Src/ece5210.o
 .debug_macro   0x0000000000001b4a       0x10 ./Core/Src/ece5210.o
 .debug_macro   0x0000000000001b5a       0x1c ./Core/Src/ece5210.o
 .debug_macro   0x0000000000001b76       0x16 ./Core/Src/ece5210.o
 .debug_macro   0x0000000000001b8c      0x147 ./Core/Src/ece5210.o
 .debug_macro   0x0000000000001cd3      0x2d1 ./Core/Src/main.o
 .debug_macro   0x0000000000001fa4      0x84a ./Core/Src/main.o
 .debug_macro   0x00000000000027ee      0x185 ./Core/Src/main.o
 .debug_macro   0x0000000000002973       0x2e ./Core/Src/main.o
 .debug_macro   0x00000000000029a1       0x3b ./Core/Src/main.o
 .debug_macro   0x00000000000029dc       0x35 ./Core/Src/main.o
 .debug_macro   0x0000000000002a11       0x50 ./Core/Src/main.o
 .debug_macro   0x0000000000002a61     0x1114 ./Core/Src/main.o
 .debug_macro   0x0000000000003b75    0x1f9e8 ./Core/Src/main.o
 .debug_macro   0x000000000002355d       0x43 ./Core/Src/main.o
 .debug_macro   0x00000000000235a0     0x35c8 ./Core/Src/main.o
 .debug_macro   0x0000000000026b68       0x16 ./Core/Src/main.o
 .debug_macro   0x0000000000026b7e       0x97 ./Core/Src/main.o
 .debug_macro   0x0000000000026c15       0xfd ./Core/Src/main.o
 .debug_macro   0x0000000000026d12       0x16 ./Core/Src/main.o
 .debug_macro   0x0000000000026d28       0x57 ./Core/Src/main.o
 .debug_macro   0x0000000000026d7f     0x1b3f ./Core/Src/main.o
 .debug_macro   0x00000000000288be      0x6a2 ./Core/Src/main.o
 .debug_macro   0x0000000000028f60      0x11e ./Core/Src/main.o
 .debug_macro   0x000000000002907e      0x27e ./Core/Src/main.o
 .debug_macro   0x00000000000292fc       0x27 ./Core/Src/main.o
 .debug_macro   0x0000000000029323      0x24f ./Core/Src/main.o
 .debug_macro   0x0000000000029572       0x71 ./Core/Src/main.o
 .debug_macro   0x00000000000295e3       0x58 ./Core/Src/main.o
 .debug_macro   0x000000000002963b      0x23a ./Core/Src/main.o
 .debug_macro   0x0000000000029875      0x156 ./Core/Src/main.o
 .debug_macro   0x00000000000299cb      0x3de ./Core/Src/main.o
 .debug_macro   0x0000000000029da9       0x12 ./Core/Src/main.o
 .debug_macro   0x0000000000029dbb      0x202 ./Core/Src/main.o
 .debug_macro   0x0000000000029fbd       0x61 ./Core/Src/main.o
 .debug_macro   0x000000000002a01e       0x90 ./Core/Src/main.o
 .debug_macro   0x000000000002a0ae      0x133 ./Core/Src/main.o
 .debug_macro   0x000000000002a1e1      0x10c ./Core/Src/main.o
 .debug_macro   0x000000000002a2ed       0x35 ./Core/Src/main.o
 .debug_macro   0x000000000002a322      0x447 ./Core/Src/main.o
 .debug_macro   0x000000000002a769      0x4e8 ./Core/Src/main.o
 .debug_macro   0x000000000002ac51       0x47 ./Core/Src/main.o
 .debug_macro   0x000000000002ac98      0x2a3 ./Core/Src/main.o
 .debug_macro   0x000000000002af3b      0x158 ./Core/Src/main.o
 .debug_macro   0x000000000002b093      0x1d6 ./Core/Src/main.o
 .debug_macro   0x000000000002b269      0x3d5 ./Core/Src/myaudio.o
 .debug_macro   0x000000000002b63e       0x16 ./Core/Src/myaudio.o
 .debug_macro   0x000000000002b654       0xbe ./Core/Src/myaudio.o
 .debug_macro   0x000000000002b712       0x10 ./Core/Src/myaudio.o
 .debug_macro   0x000000000002b722      0x2ba ./Core/Src/stm32f7xx_hal_msp.o
 .debug_macro   0x000000000002b9dc      0x2c4 ./Core/Src/stm32f7xx_it.o
 .debug_macro   0x000000000002bca0      0x2b1 ./Core/Src/system_stm32f7xx.o
 .debug_macro   0x000000000002bf51       0x81 ./Drivers/BSP/Components/wm8994/wm8994.o
 .debug_macro   0x000000000002bfd2       0x10 ./Drivers/BSP/Components/wm8994/wm8994.o
 .debug_macro   0x000000000002bfe2      0x2e7 ./Drivers/BSP/STM32F769I-Discovery/stm32f769i_discovery.o
 .debug_macro   0x000000000002c2c9      0x1d0 ./Drivers/BSP/STM32F769I-Discovery/stm32f769i_discovery.o
 .debug_macro   0x000000000002c499      0x2de ./Drivers/STM32F7xx_HAL_Driver/Src/stm32f7xx_hal.o
 .debug_macro   0x000000000002c777      0x2ba ./Drivers/STM32F7xx_HAL_Driver/Src/stm32f7xx_hal_cortex.o
 .debug_macro   0x000000000002ca31      0x2c1 ./Drivers/STM32F7xx_HAL_Driver/Src/stm32f7xx_hal_dma.o
 .debug_macro   0x000000000002ccf2      0x2f2 ./Drivers/STM32F7xx_HAL_Driver/Src/stm32f7xx_hal_gpio.o
 .debug_macro   0x000000000002cfe4      0x386 ./Drivers/STM32F7xx_HAL_Driver/Src/stm32f7xx_hal_i2c.o
 .debug_macro   0x000000000002d36a      0x2d2 ./Drivers/STM32F7xx_HAL_Driver/Src/stm32f7xx_hal_pwr_ex.o
 .debug_macro   0x000000000002d63c      0x2de ./Drivers/STM32F7xx_HAL_Driver/Src/stm32f7xx_hal_rcc.o
 .debug_macro   0x000000000002d91a      0x2c6 ./Drivers/STM32F7xx_HAL_Driver/Src/stm32f7xx_hal_rcc_ex.o
 .debug_macro   0x000000000002dbe0      0x2d0 ./Drivers/STM32F7xx_HAL_Driver/Src/stm32f7xx_hal_sai.o

.debug_line     0x0000000000000000     0xf68e
 .debug_line    0x0000000000000000      0x604 ./Core/Src/ece5210.o
 .debug_line    0x0000000000000604      0x922 ./Core/Src/main.o
 .debug_line    0x0000000000000f26      0xc27 ./Core/Src/myaudio.o
 .debug_line    0x0000000000001b4d      0x850 ./Core/Src/stm32f7xx_hal_msp.o
 .debug_line    0x000000000000239d      0x857 ./Core/Src/stm32f7xx_it.o
 .debug_line    0x0000000000002bf4      0x8e2 ./Core/Src/system_stm32f7xx.o
 .debug_line    0x00000000000034d6       0x7a ./Core/Startup/startup_stm32f769nihx.o
 .debug_line    0x0000000000003550      0xad6 ./Drivers/BSP/Components/wm8994/wm8994.o
 .debug_line    0x0000000000004026      0xcc1 ./Drivers/BSP/STM32F769I-Discovery/stm32f769i_discovery.o
 .debug_line    0x0000000000004ce7      0xacb ./Drivers/STM32F7xx_HAL_Driver/Src/stm32f7xx_hal.o
 .debug_line    0x00000000000057b2      0xdd0 ./Drivers/STM32F7xx_HAL_Driver/Src/stm32f7xx_hal_cortex.o
 .debug_line    0x0000000000006582     0x10ab ./Drivers/STM32F7xx_HAL_Driver/Src/stm32f7xx_hal_dma.o
 .debug_line    0x000000000000762d      0xcd5 ./Drivers/STM32F7xx_HAL_Driver/Src/stm32f7xx_hal_gpio.o
 .debug_line    0x0000000000008302     0x2c43 ./Drivers/STM32F7xx_HAL_Driver/Src/stm32f7xx_hal_i2c.o
 .debug_line    0x000000000000af45      0xae5 ./Drivers/STM32F7xx_HAL_Driver/Src/stm32f7xx_hal_pwr_ex.o
 .debug_line    0x000000000000ba2a      0xfbc ./Drivers/STM32F7xx_HAL_Driver/Src/stm32f7xx_hal_rcc.o
 .debug_line    0x000000000000c9e6     0x12a1 ./Drivers/STM32F7xx_HAL_Driver/Src/stm32f7xx_hal_rcc_ex.o
 .debug_line    0x000000000000dc87     0x1a07 ./Drivers/STM32F7xx_HAL_Driver/Src/stm32f7xx_hal_sai.o

.debug_str      0x0000000000000000   0x10d502
 .debug_str     0x0000000000000000     0x7e6e ./Core/Src/ece5210.o
                                       0x806e (size before relaxing)
 .debug_str     0x0000000000007e6e   0x1015ee ./Core/Src/main.o
                                     0x108f81 (size before relaxing)
 .debug_str     0x000000000010945c     0x13f0 ./Core/Src/myaudio.o
                                     0x109678 (size before relaxing)
 .debug_str     0x000000000010a84c       0x49 ./Core/Src/stm32f7xx_hal_msp.o
                                     0x107da2 (size before relaxing)
 .debug_str     0x000000000010a895       0x60 ./Core/Src/stm32f7xx_it.o
                                     0x10773e (size before relaxing)
 .debug_str     0x000000000010a8f5      0x1b9 ./Core/Src/system_stm32f7xx.o
                                     0x106831 (size before relaxing)
 .debug_str     0x000000000010aaae       0x34 ./Core/Startup/startup_stm32f769nihx.o
                                         0x89 (size before relaxing)
 .debug_str     0x000000000010aae2      0x1e1 ./Drivers/BSP/Components/wm8994/wm8994.o
                                       0x4473 (size before relaxing)
 .debug_str     0x000000000010acc3      0x763 ./Drivers/BSP/STM32F769I-Discovery/stm32f769i_discovery.o
                                     0x109613 (size before relaxing)
 .debug_str     0x000000000010b426      0x339 ./Drivers/STM32F7xx_HAL_Driver/Src/stm32f7xx_hal.o
                                     0x10831b (size before relaxing)
 .debug_str     0x000000000010b75f      0x301 ./Drivers/STM32F7xx_HAL_Driver/Src/stm32f7xx_hal_cortex.o
                                     0x1083aa (size before relaxing)
 .debug_str     0x000000000010ba60      0x2fe ./Drivers/STM32F7xx_HAL_Driver/Src/stm32f7xx_hal_dma.o
                                     0x107d00 (size before relaxing)
 .debug_str     0x000000000010bd5e      0x1e7 ./Drivers/STM32F7xx_HAL_Driver/Src/stm32f7xx_hal_gpio.o
                                     0x107b80 (size before relaxing)
 .debug_str     0x000000000010bf45      0xced ./Drivers/STM32F7xx_HAL_Driver/Src/stm32f7xx_hal_i2c.o
                                     0x108a19 (size before relaxing)
 .debug_str     0x000000000010cc32      0x1dd ./Drivers/STM32F7xx_HAL_Driver/Src/stm32f7xx_hal_pwr_ex.o
                                     0x107c3c (size before relaxing)
 .debug_str     0x000000000010ce0f      0x234 ./Drivers/STM32F7xx_HAL_Driver/Src/stm32f7xx_hal_rcc.o
                                     0x107d12 (size before relaxing)
 .debug_str     0x000000000010d043       0xde ./Drivers/STM32F7xx_HAL_Driver/Src/stm32f7xx_hal_rcc_ex.o
                                     0x107c71 (size before relaxing)
 .debug_str     0x000000000010d121      0x3e1 ./Drivers/STM32F7xx_HAL_Driver/Src/stm32f7xx_hal_sai.o
                                     0x108139 (size before relaxing)

.debug_frame    0x0000000000000000     0x2be8
 .debug_frame   0x0000000000000000       0x5c ./Core/Src/ece5210.o
 .debug_frame   0x000000000000005c       0x70 ./Core/Src/main.o
 .debug_frame   0x00000000000000cc      0x240 ./Core/Src/myaudio.o
 .debug_frame   0x000000000000030c       0x2c ./Core/Src/stm32f7xx_hal_msp.o
 .debug_frame   0x0000000000000338       0x2c ./Core/Src/stm32f7xx_it.o
 .debug_frame   0x0000000000000364       0x58 ./Core/Src/system_stm32f7xx.o
 .debug_frame   0x00000000000003bc      0x1e8 ./Drivers/BSP/Components/wm8994/wm8994.o
 .debug_frame   0x00000000000005a4      0x4d4 ./Drivers/BSP/STM32F769I-Discovery/stm32f769i_discovery.o
 .debug_frame   0x0000000000000a78      0x330 ./Drivers/STM32F7xx_HAL_Driver/Src/stm32f7xx_hal.o
 .debug_frame   0x0000000000000da8      0x498 ./Drivers/STM32F7xx_HAL_Driver/Src/stm32f7xx_hal_cortex.o
 .debug_frame   0x0000000000001240      0x250 ./Drivers/STM32F7xx_HAL_Driver/Src/stm32f7xx_hal_dma.o
 .debug_frame   0x0000000000001490      0x14c ./Drivers/STM32F7xx_HAL_Driver/Src/stm32f7xx_hal_gpio.o
 .debug_frame   0x00000000000015dc      0xafc ./Drivers/STM32F7xx_HAL_Driver/Src/stm32f7xx_hal_i2c.o
 .debug_frame   0x00000000000020d8      0x1c8 ./Drivers/STM32F7xx_HAL_Driver/Src/stm32f7xx_hal_pwr_ex.o
 .debug_frame   0x00000000000022a0      0x1fc ./Drivers/STM32F7xx_HAL_Driver/Src/stm32f7xx_hal_rcc.o
 .debug_frame   0x000000000000249c       0x88 ./Drivers/STM32F7xx_HAL_Driver/Src/stm32f7xx_hal_rcc_ex.o
 .debug_frame   0x0000000000002524      0x698 ./Drivers/STM32F7xx_HAL_Driver/Src/stm32f7xx_hal_sai.o
 .debug_frame   0x0000000000002bbc       0x2c /Applications/STM32CubeIDE.app/Contents/Eclipse/plugins/com.st.stm32cube.ide.mcu.externaltools.gnu-tools-for-stm32.11.3.rel1.macos64_1.1.100.202310310803/tools/bin/../lib/gcc/arm-none-eabi/11.3.1/../../../../arm-none-eabi/lib/thumb/v7e-m+dp/hard/libc_nano.a(libc_a-init.o)

.debug_line_str
                0x0000000000000000       0x7d
 .debug_line_str
                0x0000000000000000       0x7d ./Core/Startup/startup_stm32f769nihx.o
                                         0x95 (size before relaxing)
