../Core/Src/syscalls.c:58:6:initialise_monitor_handles	4	static
../Core/Src/syscalls.c:62:5:_getpid	4	static
../Core/Src/syscalls.c:67:5:_kill	16	static
../Core/Src/syscalls.c:73:6:_exit	16	static
../Core/Src/syscalls.c:81:5:_read	32	static
../Core/Src/syscalls.c:93:5:_write	32	static
../Core/Src/syscalls.c:104:9:_sbrk	24	static
../Core/Src/syscalls.c:127:5:_close	16	static
../Core/Src/syscalls.c:132:5:_fstat	16	static
../Core/Src/syscalls.c:138:5:_isatty	16	static
../Core/Src/syscalls.c:143:5:_lseek	24	static
../Core/Src/syscalls.c:148:5:_open	12	static
../Core/Src/syscalls.c:154:5:_wait	16	static
../Core/Src/syscalls.c:160:5:_unlink	16	static
../Core/Src/syscalls.c:166:5:_times	16	static
../Core/Src/syscalls.c:171:5:_stat	16	static
../Core/Src/syscalls.c:177:5:_link	16	static
../Core/Src/syscalls.c:183:5:_fork	8	static
../Core/Src/syscalls.c:189:5:_execve	24	static
