../Drivers/BSP/STM32F769I-Discovery/stm32f769i_discovery.c:163:10:BSP_GetVersion	4	static
../Drivers/BSP/STM32F769I-Discovery/stm32f769i_discovery.c:176:6:BSP_LED_Init	40	static
../Drivers/BSP/STM32F769I-Discovery/stm32f769i_discovery.c:201:6:BSP_LED_DeInit	40	static
../Drivers/BSP/STM32F769I-Discovery/stm32f769i_discovery.c:221:6:BSP_LED_On	16	static
../Drivers/BSP/STM32F769I-Discovery/stm32f769i_discovery.c:234:6:BSP_LED_Off	16	static
../Drivers/BSP/STM32F769I-Discovery/stm32f769i_discovery.c:247:6:BSP_LED_Toggle	16	static
../Drivers/BSP/STM32F769I-Discovery/stm32f769i_discovery.c:265:6:BSP_PB_Init	40	static
../Drivers/BSP/STM32F769I-Discovery/stm32f769i_discovery.c:308:6:BSP_PB_DeInit	40	static
../Drivers/BSP/STM32F769I-Discovery/stm32f769i_discovery.c:326:10:BSP_PB_GetState	16	static
../Drivers/BSP/STM32F769I-Discovery/stm32f769i_discovery.c:350:13:I2Cx_MspInit	56	static
../Drivers/BSP/STM32F769I-Discovery/stm32f769i_discovery.c:435:13:I2Cx_Init	16	static
../Drivers/BSP/STM32F769I-Discovery/stm32f769i_discovery.c:473:26:I2Cx_ReadMultiple	48	static
../Drivers/BSP/STM32F769I-Discovery/stm32f769i_discovery.c:499:26:I2Cx_WriteMultiple	48	static
../Drivers/BSP/STM32F769I-Discovery/stm32f769i_discovery.c:522:26:I2Cx_IsDeviceReady	24	static
../Drivers/BSP/STM32F769I-Discovery/stm32f769i_discovery.c:533:13:I2Cx_Error	16	static
../Drivers/BSP/STM32F769I-Discovery/stm32f769i_discovery.c:555:6:AUDIO_IO_Init	8	static
../Drivers/BSP/STM32F769I-Discovery/stm32f769i_discovery.c:563:6:AUDIO_IO_DeInit	4	static
../Drivers/BSP/STM32F769I-Discovery/stm32f769i_discovery.c:575:6:AUDIO_IO_Write	32	static
../Drivers/BSP/STM32F769I-Discovery/stm32f769i_discovery.c:592:10:AUDIO_IO_Read	32	static
../Drivers/BSP/STM32F769I-Discovery/stm32f769i_discovery.c:611:6:AUDIO_IO_Delay	16	static
../Drivers/BSP/STM32F769I-Discovery/stm32f769i_discovery.c:621:6:EEPROM_IO_Init	8	static
../Drivers/BSP/STM32F769I-Discovery/stm32f769i_discovery.c:634:19:EEPROM_IO_WriteData	32	static
../Drivers/BSP/STM32F769I-Discovery/stm32f769i_discovery.c:647:19:EEPROM_IO_ReadData	32	static
../Drivers/BSP/STM32F769I-Discovery/stm32f769i_discovery.c:659:19:EEPROM_IO_IsDeviceReady	16	static
../Drivers/BSP/STM32F769I-Discovery/stm32f769i_discovery.c:670:6:TS_IO_Init	8	static
../Drivers/BSP/STM32F769I-Discovery/stm32f769i_discovery.c:682:6:TS_IO_Write	24	static
../Drivers/BSP/STM32F769I-Discovery/stm32f769i_discovery.c:693:9:TS_IO_Read	32	static
../Drivers/BSP/STM32F769I-Discovery/stm32f769i_discovery.c:711:10:TS_IO_ReadMultiple	24	static
../Drivers/BSP/STM32F769I-Discovery/stm32f769i_discovery.c:725:6:TS_IO_WriteMultiple	24	static
../Drivers/BSP/STM32F769I-Discovery/stm32f769i_discovery.c:735:6:TS_IO_Delay	16	static
../Drivers/BSP/STM32F769I-Discovery/stm32f769i_discovery.c:745:6:OTM8009A_IO_Delay	16	static
../Drivers/BSP/STM32F769I-Discovery/stm32f769i_discovery.c:755:6:HDMI_IO_Init	8	static
../Drivers/BSP/STM32F769I-Discovery/stm32f769i_discovery.c:767:6:HDMI_IO_Write	24	static
../Drivers/BSP/STM32F769I-Discovery/stm32f769i_discovery.c:779:9:HDMI_IO_Read	32	static
../Drivers/BSP/STM32F769I-Discovery/stm32f769i_discovery.c:793:6:HDMI_IO_Delay	16	static
