Archive member included to satisfy reference by file (symbol)

/Applications/STM32CubeIDE.app/Contents/Eclipse/plugins/com.st.stm32cube.ide.mcu.externaltools.gnu-tools-for-stm32.11.3.rel1.macos64_1.1.100.202310310803/tools/bin/../lib/gcc/arm-none-eabi/11.3.1/../../../../arm-none-eabi/lib/thumb/v7e-m+dp/hard/libc_nano.a(libc_a-exit.o)
                              /Applications/STM32CubeIDE.app/Contents/Eclipse/plugins/com.st.stm32cube.ide.mcu.externaltools.gnu-tools-for-stm32.11.3.rel1.macos64_1.1.100.202310310803/tools/bin/../lib/gcc/arm-none-eabi/11.3.1/../../../../arm-none-eabi/lib/thumb/v7e-m+dp/hard/crt0.o (exit)
/Applications/STM32CubeIDE.app/Contents/Eclipse/plugins/com.st.stm32cube.ide.mcu.externaltools.gnu-tools-for-stm32.11.3.rel1.macos64_1.1.100.202310310803/tools/bin/../lib/gcc/arm-none-eabi/11.3.1/../../../../arm-none-eabi/lib/thumb/v7e-m+dp/hard/libc_nano.a(libc_a-findfp.o)
                              /Applications/STM32CubeIDE.app/Contents/Eclipse/plugins/com.st.stm32cube.ide.mcu.externaltools.gnu-tools-for-stm32.11.3.rel1.macos64_1.1.100.202310310803/tools/bin/../lib/gcc/arm-none-eabi/11.3.1/../../../../arm-none-eabi/lib/thumb/v7e-m+dp/hard/libc_nano.a(libc_a-exit.o) (__stdio_exit_handler)
/Applications/STM32CubeIDE.app/Contents/Eclipse/plugins/com.st.stm32cube.ide.mcu.externaltools.gnu-tools-for-stm32.11.3.rel1.macos64_1.1.100.202310310803/tools/bin/../lib/gcc/arm-none-eabi/11.3.1/../../../../arm-none-eabi/lib/thumb/v7e-m+dp/hard/libc_nano.a(libc_a-fwalk.o)
                              /Applications/STM32CubeIDE.app/Contents/Eclipse/plugins/com.st.stm32cube.ide.mcu.externaltools.gnu-tools-for-stm32.11.3.rel1.macos64_1.1.100.202310310803/tools/bin/../lib/gcc/arm-none-eabi/11.3.1/../../../../arm-none-eabi/lib/thumb/v7e-m+dp/hard/libc_nano.a(libc_a-findfp.o) (_fwalk_sglue)
/Applications/STM32CubeIDE.app/Contents/Eclipse/plugins/com.st.stm32cube.ide.mcu.externaltools.gnu-tools-for-stm32.11.3.rel1.macos64_1.1.100.202310310803/tools/bin/../lib/gcc/arm-none-eabi/11.3.1/../../../../arm-none-eabi/lib/thumb/v7e-m+dp/hard/libc_nano.a(libc_a-memset.o)
                              /Applications/STM32CubeIDE.app/Contents/Eclipse/plugins/com.st.stm32cube.ide.mcu.externaltools.gnu-tools-for-stm32.11.3.rel1.macos64_1.1.100.202310310803/tools/bin/../lib/gcc/arm-none-eabi/11.3.1/../../../../arm-none-eabi/lib/thumb/v7e-m+dp/hard/crt0.o (memset)
/Applications/STM32CubeIDE.app/Contents/Eclipse/plugins/com.st.stm32cube.ide.mcu.externaltools.gnu-tools-for-stm32.11.3.rel1.macos64_1.1.100.202310310803/tools/bin/../lib/gcc/arm-none-eabi/11.3.1/../../../../arm-none-eabi/lib/thumb/v7e-m+dp/hard/libc_nano.a(libc_a-impure.o)
                              /Applications/STM32CubeIDE.app/Contents/Eclipse/plugins/com.st.stm32cube.ide.mcu.externaltools.gnu-tools-for-stm32.11.3.rel1.macos64_1.1.100.202310310803/tools/bin/../lib/gcc/arm-none-eabi/11.3.1/../../../../arm-none-eabi/lib/thumb/v7e-m+dp/hard/libc_nano.a(libc_a-findfp.o) (_impure_data)
/Applications/STM32CubeIDE.app/Contents/Eclipse/plugins/com.st.stm32cube.ide.mcu.externaltools.gnu-tools-for-stm32.11.3.rel1.macos64_1.1.100.202310310803/tools/bin/../lib/gcc/arm-none-eabi/11.3.1/../../../../arm-none-eabi/lib/thumb/v7e-m+dp/hard/libc_nano.a(libc_a-errno.o)
                              ./Core/Src/syscalls.o (__errno)
/Applications/STM32CubeIDE.app/Contents/Eclipse/plugins/com.st.stm32cube.ide.mcu.externaltools.gnu-tools-for-stm32.11.3.rel1.macos64_1.1.100.202310310803/tools/bin/../lib/gcc/arm-none-eabi/11.3.1/../../../../arm-none-eabi/lib/thumb/v7e-m+dp/hard/libc_nano.a(libc_a-init.o)
                              /Applications/STM32CubeIDE.app/Contents/Eclipse/plugins/com.st.stm32cube.ide.mcu.externaltools.gnu-tools-for-stm32.11.3.rel1.macos64_1.1.100.202310310803/tools/bin/../lib/gcc/arm-none-eabi/11.3.1/../../../../arm-none-eabi/lib/thumb/v7e-m+dp/hard/crt0.o (__libc_init_array)
/Applications/STM32CubeIDE.app/Contents/Eclipse/plugins/com.st.stm32cube.ide.mcu.externaltools.gnu-tools-for-stm32.11.3.rel1.macos64_1.1.100.202310310803/tools/bin/../lib/gcc/arm-none-eabi/11.3.1/../../../../arm-none-eabi/lib/thumb/v7e-m+dp/hard/libc_nano.a(libc_a-lock.o)
                              /Applications/STM32CubeIDE.app/Contents/Eclipse/plugins/com.st.stm32cube.ide.mcu.externaltools.gnu-tools-for-stm32.11.3.rel1.macos64_1.1.100.202310310803/tools/bin/../lib/gcc/arm-none-eabi/11.3.1/../../../../arm-none-eabi/lib/thumb/v7e-m+dp/hard/libc_nano.a(libc_a-findfp.o) (__retarget_lock_init_recursive)
/Applications/STM32CubeIDE.app/Contents/Eclipse/plugins/com.st.stm32cube.ide.mcu.externaltools.gnu-tools-for-stm32.11.3.rel1.macos64_1.1.100.202310310803/tools/bin/../lib/gcc/arm-none-eabi/11.3.1/../../../../arm-none-eabi/lib/thumb/v7e-m+dp/hard/libc_nano.a(libc_a-mallocr.o)
[...]
Memory Configuration

Name             Origin             Length             Attributes
RAM              0x0000000020000000 0x0000000000080000 xrw
FLASH            0x0000000008000000 0x0000000000200000 xr
*default*        0x0000000000000000 0xffffffffffffffff

Linker script and memory map

LOAD /Applications/STM32CubeIDE.app/Contents/Eclipse/plugins/com.st.stm32cube.ide.mcu.externaltools.gnu-tools-for-stm32.11.3.rel1.macos64_1.1.100.202310310803/tools/bin/../lib/gcc/arm-none-eabi/11.3.1/thumb/v7e-m+dp/hard/crti.o
LOAD /Applications/STM32CubeIDE.app/Contents/Eclipse/plugins/com.st.stm32cube.ide.mcu.externaltools.gnu-tools-for-stm32.11.3.rel1.macos64_1.1.100.202310310803/tools/bin/../lib/gcc/arm-none-eabi/11.3.1/thumb/v7e-m+dp/hard/crtbegin.o
LOAD /Applications/STM32CubeIDE.app/Contents/Eclipse/plugins/com.st.stm32cube.ide.mcu.externaltools.gnu-tools-for-stm32.11.3.rel1.macos64_1.1.100.202310310803/tools/bin/../lib/gcc/arm-none-eabi/11.3.1/../../../../arm-none-eabi/lib/thumb/v7e-m+dp/hard/crt0.o
LOAD ./Core/Src/ece5210.o
LOAD ./Core/Src/main.o
LOAD ./Core/Src/myaudio.o
LOAD ./Core/Src/stm32f7xx_hal_msp.o
LOAD ./Core/Src/stm32f7xx_it.o
LOAD ./Core/Src/syscalls.o
LOAD ./Core/Src/system_stm32f7xx.o
LOAD ./Core/Startup/startup_stm32f769nihx.o
LOAD ./Drivers/BSP/Components/wm8994/wm8994.o
LOAD ./Drivers/BSP/STM32F769I-Discovery/stm32f769i_discovery.o
LOAD ./Drivers/STM32F7xx_HAL_Driver/Src/stm32f7xx_hal.o
LOAD ./Drivers/STM32F7xx_HAL_Driver/Src/stm32f7xx_hal_cortex.o
LOAD ./Drivers/STM32F7xx_HAL_Driver/Src/stm32f7xx_hal_dfsdm.o
LOAD ./Drivers/STM32F7xx_HAL_Driver/Src/stm32f7xx_hal_dma.o
LOAD ./Drivers/STM32F7xx_HAL_Driver/Src/stm32f7xx_hal_dma_ex.o
LOAD ./Drivers/STM32F7xx_HAL_Driver/Src/stm32f7xx_hal_flash.o
LOAD ./Drivers/STM32F7xx_HAL_Driver/Src/stm32f7xx_hal_flash_ex.o
LOAD ./Drivers/STM32F7xx_HAL_Driver/Src/stm32f7xx_hal_gpio.o
LOAD ./Drivers/STM32F7xx_HAL_Driver/Src/stm32f7xx_hal_i2c.o
LOAD ./Drivers/STM32F7xx_HAL_Driver/Src/stm32f7xx_hal_i2c_ex.o
LOAD ./Drivers/STM32F7xx_HAL_Driver/Src/stm32f7xx_hal_pwr.o
LOAD ./Drivers/STM32F7xx_HAL_Driver/Src/stm32f7xx_hal_pwr_ex.o
LOAD ./Drivers/STM32F7xx_HAL_Driver/Src/stm32f7xx_hal_rcc.o
LOAD ./Drivers/STM32F7xx_HAL_Driver/Src/stm32f7xx_hal_rcc_ex.o
LOAD ./Drivers/STM32F7xx_HAL_Driver/Src/stm32f7xx_hal_sai.o
LOAD ./Drivers/STM32F7xx_HAL_Driver/Src/stm32f7xx_hal_sai_ex.o
LOAD ./Drivers/STM32F7xx_HAL_Driver/Src/stm32f7xx_hal_tim.o
LOAD ./Drivers/STM32F7xx_HAL_Driver/Src/stm32f7xx_hal_tim_ex.o
LOAD ./Drivers/STM32F7xx_HAL_Driver/Src/stm32f7xx_hal_uart.o
START GROUP
LOAD /Applications/STM32CubeIDE.app/Contents/Eclipse/plugins/com.st.stm32cube.ide.mcu.externaltools.gnu-tools-for-stm32.11.3.rel1.macos64_1.1.100.202310310803/tools/bin/../lib/gcc/arm-none-eabi/11.3.1/../../../../arm-none-eabi/lib/thumb/v7e-m+dp/hard/libc_nano.a
LOAD /Applications/STM32CubeIDE.app/Contents/Eclipse/plugins/com.st.stm32cube.ide.mcu.externaltools.gnu-tools-for-stm32.11.3.rel1.macos64_1.1.100.202310310803/tools/bin/../lib/gcc/arm-none-eabi/11.3.1/../../../../arm-none-eabi/lib/thumb/v7e-m+dp/hard/libm.a
END GROUP
START GROUP
LOAD /Applications/STM32CubeIDE.app/Contents/Eclipse/plugins/com.st.stm32cube.ide.mcu.externaltools.gnu-tools-for-stm32.11.3.rel1.macos64_1.1.100.202310310803/tools/bin/../lib/gcc/arm-none-eabi/11.3.1/thumb/v7e-m+dp/hard/libgcc.a
LOAD /Applications/STM32CubeIDE.app/Contents/Eclipse/plugins/com.st.stm32cube.ide.mcu.externaltools.gnu-tools-for-stm32.11.3.rel1.macos64_1.1.100.202310310803/tools/bin/../lib/gcc/arm-none-eabi/11.3.1/../../../../arm-none-eabi/lib/thumb/v7e-m+dp/hard/libc_nano.a
END GROUP
START GROUP
LOAD /Applications/STM32CubeIDE.app/Contents/Eclipse/plugins/com.st.stm32cube.ide.mcu.externaltools.gnu-tools-for-stm32.11.3.rel1.macos64_1.1.100.202310310803/tools/bin/../lib/gcc/arm-none-eabi/11.3.1/thumb/v7e-m+dp/hard/libgcc.a
LOAD /Applications/STM32CubeIDE.app/Contents/Eclipse/plugins/com.st.stm32cube.ide.mcu.externaltools.gnu-tools-for-stm32.11.3.rel1.macos64_1.1.100.202310310803/tools/bin/../lib/gcc/arm-none-eabi/11.3.1/../../../../arm-none-eabi/lib/thumb/v7e-m+dp/hard/libc_nano.a
LOAD /Applications/STM32CubeIDE.app/Contents/Eclipse/plugins/com.st.stm32cube.ide.mcu.externaltools.gnu-tools-for-stm32.11.3.rel1.macos64_1.1.100.202310310803/tools/bin/../lib/gcc/arm-none-eabi/11.3.1/../../../../arm-none-eabi/lib/thumb/v7e-m+dp/hard/libnosys.a
END GROUP
START GROUP
LOAD /Applications/STM32CubeIDE.app/Contents/Eclipse/plugins/com.st.stm32cube.ide.mcu.externaltools.gnu-tools-for-stm32.11.3.rel1.macos64_1.1.100.202310310803/tools/bin/../lib/gcc/arm-none-eabi/11.3.1/thumb/v7e-m+dp/hard/libgcc.a
LOAD /Applications/STM32CubeIDE.app/Contents/Eclipse/plugins/com.st.stm32cube.ide.mcu.externaltools.gnu-tools-for-stm32.11.3.rel1.macos64_1.1.100.202310310803/tools/bin/../lib/gcc/arm-none-eabi/11.3.1/../../../../arm-none-eabi/lib/thumb/v7e-m+dp/hard/libc_nano.a
LOAD /Applications/STM32CubeIDE.app/Contents/Eclipse/plugins/com.st.stm32cube.ide.mcu.externaltools.gnu-tools-for-stm32.11.3.rel1.macos64_1.1.100.202310310803/tools/bin/../lib/gcc/arm-none-eabi/11.3.1/../../../../arm-none-eabi/lib/thumb/v7e-m+dp/hard/libnosys.a
END GROUP
LOAD /Applications/STM32CubeIDE.app/Contents/Eclipse/plugins/com.st.stm32cube.ide.mcu.externaltools.gnu-tools-for-stm32.11.3.rel1.macos64_1.1.100.202310310803/tools/bin/../lib/gcc/arm-none-eabi/11.3.1/thumb/v7e-m+dp/hard/crtend.o
LOAD /Applications/STM32CubeIDE.app/Contents/Eclipse/plugins/com.st.stm32cube.ide.mcu.externaltools.gnu-tools-for-stm32.11.3.rel1.macos64_1.1.100.202310310803/tools/bin/../lib/gcc/arm-none-eabi/11.3.1/thumb/v7e-m+dp/hard/crtn.o
                0x0000000020080000                _estack = (ORIGIN (RAM) + LENGTH (RAM))
                0x0000000000000200                _Min_Heap_Size = 0x200
                0x0000000000000400                _Min_Stack_Size = 0x400

.isr_vector     0x0000000008000000      0x1f8
                0x0000000008000000                . = ALIGN (0x4)
 *(.isr_vector)
 .isr_vector    0x0000000008000000      0x1f8 ./Core/Startup/startup_stm32f769nihx.o
                0x0000000008000000                g_pfnVectors
                0x00000000080001f8                . = ALIGN (0x4)

.text           0x00000000080001f8     0x699c
                0x00000000080001f8                . = ALIGN (0x4)
 *(.text)
 .text          0x00000000080001f8       0x40 /Applications/STM32CubeIDE.app/Contents/Eclipse/plugins/com.st.stm32cube.ide.mcu.externaltools.gnu-tools-for-stm32.11.3.rel1.macos64_1.1.100.202310310803/tools/bin/../lib/gcc/arm-none-eabi/11.3.1/thumb/v7e-m+dp/hard/crtbegin.o
 .text          0x0000000008000238      0x378 /Applications/STM32CubeIDE.app/Contents/Eclipse/plugins/com.st.stm32cube.ide.mcu.externaltools.gnu-tools-for-stm32.11.3.rel1.macos64_1.1.100.202310310803/tools/bin/../lib/gcc/arm-none-eabi/11.3.1/thumb/v7e-m+dp/hard/libgcc.a(_arm_addsubdf3.o)
                0x0000000008000238                __aeabi_drsub
                0x0000000008000240                __subdf3
                0x0000000008000240                __aeabi_dsub
                0x0000000008000244                __aeabi_dadd
                0x0000000008000244                __adddf3
                0x00000000080004bc                __aeabi_ui2d
                0x00000000080004bc                __floatunsidf
                0x00000000080004dc                __floatsidf
                0x00000000080004dc                __aeabi_i2d
                0x0000000008000500                __extendsfdf2
                0x0000000008000500                __aeabi_f2d
                0x0000000008000544                __aeabi_ul2d
                0x0000000008000544                __floatundidf
                0x0000000008000554                __aeabi_l2d
                0x0000000008000554                __floatdidf
 *(.text*)
 .text.write_buff_val
                0x00000000080005b0       0x3c ./Core/Src/ece5210.o
                0x00000000080005b0                write_buff_val
 .text.read_buff_val
                0x00000000080005ec       0x36 ./Core/Src/ece5210.o
                0x00000000080005ec                read_buff_val
 *fill*         0x0000000008000622        0x2 
 .text.fir      0x0000000008000624       0xb0 ./Core/Src/ece5210.o
                0x0000000008000624                fir
 .text.fir_dec  0x00000000080006d4       0xa8 ./Core/Src/ece5210.o
                0x00000000080006d4                fir_dec
 .text.fir_int  0x000000000800077c       0xa8 ./Core/Src/ece5210.o
                0x000000000800077c                fir_int
 .text.polyphase_decimation
                0x0000000008000824       0xb4 ./Core/Src/ece5210.o
                0x0000000008000824                polyphase_decimation
 .text.polyphase_interpolation
                0x00000000080008d8       0xa0 ./Core/Src/ece5210.o
                0x00000000080008d8                polyphase_interpolation
 .text.init_firwin
                0x0000000008000978      0x1b0 ./Core/Src/ece5210.o
                0x0000000008000978                init_firwin
 .text.process_sample
                0x0000000008000b28       0x90 ./Core/Src/ece5210.o
                0x0000000008000b28                process_sample
 .text.main     0x0000000008000bb8       0x2a ./Core/Src/main.o
                0x0000000008000bb8                main
 *fill*         0x0000000008000be2        0x2 
 .text.SystemClock_Config
                0x0000000008000be4      0x158 ./Core/Src/main.o
                0x0000000008000be4                SystemClock_Config
 .text._Error_Handler
                0x0000000008000d3c        0xc ./Core/Src/main.o
                0x0000000008000d3c                _Error_Handler
 .text.audio_init
                0x0000000008000d48      0x124 ./Core/Src/myaudio.o
                0x0000000008000d48                audio_init
 .text.fill_buffer_with_square_wave
                0x0000000008000e6c       0x70 ./Core/Src/myaudio.o
 .text.ConvertSampleBufferToDMABuffer
                0x0000000008000edc       0x5c ./Core/Src/myaudio.o
 .text.ExtractSamplesFromDMABuffer
                0x0000000008000f38       0x48 ./Core/Src/myaudio.o
 .text.CopySampleBuffer
                0x0000000008000f80       0x48 ./Core/Src/myaudio.o
 .text.My_SAI_ClockConfig
                0x0000000008000fc8       0x84 ./Core/Src/myaudio.o
 .text.My_AUDIO_OUT_MspInit
                0x000000000800104c      0x138 ./Core/Src/myaudio.o
 .text.My_SAI_Out_Init
                0x0000000008001184       0xd0 ./Core/Src/myaudio.o
 .text.My_AUDIO_IN_MspInit
                0x0000000008001254      0x10c ./Core/Src/myaudio.o
 .text.My_SAI_In_Init
                0x0000000008001360       0xd8 ./Core/Src/myaudio.o
 .text.BSP_AUDIO_IN_TransferComplete_CallBack
                0x0000000008001438       0x18 ./Core/Src/myaudio.o
                0x0000000008001438                BSP_AUDIO_IN_TransferComplete_CallBack
 .text.BSP_AUDIO_IN_HalfTransfer_CallBack
                0x0000000008001450       0x18 ./Core/Src/myaudio.o
                0x0000000008001450                BSP_AUDIO_IN_HalfTransfer_CallBack
 .text.HAL_SAI_RxHalfCpltCallback
                0x0000000008001468       0x14 ./Core/Src/myaudio.o
                0x0000000008001468                HAL_SAI_RxHalfCpltCallback
 .text.HAL_SAI_RxCpltCallback
                0x000000000800147c       0x14 ./Core/Src/myaudio.o
                0x000000000800147c                HAL_SAI_RxCpltCallback
 .text.DMA2_Stream4_IRQHandler
                0x0000000008001490       0x18 ./Core/Src/myaudio.o
                0x0000000008001490                DMA2_Stream4_IRQHandler
 .text.DMA2_Stream1_IRQHandler
                0x00000000080014a8       0x18 ./Core/Src/myaudio.o
                0x00000000080014a8                DMA2_Stream1_IRQHandler
 .text.HAL_MspInit
                0x00000000080014c0       0x62 ./Core/Src/stm32f7xx_hal_msp.o
                0x00000000080014c0                HAL_MspInit
 .text.SysTick_Handler
                0x0000000008001522       0x10 ./Core/Src/stm32f7xx_it.o
                0x0000000008001522                SysTick_Handler
 *fill*         0x0000000008001532        0x2 
 .text.SystemInit
                0x0000000008001534       0x6c ./Core/Src/system_stm32f7xx.o
                0x0000000008001534                SystemInit
 .text.Reset_Handler
                0x00000000080015a0       0x50 ./Core/Startup/startup_stm32f769nihx.o
                0x00000000080015a0                Reset_Handler
 .text.Default_Handler
                0x00000000080015f0        0x2 ./Core/Startup/startup_stm32f769nihx.o
                0x00000000080015f0                DMA1_Stream3_IRQHandler
                0x00000000080015f0                EXTI2_IRQHandler
                0x00000000080015f0                TIM8_CC_IRQHandler
                0x00000000080015f0                DebugMon_Handler
                0x00000000080015f0                UART8_IRQHandler
                0x00000000080015f0                SPI4_IRQHandler
                0x00000000080015f0                TIM1_CC_IRQHandler
                0x00000000080015f0                DMA2_Stream5_IRQHandler
                0x00000000080015f0                HardFault_Handler
                0x00000000080015f0                JPEG_IRQHandler
                0x00000000080015f0                DMA1_Stream5_IRQHandler
                0x00000000080015f0                CAN3_RX1_IRQHandler
                0x00000000080015f0                PVD_IRQHandler
                0x00000000080015f0                TAMP_STAMP_IRQHandler
                0x00000000080015f0                PendSV_Handler
                0x00000000080015f0                NMI_Handler
                0x00000000080015f0                CAN2_RX1_IRQHandler
                0x00000000080015f0                EXTI3_IRQHandler
                0x00000000080015f0                TIM8_TRG_COM_TIM14_IRQHandler
                0x00000000080015f0                DFSDM1_FLT1_IRQHandler
                0x00000000080015f0                TIM1_UP_TIM10_IRQHandler
                0x00000000080015f0                TIM8_UP_TIM13_IRQHandler
                0x00000000080015f0                I2C3_ER_IRQHandler
                0x00000000080015f0                DFSDM1_FLT2_IRQHandler
                0x00000000080015f0                EXTI0_IRQHandler
                0x00000000080015f0                I2C2_EV_IRQHandler
                0x00000000080015f0                DMA1_Stream2_IRQHandler
                0x00000000080015f0                CAN1_RX0_IRQHandler
                0x00000000080015f0                FPU_IRQHandler
                0x00000000080015f0                OTG_HS_WKUP_IRQHandler
                0x00000000080015f0                CAN3_SCE_IRQHandler
                0x00000000080015f0                UsageFault_Handler
                0x00000000080015f0                LTDC_ER_IRQHandler
                0x00000000080015f0                CAN2_SCE_IRQHandler
                0x00000000080015f0                DMA2_Stream2_IRQHandler
                0x00000000080015f0                SPI1_IRQHandler
                0x00000000080015f0                TIM6_DAC_IRQHandler
                0x00000000080015f0                TIM1_BRK_TIM9_IRQHandler
                0x00000000080015f0                DCMI_IRQHandler
                0x00000000080015f0                CAN2_RX0_IRQHandler
                0x00000000080015f0                DMA2_Stream3_IRQHandler
                0x00000000080015f0                SAI2_IRQHandler
                0x00000000080015f0                DFSDM1_FLT3_IRQHandler
                0x00000000080015f0                USART6_IRQHandler
                0x00000000080015f0                CAN3_RX0_IRQHandler
                0x00000000080015f0                USART3_IRQHandler
                0x00000000080015f0                CAN1_RX1_IRQHandler
                0x00000000080015f0                UART5_IRQHandler
                0x00000000080015f0                DMA2_Stream0_IRQHandler
                0x00000000080015f0                TIM4_IRQHandler
                0x00000000080015f0                QUADSPI_IRQHandler
                0x00000000080015f0                I2C1_EV_IRQHandler
                0x00000000080015f0                DMA1_Stream6_IRQHandler
                0x00000000080015f0                DMA1_Stream1_IRQHandler
                0x00000000080015f0                UART4_IRQHandler
                0x00000000080015f0                TIM3_IRQHandler
                0x00000000080015f0                RCC_IRQHandler
                0x00000000080015f0                TIM8_BRK_TIM12_IRQHandler
                0x00000000080015f0                Default_Handler
                0x00000000080015f0                CEC_IRQHandler
                0x00000000080015f0                EXTI15_10_IRQHandler
                0x00000000080015f0                ADC_IRQHandler
                0x00000000080015f0                DMA1_Stream7_IRQHandler
                0x00000000080015f0                SPI5_IRQHandler
                0x00000000080015f0                TIM7_IRQHandler
                0x00000000080015f0                SDMMC1_IRQHandler
                0x00000000080015f0                CAN2_TX_IRQHandler
                0x00000000080015f0                TIM5_IRQHandler
                0x00000000080015f0                DMA2_Stream7_IRQHandler
                0x00000000080015f0                I2C3_EV_IRQHandler
                0x00000000080015f0                EXTI9_5_IRQHandler
                0x00000000080015f0                RTC_WKUP_IRQHandler
                0x00000000080015f0                LTDC_IRQHandler
                0x00000000080015f0                ETH_WKUP_IRQHandler
                0x00000000080015f0                SPDIF_RX_IRQHandler
                0x00000000080015f0                SPI2_IRQHandler
                0x00000000080015f0                OTG_HS_EP1_IN_IRQHandler
                0x00000000080015f0                MemManage_Handler
                0x00000000080015f0                DMA1_Stream0_IRQHandler
                0x00000000080015f0                CAN1_TX_IRQHandler
                0x00000000080015f0                SVC_Handler
                0x00000000080015f0                EXTI4_IRQHandler
                0x00000000080015f0                RNG_IRQHandler
                0x00000000080015f0                DSI_IRQHandler
                0x00000000080015f0                ETH_IRQHandler
                0x00000000080015f0                OTG_HS_EP1_OUT_IRQHandler
                0x00000000080015f0                WWDG_IRQHandler
                0x00000000080015f0                SPI6_IRQHandler
                0x00000000080015f0                MDIOS_IRQHandler
                0x00000000080015f0                I2C4_EV_IRQHandler
                0x00000000080015f0                CAN3_TX_IRQHandler
                0x00000000080015f0                TIM2_IRQHandler
                0x00000000080015f0                OTG_FS_WKUP_IRQHandler
                0x00000000080015f0                TIM1_TRG_COM_TIM11_IRQHandler
                0x00000000080015f0                OTG_HS_IRQHandler
                0x00000000080015f0                DMA2D_IRQHandler
                0x00000000080015f0                EXTI1_IRQHandler
                0x00000000080015f0                SDMMC2_IRQHandler
                0x00000000080015f0                UART7_IRQHandler
                0x00000000080015f0                USART2_IRQHandler
                0x00000000080015f0                DFSDM1_FLT0_IRQHandler
                0x00000000080015f0                I2C2_ER_IRQHandler
                0x00000000080015f0                CAN1_SCE_IRQHandler
                0x00000000080015f0                FLASH_IRQHandler
                0x00000000080015f0                BusFault_Handler
                0x00000000080015f0                USART1_IRQHandler
                0x00000000080015f0                OTG_FS_IRQHandler
                0x00000000080015f0                SPI3_IRQHandler
                0x00000000080015f0                DMA1_Stream4_IRQHandler
                0x00000000080015f0                I2C1_ER_IRQHandler
                0x00000000080015f0                FMC_IRQHandler
                0x00000000080015f0                LPTIM1_IRQHandler
                0x00000000080015f0                I2C4_ER_IRQHandler
                0x00000000080015f0                DMA2_Stream6_IRQHandler
                0x00000000080015f0                SAI1_IRQHandler
                0x00000000080015f0                RTC_Alarm_IRQHandler
 *fill*         0x00000000080015f2        0x2 
 .text.wm8994_Init
                0x00000000080015f4      0xcc8 ./Drivers/BSP/Components/wm8994/wm8994.o
                0x00000000080015f4                wm8994_Init
 .text.wm8994_SetVolume
                0x00000000080022bc      0x248 ./Drivers/BSP/Components/wm8994/wm8994.o
                0x00000000080022bc                wm8994_SetVolume
 .text.wm8994_SetMute
                0x0000000008002504       0x9c ./Drivers/BSP/Components/wm8994/wm8994.o
                0x0000000008002504                wm8994_SetMute
 .text.CODEC_IO_Write
                0x00000000080025a0       0x2e ./Drivers/BSP/Components/wm8994/wm8994.o
 *fill*         0x00000000080025ce        0x2 
 .text.BSP_LED_Init
                0x00000000080025d0       0x60 ./Drivers/BSP/STM32F769I-Discovery/stm32f769i_discovery.o
                0x00000000080025d0                BSP_LED_Init
 .text.BSP_LED_On
                0x0000000008002630       0x34 ./Drivers/BSP/STM32F769I-Discovery/stm32f769i_discovery.o
                0x0000000008002630                BSP_LED_On
 .text.BSP_LED_Off
                0x0000000008002664       0x34 ./Drivers/BSP/STM32F769I-Discovery/stm32f769i_discovery.o
                0x0000000008002664                BSP_LED_Off
 .text.I2Cx_MspInit
                0x0000000008002698      0x17c ./Drivers/BSP/STM32F769I-Discovery/stm32f769i_discovery.o
 .text.I2Cx_Init
                0x0000000008002814       0x78 ./Drivers/BSP/STM32F769I-Discovery/stm32f769i_discovery.o
 .text.I2Cx_WriteMultiple
                0x000000000800288c       0x5a ./Drivers/BSP/STM32F769I-Discovery/stm32f769i_discovery.o
 .text.I2Cx_Error
                0x00000000080028e6       0x20 ./Drivers/BSP/STM32F769I-Discovery/stm32f769i_discovery.o
 *fill*         0x0000000008002906        0x2 
 .text.AUDIO_IO_Init
                0x0000000008002908       0x14 ./Drivers/BSP/STM32F769I-Discovery/stm32f769i_discovery.o
                0x0000000008002908                AUDIO_IO_Init
 .text.AUDIO_IO_Write
                0x000000000800291c       0x54 ./Drivers/BSP/STM32F769I-Discovery/stm32f769i_discovery.o
                0x000000000800291c                AUDIO_IO_Write
 .text.AUDIO_IO_Delay
                0x0000000008002970       0x16 ./Drivers/BSP/STM32F769I-Discovery/stm32f769i_discovery.o
                0x0000000008002970                AUDIO_IO_Delay
 .text.HAL_Init
                0x0000000008002986       0x1a ./Drivers/STM32F7xx_HAL_Driver/Src/stm32f7xx_hal.o
                0x0000000008002986                HAL_Init
 .text.HAL_InitTick
                0x00000000080029a0       0x38 ./Drivers/STM32F7xx_HAL_Driver/Src/stm32f7xx_hal.o
                0x00000000080029a0                HAL_InitTick
 .text.HAL_IncTick
                0x00000000080029d8       0x1c ./Drivers/STM32F7xx_HAL_Driver/Src/stm32f7xx_hal.o
                0x00000000080029d8                HAL_IncTick
 .text.HAL_GetTick
                0x00000000080029f4       0x18 ./Drivers/STM32F7xx_HAL_Driver/Src/stm32f7xx_hal.o
                0x00000000080029f4                HAL_GetTick
 .text.HAL_Delay
                0x0000000008002a0c       0x2e ./Drivers/STM32F7xx_HAL_Driver/Src/stm32f7xx_hal.o
                0x0000000008002a0c                HAL_Delay
 *fill*         0x0000000008002a3a        0x2 
 .text.NVIC_SetPriorityGrouping
                0x0000000008002a3c       0x48 ./Drivers/STM32F7xx_HAL_Driver/Src/stm32f7xx_hal_cortex.o
 .text.NVIC_GetPriorityGrouping
                0x0000000008002a84       0x1c ./Drivers/STM32F7xx_HAL_Driver/Src/stm32f7xx_hal_cortex.o
 .text.NVIC_EnableIRQ
                0x0000000008002aa0       0x34 ./Drivers/STM32F7xx_HAL_Driver/Src/stm32f7xx_hal_cortex.o
 .text.NVIC_SetPriority
                0x0000000008002ad4       0x54 ./Drivers/STM32F7xx_HAL_Driver/Src/stm32f7xx_hal_cortex.o
 .text.NVIC_EncodePriority
                0x0000000008002b28       0x66 ./Drivers/STM32F7xx_HAL_Driver/Src/stm32f7xx_hal_cortex.o
 *fill*         0x0000000008002b8e        0x2 
 .text.SysTick_Config
                0x0000000008002b90       0x44 ./Drivers/STM32F7xx_HAL_Driver/Src/stm32f7xx_hal_cortex.o
 .text.HAL_NVIC_SetPriorityGrouping
                0x0000000008002bd4       0x16 ./Drivers/STM32F7xx_HAL_Driver/Src/stm32f7xx_hal_cortex.o
                0x0000000008002bd4                HAL_NVIC_SetPriorityGrouping
 .text.HAL_NVIC_SetPriority
                0x0000000008002bea       0x38 ./Drivers/STM32F7xx_HAL_Driver/Src/stm32f7xx_hal_cortex.o
                0x0000000008002bea                HAL_NVIC_SetPriority
 .text.HAL_NVIC_EnableIRQ
                0x0000000008002c22       0x1c ./Drivers/STM32F7xx_HAL_Driver/Src/stm32f7xx_hal_cortex.o
                0x0000000008002c22                HAL_NVIC_EnableIRQ
 .text.HAL_SYSTICK_Config
                0x0000000008002c3e       0x18 ./Drivers/STM32F7xx_HAL_Driver/Src/stm32f7xx_hal_cortex.o
                0x0000000008002c3e                HAL_SYSTICK_Config
 *fill*         0x0000000008002c56        0x2 
 .text.HAL_SYSTICK_CLKSourceConfig
                0x0000000008002c58       0x38 ./Drivers/STM32F7xx_HAL_Driver/Src/stm32f7xx_hal_cortex.o
                0x0000000008002c58                HAL_SYSTICK_CLKSourceConfig
 .text.HAL_SYSTICK_IRQHandler
                0x0000000008002c90        0xc ./Drivers/STM32F7xx_HAL_Driver/Src/stm32f7xx_hal_cortex.o
                0x0000000008002c90                HAL_SYSTICK_IRQHandler
 .text.HAL_SYSTICK_Callback
                0x0000000008002c9c        0xe ./Drivers/STM32F7xx_HAL_Driver/Src/stm32f7xx_hal_cortex.o
                0x0000000008002c9c                HAL_SYSTICK_Callback
 *fill*         0x0000000008002caa        0x2 
 .text.HAL_DMA_Init
                0x0000000008002cac      0x15c ./Drivers/STM32F7xx_HAL_Driver/Src/stm32f7xx_hal_dma.o
                0x0000000008002cac                HAL_DMA_Init
 .text.HAL_DMA_DeInit
                0x0000000008002e08       0x98 ./Drivers/STM32F7xx_HAL_Driver/Src/stm32f7xx_hal_dma.o
                0x0000000008002e08                HAL_DMA_DeInit
 .text.HAL_DMA_Start_IT
                0x0000000008002ea0       0xc0 ./Drivers/STM32F7xx_HAL_Driver/Src/stm32f7xx_hal_dma.o
                0x0000000008002ea0                HAL_DMA_Start_IT
 .text.HAL_DMA_IRQHandler
                0x0000000008002f60      0x31c ./Drivers/STM32F7xx_HAL_Driver/Src/stm32f7xx_hal_dma.o
                0x0000000008002f60                HAL_DMA_IRQHandler
 .text.DMA_SetConfig
                0x000000000800327c       0x5c ./Drivers/STM32F7xx_HAL_Driver/Src/stm32f7xx_hal_dma.o
 .text.DMA_CalcBaseAndBitshift
                0x00000000080032d8       0x6c ./Drivers/STM32F7xx_HAL_Driver/Src/stm32f7xx_hal_dma.o
 .text.DMA_CheckFifoParam
                0x0000000008003344       0xf8 ./Drivers/STM32F7xx_HAL_Driver/Src/stm32f7xx_hal_dma.o
 .text.HAL_GPIO_Init
                0x000000000800343c      0x358 ./Drivers/STM32F7xx_HAL_Driver/Src/stm32f7xx_hal_gpio.o
                0x000000000800343c                HAL_GPIO_Init
 .text.HAL_GPIO_WritePin
                0x0000000008003794       0x32 ./Drivers/STM32F7xx_HAL_Driver/Src/stm32f7xx_hal_gpio.o
                0x0000000008003794                HAL_GPIO_WritePin
 *fill*         0x00000000080037c6        0x2 
 .text.HAL_I2C_Init
                0x00000000080037c8      0x120 ./Drivers/STM32F7xx_HAL_Driver/Src/stm32f7xx_hal_i2c.o
                0x00000000080037c8                HAL_I2C_Init
 .text.HAL_I2C_DeInit
                0x00000000080038e8       0x5e ./Drivers/STM32F7xx_HAL_Driver/Src/stm32f7xx_hal_i2c.o
                0x00000000080038e8                HAL_I2C_DeInit
 .text.HAL_I2C_MspInit
                0x0000000008003946       0x14 ./Drivers/STM32F7xx_HAL_Driver/Src/stm32f7xx_hal_i2c.o
                0x0000000008003946                HAL_I2C_MspInit
 .text.HAL_I2C_MspDeInit
                0x000000000800395a       0x14 ./Drivers/STM32F7xx_HAL_Driver/Src/stm32f7xx_hal_i2c.o
                0x000000000800395a                HAL_I2C_MspDeInit
 *fill*         0x000000000800396e        0x2 
 .text.HAL_I2C_Mem_Write
                0x0000000008003970      0x24c ./Drivers/STM32F7xx_HAL_Driver/Src/stm32f7xx_hal_i2c.o
                0x0000000008003970                HAL_I2C_Mem_Write
 .text.HAL_I2C_GetState
                0x0000000008003bbc       0x1c ./Drivers/STM32F7xx_HAL_Driver/Src/stm32f7xx_hal_i2c.o
                0x0000000008003bbc                HAL_I2C_GetState
 .text.I2C_RequestMemoryWrite
                0x0000000008003bd8       0xbe ./Drivers/STM32F7xx_HAL_Driver/Src/stm32f7xx_hal_i2c.o
 .text.I2C_Flush_TXDR
                0x0000000008003c96       0x48 ./Drivers/STM32F7xx_HAL_Driver/Src/stm32f7xx_hal_i2c.o
 .text.I2C_WaitOnFlagUntilTimeout
                0x0000000008003cde       0x74 ./Drivers/STM32F7xx_HAL_Driver/Src/stm32f7xx_hal_i2c.o
 .text.I2C_WaitOnTXISFlagUntilTimeout
                0x0000000008003d52       0x80 ./Drivers/STM32F7xx_HAL_Driver/Src/stm32f7xx_hal_i2c.o
 .text.I2C_WaitOnSTOPFlagUntilTimeout
                0x0000000008003dd2       0x78 ./Drivers/STM32F7xx_HAL_Driver/Src/stm32f7xx_hal_i2c.o
 *fill*         0x0000000008003e4a        0x2 
 .text.I2C_IsAcknowledgeFailed
                0x0000000008003e4c       0xbc ./Drivers/STM32F7xx_HAL_Driver/Src/stm32f7xx_hal_i2c.o
 .text.I2C_TransferConfig
                0x0000000008003f08       0x5c ./Drivers/STM32F7xx_HAL_Driver/Src/stm32f7xx_hal_i2c.o
 .text.HAL_PWREx_EnableOverDrive
                0x0000000008003f64       0xa0 ./Drivers/STM32F7xx_HAL_Driver/Src/stm32f7xx_hal_pwr_ex.o
                0x0000000008003f64                HAL_PWREx_EnableOverDrive
 .text.HAL_RCC_OscConfig
                0x0000000008004004      0x570 ./Drivers/STM32F7xx_HAL_Driver/Src/stm32f7xx_hal_rcc.o
                0x0000000008004004                HAL_RCC_OscConfig
 .text.HAL_RCC_ClockConfig
                0x0000000008004574      0x1fc ./Drivers/STM32F7xx_HAL_Driver/Src/stm32f7xx_hal_rcc.o
                0x0000000008004574                HAL_RCC_ClockConfig
 .text.HAL_RCC_GetSysClockFreq
                0x0000000008004770      0x104 ./Drivers/STM32F7xx_HAL_Driver/Src/stm32f7xx_hal_rcc.o
                0x0000000008004770                HAL_RCC_GetSysClockFreq
 .text.HAL_RCC_GetHCLKFreq
                0x0000000008004874       0x18 ./Drivers/STM32F7xx_HAL_Driver/Src/stm32f7xx_hal_rcc.o
                0x0000000008004874                HAL_RCC_GetHCLKFreq
 .text.HAL_RCCEx_PeriphCLKConfig
                0x000000000800488c     0x1180 ./Drivers/STM32F7xx_HAL_Driver/Src/stm32f7xx_hal_rcc_ex.o
                0x000000000800488c                HAL_RCCEx_PeriphCLKConfig
 .text.HAL_RCCEx_GetPeriphCLKConfig
                0x0000000008005a0c      0x330 ./Drivers/STM32F7xx_HAL_Driver/Src/stm32f7xx_hal_rcc_ex.o
                0x0000000008005a0c                HAL_RCCEx_GetPeriphCLKConfig
 .text.HAL_RCCEx_GetPeriphCLKFreq
                0x0000000008005d3c      0x2dc ./Drivers/STM32F7xx_HAL_Driver/Src/stm32f7xx_hal_rcc_ex.o
                0x0000000008005d3c                HAL_RCCEx_GetPeriphCLKFreq
 .text.HAL_SAI_Init
                0x0000000008006018      0x2ec ./Drivers/STM32F7xx_HAL_Driver/Src/stm32f7xx_hal_sai.o
                0x0000000008006018                HAL_SAI_Init
 .text.HAL_SAI_MspInit
                0x0000000008006304       0x14 ./Drivers/STM32F7xx_HAL_Driver/Src/stm32f7xx_hal_sai.o
                0x0000000008006304                HAL_SAI_MspInit
 .text.HAL_SAI_Transmit_DMA
                0x0000000008006318      0x11c ./Drivers/STM32F7xx_HAL_Driver/Src/stm32f7xx_hal_sai.o
                0x0000000008006318                HAL_SAI_Transmit_DMA
 .text.HAL_SAI_Receive_DMA
                0x0000000008006434      0x11c ./Drivers/STM32F7xx_HAL_Driver/Src/stm32f7xx_hal_sai.o
                0x0000000008006434                HAL_SAI_Receive_DMA
 .text.HAL_SAI_TxCpltCallback
                0x0000000008006550       0x14 ./Drivers/STM32F7xx_HAL_Driver/Src/stm32f7xx_hal_sai.o
                0x0000000008006550                HAL_SAI_TxCpltCallback
 .text.HAL_SAI_TxHalfCpltCallback
                0x0000000008006564       0x14 ./Drivers/STM32F7xx_HAL_Driver/Src/stm32f7xx_hal_sai.o
                0x0000000008006564                HAL_SAI_TxHalfCpltCallback
 .text.HAL_SAI_ErrorCallback
                0x0000000008006578       0x14 ./Drivers/STM32F7xx_HAL_Driver/Src/stm32f7xx_hal_sai.o
                0x0000000008006578                HAL_SAI_ErrorCallback
 .text.SAI_InterruptFlag
                0x000000000800658c       0x6c ./Drivers/STM32F7xx_HAL_Driver/Src/stm32f7xx_hal_sai.o
 .text.SAI_Disable
                0x00000000080065f8       0x6c ./Drivers/STM32F7xx_HAL_Driver/Src/stm32f7xx_hal_sai.o
 .text.SAI_DMATxCplt
                0x0000000008006664       0x64 ./Drivers/STM32F7xx_HAL_Driver/Src/stm32f7xx_hal_sai.o
 .text.SAI_DMATxHalfCplt
                0x00000000080066c8       0x1c ./Drivers/STM32F7xx_HAL_Driver/Src/stm32f7xx_hal_sai.o
 .text.SAI_DMARxCplt
                0x00000000080066e4       0x64 ./Drivers/STM32F7xx_HAL_Driver/Src/stm32f7xx_hal_sai.o
 .text.SAI_DMARxHalfCplt
                0x0000000008006748       0x1c ./Drivers/STM32F7xx_HAL_Driver/Src/stm32f7xx_hal_sai.o
 .text.SAI_DMAError
                0x0000000008006764       0x66 ./Drivers/STM32F7xx_HAL_Driver/Src/stm32f7xx_hal_sai.o
 *fill*         0x00000000080067ca        0x2 
 .text.__errno  0x00000000080067cc        0xc /Applications/STM32CubeIDE.app/Contents/Eclipse/plugins/com.st.stm32cube.ide.mcu.externaltools.gnu-tools-for-stm32.11.3.rel1.macos64_1.1.100.202310310803/tools/bin/../lib/gcc/arm-none-eabi/11.3.1/../../../../arm-none-eabi/lib/thumb/v7e-m+dp/hard/libc_nano.a(libc_a-errno.o)
                0x00000000080067cc                __errno
 .text.__libc_init_array
                0x00000000080067d8       0x48 /Applications/STM32CubeIDE.app/Contents/Eclipse/plugins/com.st.stm32cube.ide.mcu.externaltools.gnu-tools-for-stm32.11.3.rel1.macos64_1.1.100.202310310803/tools/bin/../lib/gcc/arm-none-eabi/11.3.1/../../../../arm-none-eabi/lib/thumb/v7e-m+dp/hard/libc_nano.a(libc_a-init.o)
                0x00000000080067d8                __libc_init_array
 .text.sinf_poly
                0x0000000008006820       0x54 /Applications/STM32CubeIDE.app/Contents/Eclipse/plugins/com.st.stm32cube.ide.mcu.externaltools.gnu-tools-for-stm32.11.3.rel1.macos64_1.1.100.202310310803/tools/bin/../lib/gcc/arm-none-eabi/11.3.1/../../../../arm-none-eabi/lib/thumb/v7e-m+dp/hard/libm.a(libm_a-sinf.o)
 *fill*         0x0000000008006874        0x4 
 .text.sinf     0x0000000008006878      0x130 /Applications/STM32CubeIDE.app/Contents/Eclipse/plugins/com.st.stm32cube.ide.mcu.externaltools.gnu-tools-for-stm32.11.3.rel1.macos64_1.1.100.202310310803/tools/bin/../lib/gcc/arm-none-eabi/11.3.1/../../../../arm-none-eabi/lib/thumb/v7e-m+dp/hard/libm.a(libm_a-sinf.o)
                0x0000000008006878                sinf
 .text.sinf_poly
                0x00000000080069a8       0x54 /Applications/STM32CubeIDE.app/Contents/Eclipse/plugins/com.st.stm32cube.ide.mcu.externaltools.gnu-tools-for-stm32.11.3.rel1.macos64_1.1.100.202310310803/tools/bin/../lib/gcc/arm-none-eabi/11.3.1/../../../../arm-none-eabi/lib/thumb/v7e-m+dp/hard/libm.a(libm_a-cosf.o)
 *fill*         0x00000000080069fc        0x4 
 .text.cosf     0x0000000008006a00      0x148 /Applications/STM32CubeIDE.app/Contents/Eclipse/plugins/com.st.stm32cube.ide.mcu.externaltools.gnu-tools-for-stm32.11.3.rel1.macos64_1.1.100.202310310803/tools/bin/../lib/gcc/arm-none-eabi/11.3.1/../../../../arm-none-eabi/lib/thumb/v7e-m+dp/hard/libm.a(libm_a-cosf.o)
                0x0000000008006a00                cosf
 .text.with_errnof
                0x0000000008006b48       0x16 /Applications/STM32CubeIDE.app/Contents/Eclipse/plugins/com.st.stm32cube.ide.mcu.externaltools.gnu-tools-for-stm32.11.3.rel1.macos64_1.1.100.202310310803/tools/bin/../lib/gcc/arm-none-eabi/11.3.1/../../../../arm-none-eabi/lib/thumb/v7e-m+dp/hard/libm.a(libm_a-math_errf.o)
 .text.__math_invalidf
                0x0000000008006b5e       0x1e /Applications/STM32CubeIDE.app/Contents/Eclipse/plugins/com.st.stm32cube.ide.mcu.externaltools.gnu-tools-for-stm32.11.3.rel1.macos64_1.1.100.202310310803/tools/bin/../lib/gcc/arm-none-eabi/11.3.1/../../../../arm-none-eabi/lib/thumb/v7e-m+dp/hard/libm.a(libm_a-math_errf.o)
                0x0000000008006b5e                __math_invalidf
 *(.glue_7)
 .glue_7        0x0000000008006b7c        0x0 linker stubs
 *(.glue_7t)
 .glue_7t       0x0000000008006b7c        0x0 linker stubs
 *(.eh_frame)
 .eh_frame      0x0000000008006b7c        0x0 /Applications/STM32CubeIDE.app/Contents/Eclipse/plugins/com.st.stm32cube.ide.mcu.externaltools.gnu-tools-for-stm32.11.3.rel1.macos64_1.1.100.202310310803/tools/bin/../lib/gcc/arm-none-eabi/11.3.1/thumb/v7e-m+dp/hard/crtbegin.o
 *(.init)
 .init          0x0000000008006b7c        0x4 /Applications/STM32CubeIDE.app/Contents/Eclipse/plugins/com.st.stm32cube.ide.mcu.externaltools.gnu-tools-for-stm32.11.3.rel1.macos64_1.1.100.202310310803/tools/bin/../lib/gcc/arm-none-eabi/11.3.1/thumb/v7e-m+dp/hard/crti.o
                0x0000000008006b7c                _init
 .init          0x0000000008006b80        0x8 /Applications/STM32CubeIDE.app/Contents/Eclipse/plugins/com.st.stm32cube.ide.mcu.externaltools.gnu-tools-for-stm32.11.3.rel1.macos64_1.1.100.202310310803/tools/bin/../lib/gcc/arm-none-eabi/11.3.1/thumb/v7e-m+dp/hard/crtn.o
 *(.fini)
 .fini          0x0000000008006b88        0x4 /Applications/STM32CubeIDE.app/Contents/Eclipse/plugins/com.st.stm32cube.ide.mcu.externaltools.gnu-tools-for-stm32.11.3.rel1.macos64_1.1.100.202310310803/tools/bin/../lib/gcc/arm-none-eabi/11.3.1/thumb/v7e-m+dp/hard/crti.o
                0x0000000008006b88                _fini
 .fini          0x0000000008006b8c        0x8 /Applications/STM32CubeIDE.app/Contents/Eclipse/plugins/com.st.stm32cube.ide.mcu.externaltools.gnu-tools-for-stm32.11.3.rel1.macos64_1.1.100.202310310803/tools/bin/../lib/gcc/arm-none-eabi/11.3.1/thumb/v7e-m+dp/hard/crtn.o
                0x0000000008006b94                . = ALIGN (0x4)
                0x0000000008006b94                _etext = .

.vfp11_veneer   0x0000000008006b94        0x0
 .vfp11_veneer  0x0000000008006b94        0x0 linker stubs

.v4_bx          0x0000000008006b94        0x0
 .v4_bx         0x0000000008006b94        0x0 linker stubs

.iplt           0x0000000008006b94        0x0
 .iplt          0x0000000008006b94        0x0 /Applications/STM32CubeIDE.app/Contents/Eclipse/plugins/com.st.stm32cube.ide.mcu.externaltools.gnu-tools-for-stm32.11.3.rel1.macos64_1.1.100.202310310803/tools/bin/../lib/gcc/arm-none-eabi/11.3.1/thumb/v7e-m+dp/hard/crtbegin.o

.rodata         0x0000000008006b98      0x170
                0x0000000008006b98                . = ALIGN (0x4)
 *(.rodata)
 .rodata        0x0000000008006b98       0x13 ./Core/Src/main.o
 *(.rodata*)
 *fill*         0x0000000008006bab        0x1 
 .rodata.AHBPrescTable
                0x0000000008006bac       0x10 ./Core/Src/system_stm32f7xx.o
                0x0000000008006bac                AHBPrescTable
 .rodata.flagBitshiftOffset.0
                0x0000000008006bbc        0x8 ./Drivers/STM32F7xx_HAL_Driver/Src/stm32f7xx_hal_dma.o
 .rodata.__inv_pio4
                0x0000000008006bc4       0x60 /Applications/STM32CubeIDE.app/Contents/Eclipse/plugins/com.st.stm32cube.ide.mcu.externaltools.gnu-tools-for-stm32.11.3.rel1.macos64_1.1.100.202310310803/tools/bin/../lib/gcc/arm-none-eabi/11.3.1/../../../../arm-none-eabi/lib/thumb/v7e-m+dp/hard/libm.a(libm_a-sincosf_data.o)
                0x0000000008006bc4                __inv_pio4
 *fill*         0x0000000008006c24        0x4 
 .rodata.__sincosf_table
                0x0000000008006c28       0xe0 /Applications/STM32CubeIDE.app/Contents/Eclipse/plugins/com.st.stm32cube.ide.mcu.externaltools.gnu-tools-for-stm32.11.3.rel1.macos64_1.1.100.202310310803/tools/bin/../lib/gcc/arm-none-eabi/11.3.1/../../../../arm-none-eabi/lib/thumb/v7e-m+dp/hard/libm.a(libm_a-sincosf_data.o)
                0x0000000008006c28                __sincosf_table
                0x0000000008006d08                . = ALIGN (0x4)

.rel.dyn        0x0000000008006d08        0x0
 .rel.iplt      0x0000000008006d08        0x0 /Applications/STM32CubeIDE.app/Contents/Eclipse/plugins/com.st.stm32cube.ide.mcu.externaltools.gnu-tools-for-stm32.11.3.rel1.macos64_1.1.100.202310310803/tools/bin/../lib/gcc/arm-none-eabi/11.3.1/thumb/v7e-m+dp/hard/crtbegin.o

.ARM.extab      0x0000000008006d08        0x0
                0x0000000008006d08                . = ALIGN (0x4)
 *(.ARM.extab* .gnu.linkonce.armextab.*)
                0x0000000008006d08                . = ALIGN (0x4)

.ARM            0x0000000008006d08        0x0
                0x0000000008006d08                . = ALIGN (0x4)
                0x0000000008006d08                __exidx_start = .
 *(.ARM.exidx*)
                0x0000000008006d08                __exidx_end = .
                0x0000000008006d08                . = ALIGN (0x4)

.preinit_array  0x0000000008006d08        0x0
                0x0000000008006d08                . = ALIGN (0x4)
                0x0000000008006d08                PROVIDE (__preinit_array_start = .)
 *(.preinit_array*)
                0x0000000008006d08                PROVIDE (__preinit_array_end = .)
                0x0000000008006d08                . = ALIGN (0x4)

.init_array     0x0000000008006d08        0x4
                0x0000000008006d08                . = ALIGN (0x4)
                0x0000000008006d08                PROVIDE (__init_array_start = .)
 *(SORT_BY_NAME(.init_array.*))
 *(.init_array*)
 .init_array    0x0000000008006d08        0x4 /Applications/STM32CubeIDE.app/Contents/Eclipse/plugins/com.st.stm32cube.ide.mcu.externaltools.gnu-tools-for-stm32.11.3.rel1.macos64_1.1.100.202310310803/tools/bin/../lib/gcc/arm-none-eabi/11.3.1/thumb/v7e-m+dp/hard/crtbegin.o
                0x0000000008006d0c                PROVIDE (__init_array_end = .)
                0x0000000008006d0c                . = ALIGN (0x4)

.fini_array     0x0000000008006d0c        0x4
                0x0000000008006d0c                . = ALIGN (0x4)
                [!provide]                        PROVIDE (__fini_array_start = .)
 *(SORT_BY_NAME(.fini_array.*))
 *(.fini_array*)
 .fini_array    0x0000000008006d0c        0x4 /Applications/STM32CubeIDE.app/Contents/Eclipse/plugins/com.st.stm32cube.ide.mcu.externaltools.gnu-tools-for-stm32.11.3.rel1.macos64_1.1.100.202310310803/tools/bin/../lib/gcc/arm-none-eabi/11.3.1/thumb/v7e-m+dp/hard/crtbegin.o
                [!provide]                        PROVIDE (__fini_array_end = .)
                0x0000000008006d10                . = ALIGN (0x4)
                0x0000000008006d10                _sidata = LOADADDR (.data)

.data           0x0000000020000000     0x100c load address 0x0000000008006d10
                0x0000000020000000                . = ALIGN (0x4)
                0x0000000020000000                _sdata = .
 *(.data)
 *(.data*)
 .data.h        0x0000000020000000      0xfa0 ./Core/Src/ece5210.o
                0x0000000020000000                h
 .data.frequency
                0x0000000020000fa0        0x4 ./Core/Src/myaudio.o
 .data.volume   0x0000000020000fa4        0x1 ./Core/Src/myaudio.o
 *fill*         0x0000000020000fa5        0x3 
 .data.SystemCoreClock
                0x0000000020000fa8        0x4 ./Core/Src/system_stm32f7xx.o
                0x0000000020000fa8                SystemCoreClock
 .data.GPIO_PIN
                0x0000000020000fac        0x8 ./Drivers/BSP/STM32F769I-Discovery/stm32f769i_discovery.o
                0x0000000020000fac                GPIO_PIN
 .data.GPIO_PORT
                0x0000000020000fb4        0x8 ./Drivers/BSP/STM32F769I-Discovery/stm32f769i_discovery.o
                0x0000000020000fb4                GPIO_PORT
 .data._impure_data
                0x0000000020000fbc       0x4c /Applications/STM32CubeIDE.app/Contents/Eclipse/plugins/com.st.stm32cube.ide.mcu.externaltools.gnu-tools-for-stm32.11.3.rel1.macos64_1.1.100.202310310803/tools/bin/../lib/gcc/arm-none-eabi/11.3.1/../../../../arm-none-eabi/lib/thumb/v7e-m+dp/hard/libc_nano.a(libc_a-impure.o)
                0x0000000020000fbc                _impure_data
 .data._impure_ptr
                0x0000000020001008        0x4 /Applications/STM32CubeIDE.app/Contents/Eclipse/plugins/com.st.stm32cube.ide.mcu.externaltools.gnu-tools-for-stm32.11.3.rel1.macos64_1.1.100.202310310803/tools/bin/../lib/gcc/arm-none-eabi/11.3.1/../../../../arm-none-eabi/lib/thumb/v7e-m+dp/hard/libc_nano.a(libc_a-impure.o)
                0x0000000020001008                _impure_ptr
 *(.RamFunc)
 *(.RamFunc*)
                0x000000002000100c                . = ALIGN (0x4)
                0x000000002000100c                _edata = .

.igot.plt       0x000000002000100c        0x0 load address 0x0000000008007d1c
 .igot.plt      0x000000002000100c        0x0 /Applications/STM32CubeIDE.app/Contents/Eclipse/plugins/com.st.stm32cube.ide.mcu.externaltools.gnu-tools-for-stm32.11.3.rel1.macos64_1.1.100.202310310803/tools/bin/../lib/gcc/arm-none-eabi/11.3.1/thumb/v7e-m+dp/hard/crtbegin.o
                0x000000002000100c                . = ALIGN (0x4)

.bss            0x000000002000100c    0x2df18 load address 0x0000000008007d1c
                0x000000002000100c                _sbss = .
                0x000000002000100c                __bss_start__ = _sbss
 *(.bss)
 .bss           0x000000002000100c       0x1c /Applications/STM32CubeIDE.app/Contents/Eclipse/plugins/com.st.stm32cube.ide.mcu.externaltools.gnu-tools-for-stm32.11.3.rel1.macos64_1.1.100.202310310803/tools/bin/../lib/gcc/arm-none-eabi/11.3.1/thumb/v7e-m+dp/hard/crtbegin.o
 *(.bss*)
 .bss.h_aa      0x0000000020001028      0xfa0 ./Core/Src/ece5210.o
                0x0000000020001028                h_aa
 .bss.h_poly    0x0000000020001fc8      0xfa0 ./Core/Src/ece5210.o
                0x0000000020001fc8                h_poly
 .bss.cnt_dec   0x0000000020002f68        0x4 ./Core/Src/ece5210.o
                0x0000000020002f68                cnt_dec
 .bss.buf       0x0000000020002f6c      0xfa0 ./Core/Src/ece5210.o
                0x0000000020002f6c                buf
 .bss.og_buffer_index
                0x0000000020003f0c        0x2 ./Core/Src/ece5210.o
                0x0000000020003f0c                og_buffer_index
 *fill*         0x0000000020003f0e        0x2 
 .bss.dec_buf   0x0000000020003f10     0xc990 ./Core/Src/ece5210.o
 .bss.fir_buf   0x00000000200108a0     0xc990 ./Core/Src/ece5210.o
 .bss.int_buf   0x000000002001d230     0xc990 ./Core/Src/ece5210.o
 .bss.int_cnt   0x0000000020029bc0        0x2 ./Core/Src/ece5210.o
                0x0000000020029bc0                int_cnt
 *fill*         0x0000000020029bc2        0x2 
 .bss.p         0x0000000020029bc4        0x4 ./Core/Src/ece5210.o
                0x0000000020029bc4                p
 .bss.saiDMATransmitBuffer
                0x0000000020029bc8     0x2000 ./Core/Src/myaudio.o
 .bss.saiDMAReceiveBuffer
                0x000000002002bbc8     0x2000 ./Core/Src/myaudio.o
 .bss.playbackBuffer
                0x000000002002dbc8      0x800 ./Core/Src/myaudio.o
 .bss.recordBuffer
                0x000000002002e3c8      0x800 ./Core/Src/myaudio.o
 .bss.haudio_in_sai
                0x000000002002ebc8       0x84 ./Core/Src/myaudio.o
 .bss.haudio_out_sai
                0x000000002002ec4c       0x84 ./Core/Src/myaudio.o
 .bss.audio_rec_buffer_state
                0x000000002002ecd0        0x4 ./Core/Src/myaudio.o
 .bss.hdma_sai_tx.1
                0x000000002002ecd4       0x60 ./Core/Src/myaudio.o
 .bss.hdma_sai_rx.0
                0x000000002002ed34       0x60 ./Core/Src/myaudio.o
 .bss.outputEnabled
                0x000000002002ed94        0x4 ./Drivers/BSP/Components/wm8994/wm8994.o
 .bss.inputEnabled
                0x000000002002ed98        0x4 ./Drivers/BSP/Components/wm8994/wm8994.o
 .bss.hI2cAudioHandler
                0x000000002002ed9c       0x4c ./Drivers/BSP/STM32F769I-Discovery/stm32f769i_discovery.o
 .bss.uwTick    0x000000002002ede8        0x4 ./Drivers/STM32F7xx_HAL_Driver/Src/stm32f7xx_hal.o
                0x000000002002ede8                uwTick
 .bss.__sf      0x000000002002edec      0x138 /Applications/STM32CubeIDE.app/Contents/Eclipse/plugins/com.st.stm32cube.ide.mcu.externaltools.gnu-tools-for-stm32.11.3.rel1.macos64_1.1.100.202310310803/tools/bin/../lib/gcc/arm-none-eabi/11.3.1/../../../../arm-none-eabi/lib/thumb/v7e-m+dp/hard/libc_nano.a(libc_a-findfp.o)
                0x000000002002edec                __sf
 *(COMMON)
                0x000000002002ef24                . = ALIGN (0x4)
                0x000000002002ef24                _ebss = .
                0x000000002002ef24                __bss_end__ = _ebss

._user_heap_stack
                0x000000002002ef24      0x604 load address 0x0000000008007d1c
                0x000000002002ef28                . = ALIGN (0x8)
 *fill*         0x000000002002ef24        0x4 
                0x000000002002ef28                PROVIDE (end = .)
                [!provide]                        PROVIDE (_end = .)
                0x000000002002f128                . = (. + _Min_Heap_Size)
 *fill*         0x000000002002ef28      0x200 
                0x000000002002f528                . = (. + _Min_Stack_Size)
 *fill*         0x000000002002f128      0x400 
                0x000000002002f528                . = ALIGN (0x8)

/DISCARD/
 libc.a(*)
 libm.a(*)
 libgcc.a(*)

.ARM.attributes
                0x0000000000000000       0x2e
 *(.ARM.attributes)
 .ARM.attributes
                0x0000000000000000       0x1e /Applications/STM32CubeIDE.app/Contents/Eclipse/plugins/com.st.stm32cube.ide.mcu.externaltools.gnu-tools-for-stm32.11.3.rel1.macos64_1.1.100.202310310803/tools/bin/../lib/gcc/arm-none-eabi/11.3.1/thumb/v7e-m+dp/hard/crti.o
 .ARM.attributes
                0x000000000000001e       0x32 /Applications/STM32CubeIDE.app/Contents/Eclipse/plugins/com.st.stm32cube.ide.mcu.externaltools.gnu-tools-for-stm32.11.3.rel1.macos64_1.1.100.202310310803/tools/bin/../lib/gcc/arm-none-eabi/11.3.1/thumb/v7e-m+dp/hard/crtbegin.o
 .ARM.attributes
                0x0000000000000050       0x32 ./Core/Src/ece5210.o
 .ARM.attributes
                0x0000000000000082       0x32 ./Core/Src/main.o
 .ARM.attributes
                0x00000000000000b4       0x32 ./Core/Src/myaudio.o
 .ARM.attributes
                0x00000000000000e6       0x32 ./Core/Src/stm32f7xx_hal_msp.o
 .ARM.attributes
                0x0000000000000118       0x32 ./Core/Src/stm32f7xx_it.o
 .ARM.attributes
                0x000000000000014a       0x32 ./Core/Src/system_stm32f7xx.o
 .ARM.attributes
                0x000000000000017c       0x21 ./Core/Startup/startup_stm32f769nihx.o
 .ARM.attributes
                0x000000000000019d       0x32 ./Drivers/BSP/Components/wm8994/wm8994.o
 .ARM.attributes
                0x00000000000001cf       0x32 ./Drivers/BSP/STM32F769I-Discovery/stm32f769i_discovery.o
 .ARM.attributes
                0x0000000000000201       0x32 ./Drivers/STM32F7xx_HAL_Driver/Src/stm32f7xx_hal.o
 .ARM.attributes
                0x0000000000000233       0x32 ./Drivers/STM32F7xx_HAL_Driver/Src/stm32f7xx_hal_cortex.o
 .ARM.attributes
                0x0000000000000265       0x32 ./Drivers/STM32F7xx_HAL_Driver/Src/stm32f7xx_hal_dma.o
 .ARM.attributes
                0x0000000000000297       0x32 ./Drivers/STM32F7xx_HAL_Driver/Src/stm32f7xx_hal_gpio.o
 .ARM.attributes
                0x00000000000002c9       0x32 ./Drivers/STM32F7xx_HAL_Driver/Src/stm32f7xx_hal_i2c.o
 .ARM.attributes
                0x00000000000002fb       0x32 ./Drivers/STM32F7xx_HAL_Driver/Src/stm32f7xx_hal_pwr_ex.o
 .ARM.attributes
                0x000000000000032d       0x32 ./Drivers/STM32F7xx_HAL_Driver/Src/stm32f7xx_hal_rcc.o
 .ARM.attributes
                0x000000000000035f       0x32 ./Drivers/STM32F7xx_HAL_Driver/Src/stm32f7xx_hal_rcc_ex.o
 .ARM.attributes
                0x0000000000000391       0x32 ./Drivers/STM32F7xx_HAL_Driver/Src/stm32f7xx_hal_sai.o
 .ARM.attributes
                0x00000000000003c3       0x32 /Applications/STM32CubeIDE.app/Contents/Eclipse/plugins/com.st.stm32cube.ide.mcu.externaltools.gnu-tools-for-stm32.11.3.rel1.macos64_1.1.100.202310310803/tools/bin/../lib/gcc/arm-none-eabi/11.3.1/../../../../arm-none-eabi/lib/thumb/v7e-m+dp/hard/libc_nano.a(libc_a-findfp.o)
 .ARM.attributes
                0x00000000000003f5       0x32 /Applications/STM32CubeIDE.app/Contents/Eclipse/plugins/com.st.stm32cube.ide.mcu.externaltools.gnu-tools-for-stm32.11.3.rel1.macos64_1.1.100.202310310803/tools/bin/../lib/gcc/arm-none-eabi/11.3.1/../../../../arm-none-eabi/lib/thumb/v7e-m+dp/hard/libc_nano.a(libc_a-impure.o)
 .ARM.attributes
                0x0000000000000427       0x32 /Applications/STM32CubeIDE.app/Contents/Eclipse/plugins/com.st.stm32cube.ide.mcu.externaltools.gnu-tools-for-stm32.11.3.rel1.macos64_1.1.100.202310310803/tools/bin/../lib/gcc/arm-none-eabi/11.3.1/../../../../arm-none-eabi/lib/thumb/v7e-m+dp/hard/libc_nano.a(libc_a-errno.o)
 .ARM.attributes
                0x0000000000000459       0x32 /Applications/STM32CubeIDE.app/Contents/Eclipse/plugins/com.st.stm32cube.ide.mcu.externaltools.gnu-tools-for-stm32.11.3.rel1.macos64_1.1.100.202310310803/tools/bin/../lib/gcc/arm-none-eabi/11.3.1/../../../../arm-none-eabi/lib/thumb/v7e-m+dp/hard/libc_nano.a(libc_a-init.o)
 .ARM.attributes
                0x000000000000048b       0x32 /Applications/STM32CubeIDE.app/Contents/Eclipse/plugins/com.st.stm32cube.ide.mcu.externaltools.gnu-tools-for-stm32.11.3.rel1.macos64_1.1.100.202310310803/tools/bin/../lib/gcc/arm-none-eabi/11.3.1/../../../../arm-none-eabi/lib/thumb/v7e-m+dp/hard/libm.a(libm_a-sinf.o)
 .ARM.attributes
                0x00000000000004bd       0x32 /Applications/STM32CubeIDE.app/Contents/Eclipse/plugins/com.st.stm32cube.ide.mcu.externaltools.gnu-tools-for-stm32.11.3.rel1.macos64_1.1.100.202310310803/tools/bin/../lib/gcc/arm-none-eabi/11.3.1/../../../../arm-none-eabi/lib/thumb/v7e-m+dp/hard/libm.a(libm_a-cosf.o)
 .ARM.attributes
                0x00000000000004ef       0x32 /Applications/STM32CubeIDE.app/Contents/Eclipse/plugins/com.st.stm32cube.ide.mcu.externaltools.gnu-tools-for-stm32.11.3.rel1.macos64_1.1.100.202310310803/tools/bin/../lib/gcc/arm-none-eabi/11.3.1/../../../../arm-none-eabi/lib/thumb/v7e-m+dp/hard/libm.a(libm_a-sincosf_data.o)
 .ARM.attributes
                0x0000000000000521       0x32 /Applications/STM32CubeIDE.app/Contents/Eclipse/plugins/com.st.stm32cube.ide.mcu.externaltools.gnu-tools-for-stm32.11.3.rel1.macos64_1.1.100.202310310803/tools/bin/../lib/gcc/arm-none-eabi/11.3.1/../../../../arm-none-eabi/lib/thumb/v7e-m+dp/hard/libm.a(libm_a-math_errf.o)
 .ARM.attributes
                0x0000000000000553       0x1e /Applications/STM32CubeIDE.app/Contents/Eclipse/plugins/com.st.stm32cube.ide.mcu.externaltools.gnu-tools-for-stm32.11.3.rel1.macos64_1.1.100.202310310803/tools/bin/../lib/gcc/arm-none-eabi/11.3.1/thumb/v7e-m+dp/hard/libgcc.a(_arm_addsubdf3.o)
 .ARM.attributes
                0x0000000000000571       0x1e /Applications/STM32CubeIDE.app/Contents/Eclipse/plugins/com.st.stm32cube.ide.mcu.externaltools.gnu-tools-for-stm32.11.3.rel1.macos64_1.1.100.202310310803/tools/bin/../lib/gcc/arm-none-eabi/11.3.1/thumb/v7e-m+dp/hard/crtn.o
OUTPUT(ece5210-polyphase-repo.elf elf32-littlearm)
LOAD linker stubs
LOAD /Applications/STM32CubeIDE.app/Contents/Eclipse/plugins/com.st.stm32cube.ide.mcu.externaltools.gnu-tools-for-stm32.11.3.rel1.macos64_1.1.100.202310310803/tools/bin/../lib/gcc/arm-none-eabi/11.3.1/../../../../arm-none-eabi/lib/thumb/v7e-m+dp/hard/libc.a
LOAD /Applications/STM32CubeIDE.app/Contents/Eclipse/plugins/com.st.stm32cube.ide.mcu.externaltools.gnu-tools-for-stm32.11.3.rel1.macos64_1.1.100.202310310803/tools/bin/../lib/gcc/arm-none-eabi/11.3.1/../../../../arm-none-eabi/lib/thumb/v7e-m+dp/hard/libm.a
LOAD /Applications/STM32CubeIDE.app/Contents/Eclipse/plugins/com.st.stm32cube.ide.mcu.externaltools.gnu-tools-for-stm32.11.3.rel1.macos64_1.1.100.202310310803/tools/bin/../lib/gcc/arm-none-eabi/11.3.1/thumb/v7e-m+dp/hard/libgcc.a

.comment        0x0000000000000000       0x43
 .comment       0x0000000000000000       0x43 /Applications/STM32CubeIDE.app/Contents/Eclipse/plugins/com.st.stm32cube.ide.mcu.externaltools.gnu-tools-for-stm32.11.3.rel1.macos64_1.1.100.202310310803/tools/bin/../lib/gcc/arm-none-eabi/11.3.1/thumb/v7e-m+dp/hard/crtbegin.o
                                         0x44 (size before relaxing)
 .comment       0x0000000000000043       0x44 ./Core/Src/ece5210.o
 .comment       0x0000000000000043       0x44 ./Core/Src/main.o
 .comment       0x0000000000000043       0x44 ./Core/Src/myaudio.o
 .comment       0x0000000000000043       0x44 ./Core/Src/stm32f7xx_hal_msp.o
 .comment       0x0000000000000043       0x44 ./Core/Src/stm32f7xx_it.o
 .comment       0x0000000000000043       0x44 ./Core/Src/system_stm32f7xx.o
 .comment       0x0000000000000043       0x44 ./Drivers/BSP/Components/wm8994/wm8994.o
 .comment       0x0000000000000043       0x44 ./Drivers/BSP/STM32F769I-Discovery/stm32f769i_discovery.o
 .comment       0x0000000000000043       0x44 ./Drivers/STM32F7xx_HAL_Driver/Src/stm32f7xx_hal.o
 .comment       0x0000000000000043       0x44 ./Drivers/STM32F7xx_HAL_Driver/Src/stm32f7xx_hal_cortex.o
 .comment       0x0000000000000043       0x44 ./Drivers/STM32F7xx_HAL_Driver/Src/stm32f7xx_hal_dma.o
 .comment       0x0000000000000043       0x44 ./Drivers/STM32F7xx_HAL_Driver/Src/stm32f7xx_hal_gpio.o
 .comment       0x0000000000000043       0x44 ./Drivers/STM32F7xx_HAL_Driver/Src/stm32f7xx_hal_i2c.o
 .comment       0x0000000000000043       0x44 ./Drivers/STM32F7xx_HAL_Driver/Src/stm32f7xx_hal_pwr_ex.o
 .comment       0x0000000000000043       0x44 ./Drivers/STM32F7xx_HAL_Driver/Src/stm32f7xx_hal_rcc.o
 .comment       0x0000000000000043       0x44 ./Drivers/STM32F7xx_HAL_Driver/Src/stm32f7xx_hal_rcc_ex.o
 .comment       0x0000000000000043       0x44 ./Drivers/STM32F7xx_HAL_Driver/Src/stm32f7xx_hal_sai.o

.debug_info     0x0000000000000000     0xc51b
 .debug_info    0x0000000000000000      0x599 ./Core/Src/ece5210.o
 .debug_info    0x0000000000000599      0xaf5 ./Core/Src/main.o
 .debug_info    0x000000000000108e     0x14a2 ./Core/Src/myaudio.o
 .debug_info    0x0000000000002530      0x3ae ./Core/Src/stm32f7xx_hal_msp.o
 .debug_info    0x00000000000028de       0xa2 ./Core/Src/stm32f7xx_it.o
 .debug_info    0x0000000000002980      0x6f4 ./Core/Src/system_stm32f7xx.o
 .debug_info    0x0000000000003074       0x23 ./Core/Startup/startup_stm32f769nihx.o
 .debug_info    0x0000000000003097      0x5f9 ./Drivers/BSP/Components/wm8994/wm8994.o
 .debug_info    0x0000000000003690     0x16d2 ./Drivers/BSP/STM32F769I-Discovery/stm32f769i_discovery.o
 .debug_info    0x0000000000004d62      0x92b ./Drivers/STM32F7xx_HAL_Driver/Src/stm32f7xx_hal.o
 .debug_info    0x000000000000568d      0xf8c ./Drivers/STM32F7xx_HAL_Driver/Src/stm32f7xx_hal_cortex.o
 .debug_info    0x0000000000006619      0x8ee ./Drivers/STM32F7xx_HAL_Driver/Src/stm32f7xx_hal_dma.o
 .debug_info    0x0000000000006f07      0x6e8 ./Drivers/STM32F7xx_HAL_Driver/Src/stm32f7xx_hal_gpio.o
 .debug_info    0x00000000000075ef     0x1bb7 ./Drivers/STM32F7xx_HAL_Driver/Src/stm32f7xx_hal_i2c.o
 .debug_info    0x00000000000091a6      0x907 ./Drivers/STM32F7xx_HAL_Driver/Src/stm32f7xx_hal_pwr_ex.o
 .debug_info    0x0000000000009aad      0xb19 ./Drivers/STM32F7xx_HAL_Driver/Src/stm32f7xx_hal_rcc.o
 .debug_info    0x000000000000a5c6      0xdfc ./Drivers/STM32F7xx_HAL_Driver/Src/stm32f7xx_hal_rcc_ex.o
 .debug_info    0x000000000000b3c2     0x1159 ./Drivers/STM32F7xx_HAL_Driver/Src/stm32f7xx_hal_sai.o

.debug_abbrev   0x0000000000000000     0x22fb
 .debug_abbrev  0x0000000000000000      0x1c1 ./Core/Src/ece5210.o
 .debug_abbrev  0x00000000000001c1      0x1fb ./Core/Src/main.o
 .debug_abbrev  0x00000000000003bc      0x2ed ./Core/Src/myaudio.o
 .debug_abbrev  0x00000000000006a9       0x97 ./Core/Src/stm32f7xx_hal_msp.o
 .debug_abbrev  0x0000000000000740       0x6b ./Core/Src/stm32f7xx_it.o
 .debug_abbrev  0x00000000000007ab      0x13b ./Core/Src/system_stm32f7xx.o
 .debug_abbrev  0x00000000000008e6       0x12 ./Core/Startup/startup_stm32f769nihx.o
 .debug_abbrev  0x00000000000008f8      0x1af ./Drivers/BSP/Components/wm8994/wm8994.o
 .debug_abbrev  0x0000000000000aa7      0x308 ./Drivers/BSP/STM32F769I-Discovery/stm32f769i_discovery.o
 .debug_abbrev  0x0000000000000daf      0x1f7 ./Drivers/STM32F7xx_HAL_Driver/Src/stm32f7xx_hal.o
 .debug_abbrev  0x0000000000000fa6      0x30d ./Drivers/STM32F7xx_HAL_Driver/Src/stm32f7xx_hal_cortex.o
 .debug_abbrev  0x00000000000012b3      0x264 ./Drivers/STM32F7xx_HAL_Driver/Src/stm32f7xx_hal_dma.o
 .debug_abbrev  0x0000000000001517      0x1d5 ./Drivers/STM32F7xx_HAL_Driver/Src/stm32f7xx_hal_gpio.o
 .debug_abbrev  0x00000000000016ec      0x276 ./Drivers/STM32F7xx_HAL_Driver/Src/stm32f7xx_hal_i2c.o
 .debug_abbrev  0x0000000000001962      0x1fc ./Drivers/STM32F7xx_HAL_Driver/Src/stm32f7xx_hal_pwr_ex.o
 .debug_abbrev  0x0000000000001b5e      0x2df ./Drivers/STM32F7xx_HAL_Driver/Src/stm32f7xx_hal_rcc.o
 .debug_abbrev  0x0000000000001e3d      0x216 ./Drivers/STM32F7xx_HAL_Driver/Src/stm32f7xx_hal_rcc_ex.o
 .debug_abbrev  0x0000000000002053      0x2a8 ./Drivers/STM32F7xx_HAL_Driver/Src/stm32f7xx_hal_sai.o

.debug_aranges  0x0000000000000000      0xb58
 .debug_aranges
                0x0000000000000000       0x60 ./Core/Src/ece5210.o
 .debug_aranges
                0x0000000000000060       0x30 ./Core/Src/main.o
 .debug_aranges
                0x0000000000000090       0x98 ./Core/Src/myaudio.o
 .debug_aranges
                0x0000000000000128       0x20 ./Core/Src/stm32f7xx_hal_msp.o
 .debug_aranges
                0x0000000000000148       0x20 ./Core/Src/stm32f7xx_it.o
 .debug_aranges
                0x0000000000000168       0x28 ./Core/Src/system_stm32f7xx.o
 .debug_aranges
                0x0000000000000190       0x28 ./Core/Startup/startup_stm32f769nihx.o
 .debug_aranges
                0x00000000000001b8       0x80 ./Drivers/BSP/Components/wm8994/wm8994.o
 .debug_aranges
                0x0000000000000238      0x130 ./Drivers/BSP/STM32F769I-Discovery/stm32f769i_discovery.o
 .debug_aranges
                0x0000000000000368       0xe0 ./Drivers/STM32F7xx_HAL_Driver/Src/stm32f7xx_hal.o
 .debug_aranges
                0x0000000000000448      0x118 ./Drivers/STM32F7xx_HAL_Driver/Src/stm32f7xx_hal_cortex.o
 .debug_aranges
                0x0000000000000560       0x90 ./Drivers/STM32F7xx_HAL_Driver/Src/stm32f7xx_hal_dma.o
 .debug_aranges
                0x00000000000005f0       0x58 ./Drivers/STM32F7xx_HAL_Driver/Src/stm32f7xx_hal_gpio.o
 .debug_aranges
                0x0000000000000648      0x260 ./Drivers/STM32F7xx_HAL_Driver/Src/stm32f7xx_hal_i2c.o
 .debug_aranges
                0x00000000000008a8       0x80 ./Drivers/STM32F7xx_HAL_Driver/Src/stm32f7xx_hal_pwr_ex.o
 .debug_aranges
                0x0000000000000928       0x88 ./Drivers/STM32F7xx_HAL_Driver/Src/stm32f7xx_hal_rcc.o
 .debug_aranges
                0x00000000000009b0       0x30 ./Drivers/STM32F7xx_HAL_Driver/Src/stm32f7xx_hal_rcc_ex.o
 .debug_aranges
                0x00000000000009e0      0x178 ./Drivers/STM32F7xx_HAL_Driver/Src/stm32f7xx_hal_sai.o

.debug_rnglists
                0x0000000000000000      0x89f
 .debug_rnglists
                0x0000000000000000       0x4a ./Core/Src/ece5210.o
 .debug_rnglists
                0x000000000000004a       0x20 ./Core/Src/main.o
 .debug_rnglists
                0x000000000000006a       0x73 ./Core/Src/myaudio.o
 .debug_rnglists
                0x00000000000000dd       0x13 ./Core/Src/stm32f7xx_hal_msp.o
 .debug_rnglists
                0x00000000000000f0       0x13 ./Core/Src/stm32f7xx_it.o
 .debug_rnglists
                0x0000000000000103       0x1a ./Core/Src/system_stm32f7xx.o
 .debug_rnglists
                0x000000000000011d       0x19 ./Core/Startup/startup_stm32f769nihx.o
 .debug_rnglists
                0x0000000000000136       0x61 ./Drivers/BSP/Components/wm8994/wm8994.o
 .debug_rnglists
                0x0000000000000197       0xe1 ./Drivers/BSP/STM32F769I-Discovery/stm32f769i_discovery.o
 .debug_rnglists
                0x0000000000000278       0xa3 ./Drivers/STM32F7xx_HAL_Driver/Src/stm32f7xx_hal.o
 .debug_rnglists
                0x000000000000031b       0xce ./Drivers/STM32F7xx_HAL_Driver/Src/stm32f7xx_hal_cortex.o
 .debug_rnglists
                0x00000000000003e9       0x70 ./Drivers/STM32F7xx_HAL_Driver/Src/stm32f7xx_hal_dma.o
 .debug_rnglists
                0x0000000000000459       0x3f ./Drivers/STM32F7xx_HAL_Driver/Src/stm32f7xx_hal_gpio.o
 .debug_rnglists
                0x0000000000000498      0x1ee ./Drivers/STM32F7xx_HAL_Driver/Src/stm32f7xx_hal_i2c.o
 .debug_rnglists
                0x0000000000000686       0x5f ./Drivers/STM32F7xx_HAL_Driver/Src/stm32f7xx_hal_pwr_ex.o
 .debug_rnglists
                0x00000000000006e5       0x67 ./Drivers/STM32F7xx_HAL_Driver/Src/stm32f7xx_hal_rcc.o
 .debug_rnglists
                0x000000000000074c       0x22 ./Drivers/STM32F7xx_HAL_Driver/Src/stm32f7xx_hal_rcc_ex.o
 .debug_rnglists
                0x000000000000076e      0x131 ./Drivers/STM32F7xx_HAL_Driver/Src/stm32f7xx_hal_sai.o

.debug_macro    0x0000000000000000    0x2ddbb
 .debug_macro   0x0000000000000000      0x1bc ./Core/Src/ece5210.o
 .debug_macro   0x00000000000001bc      0xac0 ./Core/Src/ece5210.o
 .debug_macro   0x0000000000000c7c       0x22 ./Core/Src/ece5210.o
 .debug_macro   0x0000000000000c9e       0x8e ./Core/Src/ece5210.o
 .debug_macro   0x0000000000000d2c       0x51 ./Core/Src/ece5210.o
 .debug_macro   0x0000000000000d7d      0x103 ./Core/Src/ece5210.o
 .debug_macro   0x0000000000000e80       0x6a ./Core/Src/ece5210.o
 .debug_macro   0x0000000000000eea      0x1df ./Core/Src/ece5210.o
 .debug_macro   0x00000000000010c9       0x16 ./Core/Src/ece5210.o
 .debug_macro   0x00000000000010df       0x61 ./Core/Src/ece5210.o
 .debug_macro   0x0000000000001140       0x29 ./Core/Src/ece5210.o
 .debug_macro   0x0000000000001169       0x43 ./Core/Src/ece5210.o
 .debug_macro   0x00000000000011ac       0x34 ./Core/Src/ece5210.o
 .debug_macro   0x00000000000011e0       0x16 ./Core/Src/ece5210.o
 .debug_macro   0x00000000000011f6       0x97 ./Core/Src/ece5210.o
 .debug_macro   0x000000000000128d      0x369 ./Core/Src/ece5210.o
 .debug_macro   0x00000000000015f6       0xfd ./Core/Src/ece5210.o
 .debug_macro   0x00000000000016f3       0x10 ./Core/Src/ece5210.o
 .debug_macro   0x0000000000001703       0x16 ./Core/Src/ece5210.o
 .debug_macro   0x0000000000001719       0x43 ./Core/Src/ece5210.o
 .debug_macro   0x000000000000175c       0x34 ./Core/Src/ece5210.o
 .debug_macro   0x0000000000001790       0x10 ./Core/Src/ece5210.o
 .debug_macro   0x00000000000017a0       0x58 ./Core/Src/ece5210.o
 .debug_macro   0x00000000000017f8       0x8e ./Core/Src/ece5210.o
 .debug_macro   0x0000000000001886       0x1c ./Core/Src/ece5210.o
 .debug_macro   0x00000000000018a2      0x177 ./Core/Src/ece5210.o
 .debug_macro   0x0000000000001a19       0x16 ./Core/Src/ece5210.o
 .debug_macro   0x0000000000001a2f       0x16 ./Core/Src/ece5210.o
 .debug_macro   0x0000000000001a45      0x147 ./Core/Src/ece5210.o
 .debug_macro   0x0000000000001b8c       0x16 ./Core/Src/ece5210.o
 .debug_macro   0x0000000000001ba2       0x35 ./Core/Src/ece5210.o
 .debug_macro   0x0000000000001bd7       0x20 ./Core/Src/ece5210.o
 .debug_macro   0x0000000000001bf7      0x19b ./Core/Src/ece5210.o
 .debug_macro   0x0000000000001d92      0x2d1 ./Core/Src/main.o
 .debug_macro   0x0000000000002063      0x84a ./Core/Src/main.o
 .debug_macro   0x00000000000028ad      0x185 ./Core/Src/main.o
 .debug_macro   0x0000000000002a32       0x2e ./Core/Src/main.o
 .debug_macro   0x0000000000002a60       0x3b ./Core/Src/main.o
 .debug_macro   0x0000000000002a9b       0x35 ./Core/Src/main.o
 .debug_macro   0x0000000000002ad0       0x50 ./Core/Src/main.o
 .debug_macro   0x0000000000002b20     0x1114 ./Core/Src/main.o
 .debug_macro   0x0000000000003c34    0x1f9e8 ./Core/Src/main.o
 .debug_macro   0x000000000002361c       0x43 ./Core/Src/main.o
 .debug_macro   0x000000000002365f     0x35c8 ./Core/Src/main.o
 .debug_macro   0x0000000000026c27       0x57 ./Core/Src/main.o
 .debug_macro   0x0000000000026c7e     0x1b3f ./Core/Src/main.o
 .debug_macro   0x00000000000287bd      0x6a2 ./Core/Src/main.o
 .debug_macro   0x0000000000028e5f      0x11e ./Core/Src/main.o
 .debug_macro   0x0000000000028f7d      0x27e ./Core/Src/main.o
 .debug_macro   0x00000000000291fb       0x27 ./Core/Src/main.o
 .debug_macro   0x0000000000029222      0x24f ./Core/Src/main.o
 .debug_macro   0x0000000000029471       0x71 ./Core/Src/main.o
 .debug_macro   0x00000000000294e2       0x58 ./Core/Src/main.o
 .debug_macro   0x000000000002953a      0x23a ./Core/Src/main.o
 .debug_macro   0x0000000000029774      0x156 ./Core/Src/main.o
 .debug_macro   0x00000000000298ca      0x3de ./Core/Src/main.o
 .debug_macro   0x0000000000029ca8       0x12 ./Core/Src/main.o
 .debug_macro   0x0000000000029cba      0x202 ./Core/Src/main.o
 .debug_macro   0x0000000000029ebc       0x61 ./Core/Src/main.o
 .debug_macro   0x0000000000029f1d       0x90 ./Core/Src/main.o
 .debug_macro   0x0000000000029fad      0x133 ./Core/Src/main.o
 .debug_macro   0x000000000002a0e0      0x10c ./Core/Src/main.o
 .debug_macro   0x000000000002a1ec       0x35 ./Core/Src/main.o
 .debug_macro   0x000000000002a221      0x447 ./Core/Src/main.o
 .debug_macro   0x000000000002a668      0x4e8 ./Core/Src/main.o
 .debug_macro   0x000000000002ab50       0x47 ./Core/Src/main.o
 .debug_macro   0x000000000002ab97      0x2a3 ./Core/Src/main.o
 .debug_macro   0x000000000002ae3a      0x158 ./Core/Src/main.o
 .debug_macro   0x000000000002af92      0x1d6 ./Core/Src/main.o
 .debug_macro   0x000000000002b168      0x3d5 ./Core/Src/myaudio.o
 .debug_macro   0x000000000002b53d       0x16 ./Core/Src/myaudio.o
 .debug_macro   0x000000000002b553       0xbe ./Core/Src/myaudio.o
 .debug_macro   0x000000000002b611       0x1c ./Core/Src/myaudio.o
 .debug_macro   0x000000000002b62d      0x2ba ./Core/Src/stm32f7xx_hal_msp.o
 .debug_macro   0x000000000002b8e7      0x2c4 ./Core/Src/stm32f7xx_it.o
 .debug_macro   0x000000000002bbab      0x2b1 ./Core/Src/system_stm32f7xx.o
 .debug_macro   0x000000000002be5c       0x81 ./Drivers/BSP/Components/wm8994/wm8994.o
 .debug_macro   0x000000000002bedd       0x10 ./Drivers/BSP/Components/wm8994/wm8994.o
 .debug_macro   0x000000000002beed      0x2e7 ./Drivers/BSP/STM32F769I-Discovery/stm32f769i_discovery.o
 .debug_macro   0x000000000002c1d4      0x1d0 ./Drivers/BSP/STM32F769I-Discovery/stm32f769i_discovery.o
 .debug_macro   0x000000000002c3a4      0x2de ./Drivers/STM32F7xx_HAL_Driver/Src/stm32f7xx_hal.o
 .debug_macro   0x000000000002c682      0x2ba ./Drivers/STM32F7xx_HAL_Driver/Src/stm32f7xx_hal_cortex.o
 .debug_macro   0x000000000002c93c      0x2c1 ./Drivers/STM32F7xx_HAL_Driver/Src/stm32f7xx_hal_dma.o
 .debug_macro   0x000000000002cbfd      0x2f2 ./Drivers/STM32F7xx_HAL_Driver/Src/stm32f7xx_hal_gpio.o
 .debug_macro   0x000000000002ceef      0x386 ./Drivers/STM32F7xx_HAL_Driver/Src/stm32f7xx_hal_i2c.o
 .debug_macro   0x000000000002d275      0x2d2 ./Drivers/STM32F7xx_HAL_Driver/Src/stm32f7xx_hal_pwr_ex.o
 .debug_macro   0x000000000002d547      0x2de ./Drivers/STM32F7xx_HAL_Driver/Src/stm32f7xx_hal_rcc.o
 .debug_macro   0x000000000002d825      0x2c6 ./Drivers/STM32F7xx_HAL_Driver/Src/stm32f7xx_hal_rcc_ex.o
 .debug_macro   0x000000000002daeb      0x2d0 ./Drivers/STM32F7xx_HAL_Driver/Src/stm32f7xx_hal_sai.o

.debug_line     0x0000000000000000     0xf8e5
 .debug_line    0x0000000000000000      0x858 ./Core/Src/ece5210.o
 .debug_line    0x0000000000000858      0x922 ./Core/Src/main.o
 .debug_line    0x000000000000117a      0xc2a ./Core/Src/myaudio.o
 .debug_line    0x0000000000001da4      0x850 ./Core/Src/stm32f7xx_hal_msp.o
 .debug_line    0x00000000000025f4      0x857 ./Core/Src/stm32f7xx_it.o
 .debug_line    0x0000000000002e4b      0x8e2 ./Core/Src/system_stm32f7xx.o
 .debug_line    0x000000000000372d       0x7a ./Core/Startup/startup_stm32f769nihx.o
 .debug_line    0x00000000000037a7      0xad6 ./Drivers/BSP/Components/wm8994/wm8994.o
 .debug_line    0x000000000000427d      0xcc1 ./Drivers/BSP/STM32F769I-Discovery/stm32f769i_discovery.o
 .debug_line    0x0000000000004f3e      0xacb ./Drivers/STM32F7xx_HAL_Driver/Src/stm32f7xx_hal.o
 .debug_line    0x0000000000005a09      0xdd0 ./Drivers/STM32F7xx_HAL_Driver/Src/stm32f7xx_hal_cortex.o
 .debug_line    0x00000000000067d9     0x10ab ./Drivers/STM32F7xx_HAL_Driver/Src/stm32f7xx_hal_dma.o
 .debug_line    0x0000000000007884      0xcd5 ./Drivers/STM32F7xx_HAL_Driver/Src/stm32f7xx_hal_gpio.o
 .debug_line    0x0000000000008559     0x2c43 ./Drivers/STM32F7xx_HAL_Driver/Src/stm32f7xx_hal_i2c.o
 .debug_line    0x000000000000b19c      0xae5 ./Drivers/STM32F7xx_HAL_Driver/Src/stm32f7xx_hal_pwr_ex.o
 .debug_line    0x000000000000bc81      0xfbc ./Drivers/STM32F7xx_HAL_Driver/Src/stm32f7xx_hal_rcc.o
 .debug_line    0x000000000000cc3d     0x12a1 ./Drivers/STM32F7xx_HAL_Driver/Src/stm32f7xx_hal_rcc_ex.o
 .debug_line    0x000000000000dede     0x1a07 ./Drivers/STM32F7xx_HAL_Driver/Src/stm32f7xx_hal_sai.o

.debug_str      0x0000000000000000   0x10d717
 .debug_str     0x0000000000000000     0x8083 ./Core/Src/ece5210.o
                                       0x8296 (size before relaxing)
 .debug_str     0x0000000000008083   0x1015ee ./Core/Src/main.o
                                     0x108f81 (size before relaxing)
 .debug_str     0x0000000000109671     0x13f0 ./Core/Src/myaudio.o
                                     0x1096b7 (size before relaxing)
 .debug_str     0x000000000010aa61       0x49 ./Core/Src/stm32f7xx_hal_msp.o
                                     0x107da2 (size before relaxing)
 .debug_str     0x000000000010aaaa       0x60 ./Core/Src/stm32f7xx_it.o
                                     0x10773e (size before relaxing)
 .debug_str     0x000000000010ab0a      0x1b9 ./Core/Src/system_stm32f7xx.o
                                     0x106831 (size before relaxing)
 .debug_str     0x000000000010acc3       0x34 ./Core/Startup/startup_stm32f769nihx.o
                                         0x89 (size before relaxing)
 .debug_str     0x000000000010acf7      0x1e1 ./Drivers/BSP/Components/wm8994/wm8994.o
                                       0x4473 (size before relaxing)
 .debug_str     0x000000000010aed8      0x763 ./Drivers/BSP/STM32F769I-Discovery/stm32f769i_discovery.o
                                     0x109613 (size before relaxing)
 .debug_str     0x000000000010b63b      0x339 ./Drivers/STM32F7xx_HAL_Driver/Src/stm32f7xx_hal.o
                                     0x10831b (size before relaxing)
 .debug_str     0x000000000010b974      0x301 ./Drivers/STM32F7xx_HAL_Driver/Src/stm32f7xx_hal_cortex.o
                                     0x1083aa (size before relaxing)
 .debug_str     0x000000000010bc75      0x2fe ./Drivers/STM32F7xx_HAL_Driver/Src/stm32f7xx_hal_dma.o
                                     0x107d00 (size before relaxing)
 .debug_str     0x000000000010bf73      0x1e7 ./Drivers/STM32F7xx_HAL_Driver/Src/stm32f7xx_hal_gpio.o
                                     0x107b80 (size before relaxing)
 .debug_str     0x000000000010c15a      0xced ./Drivers/STM32F7xx_HAL_Driver/Src/stm32f7xx_hal_i2c.o
                                     0x108a19 (size before relaxing)
 .debug_str     0x000000000010ce47      0x1dd ./Drivers/STM32F7xx_HAL_Driver/Src/stm32f7xx_hal_pwr_ex.o
                                     0x107c3c (size before relaxing)
 .debug_str     0x000000000010d024      0x234 ./Drivers/STM32F7xx_HAL_Driver/Src/stm32f7xx_hal_rcc.o
                                     0x107d12 (size before relaxing)
 .debug_str     0x000000000010d258       0xde ./Drivers/STM32F7xx_HAL_Driver/Src/stm32f7xx_hal_rcc_ex.o
                                     0x107c71 (size before relaxing)
 .debug_str     0x000000000010d336      0x3e1 ./Drivers/STM32F7xx_HAL_Driver/Src/stm32f7xx_hal_sai.o
                                     0x108139 (size before relaxing)

.debug_frame    0x0000000000000000     0x3060
 .debug_frame   0x0000000000000000      0x190 ./Core/Src/ece5210.o
 .debug_frame   0x0000000000000190       0x70 ./Core/Src/main.o
 .debug_frame   0x0000000000000200      0x240 ./Core/Src/myaudio.o
 .debug_frame   0x0000000000000440       0x2c ./Core/Src/stm32f7xx_hal_msp.o
 .debug_frame   0x000000000000046c       0x2c ./Core/Src/stm32f7xx_it.o
 .debug_frame   0x0000000000000498       0x58 ./Core/Src/system_stm32f7xx.o
 .debug_frame   0x00000000000004f0      0x1e8 ./Drivers/BSP/Components/wm8994/wm8994.o
 .debug_frame   0x00000000000006d8      0x4d4 ./Drivers/BSP/STM32F769I-Discovery/stm32f769i_discovery.o
 .debug_frame   0x0000000000000bac      0x330 ./Drivers/STM32F7xx_HAL_Driver/Src/stm32f7xx_hal.o
 .debug_frame   0x0000000000000edc      0x498 ./Drivers/STM32F7xx_HAL_Driver/Src/stm32f7xx_hal_cortex.o
 .debug_frame   0x0000000000001374      0x250 ./Drivers/STM32F7xx_HAL_Driver/Src/stm32f7xx_hal_dma.o
 .debug_frame   0x00000000000015c4      0x14c ./Drivers/STM32F7xx_HAL_Driver/Src/stm32f7xx_hal_gpio.o
 .debug_frame   0x0000000000001710      0xafc ./Drivers/STM32F7xx_HAL_Driver/Src/stm32f7xx_hal_i2c.o
 .debug_frame   0x000000000000220c      0x1c8 ./Drivers/STM32F7xx_HAL_Driver/Src/stm32f7xx_hal_pwr_ex.o
 .debug_frame   0x00000000000023d4      0x1fc ./Drivers/STM32F7xx_HAL_Driver/Src/stm32f7xx_hal_rcc.o
 .debug_frame   0x00000000000025d0       0x88 ./Drivers/STM32F7xx_HAL_Driver/Src/stm32f7xx_hal_rcc_ex.o
 .debug_frame   0x0000000000002658      0x698 ./Drivers/STM32F7xx_HAL_Driver/Src/stm32f7xx_hal_sai.o
 .debug_frame   0x0000000000002cf0      0x144 /Applications/STM32CubeIDE.app/Contents/Eclipse/plugins/com.st.stm32cube.ide.mcu.externaltools.gnu-tools-for-stm32.11.3.rel1.macos64_1.1.100.202310310803/tools/bin/../lib/gcc/arm-none-eabi/11.3.1/../../../../arm-none-eabi/lib/thumb/v7e-m+dp/hard/libc_nano.a(libc_a-findfp.o)
 .debug_frame   0x0000000000002e34       0x20 /Applications/STM32CubeIDE.app/Contents/Eclipse/plugins/com.st.stm32cube.ide.mcu.externaltools.gnu-tools-for-stm32.11.3.rel1.macos64_1.1.100.202310310803/tools/bin/../lib/gcc/arm-none-eabi/11.3.1/../../../../arm-none-eabi/lib/thumb/v7e-m+dp/hard/libc_nano.a(libc_a-errno.o)
 .debug_frame   0x0000000000002e54       0x2c /Applications/STM32CubeIDE.app/Contents/Eclipse/plugins/com.st.stm32cube.ide.mcu.externaltools.gnu-tools-for-stm32.11.3.rel1.macos64_1.1.100.202310310803/tools/bin/../lib/gcc/arm-none-eabi/11.3.1/../../../../arm-none-eabi/lib/thumb/v7e-m+dp/hard/libc_nano.a(libc_a-init.o)
 .debug_frame   0x0000000000002e80       0x58 /Applications/STM32CubeIDE.app/Contents/Eclipse/plugins/com.st.stm32cube.ide.mcu.externaltools.gnu-tools-for-stm32.11.3.rel1.macos64_1.1.100.202310310803/tools/bin/../lib/gcc/arm-none-eabi/11.3.1/../../../../arm-none-eabi/lib/thumb/v7e-m+dp/hard/libm.a(libm_a-sinf.o)
 .debug_frame   0x0000000000002ed8       0x50 /Applications/STM32CubeIDE.app/Contents/Eclipse/plugins/com.st.stm32cube.ide.mcu.externaltools.gnu-tools-for-stm32.11.3.rel1.macos64_1.1.100.202310310803/tools/bin/../lib/gcc/arm-none-eabi/11.3.1/../../../../arm-none-eabi/lib/thumb/v7e-m+dp/hard/libm.a(libm_a-cosf.o)
 .debug_frame   0x0000000000002f28       0x8c /Applications/STM32CubeIDE.app/Contents/Eclipse/plugins/com.st.stm32cube.ide.mcu.externaltools.gnu-tools-for-stm32.11.3.rel1.macos64_1.1.100.202310310803/tools/bin/../lib/gcc/arm-none-eabi/11.3.1/../../../../arm-none-eabi/lib/thumb/v7e-m+dp/hard/libm.a(libm_a-math_errf.o)
 .debug_frame   0x0000000000002fb4       0xac /Applications/STM32CubeIDE.app/Contents/Eclipse/plugins/com.st.stm32cube.ide.mcu.externaltools.gnu-tools-for-stm32.11.3.rel1.macos64_1.1.100.202310310803/tools/bin/../lib/gcc/arm-none-eabi/11.3.1/thumb/v7e-m+dp/hard/libgcc.a(_arm_addsubdf3.o)

.debug_line_str
                0x0000000000000000       0x7d
 .debug_line_str
                0x0000000000000000       0x7d ./Core/Startup/startup_stm32f769nihx.o
                                         0x95 (size before relaxing)
